[23:04:26] === 5min BTC 单笔交易  [DRY-RUN] ===
[23:04:26] 入场过滤: 窗口BTC波动<$25 且 冷门方ask<0.30（开窗后105-135s）｜止盈 +100%｜未止盈拿到结算
[23:04:26] BTC喂价: Chainlink on Polygon（https://polygon-bor-rpc.publicnode.com）｜日志: data\logs\trade5m_20260910_230426.log
[23:04:59] [窗口 1] 起点 1789052700（本地 23:04:59），开始持续监测 …
[23:05:02] 市场: Bitcoin Up or Down - September 10, 11:05AM-11:10AM ET  (minSize=5)
[23:05:07] t+    3s  BTC=77277.966 range=  0.000  Up  0.400/ 0.410  Down  0.580/ 0.590  [盘口=REST 簿龄=4.0s/10s WS事件=0(簿0/增量0) 距上次WS=从未] [链上round=55340232221132494126 age=35s]
[23:05:11] t+   10s  BTC=77256.526 range= 21.440  Up  0.460/ 0.480  Down  0.520/ 0.540  [盘口=WS 簿龄=0.1s/10s WS事件=19(簿14/增量0) 距上次WS=0.1s] [链上round=55340232221132494127 age=5s]
[23:05:20] t+   13s  BTC=77256.526 range= 21.440  Up  0.560/ 0.570  Down  0.430/ 0.440  [盘口=REST 簿龄=无/10s WS事件=142(簿100/增量0) 距上次WS=3.1s] [链上round=55340232221132494127 age=14s]
[23:05:23] t+   22s  BTC=77256.526 range= 21.440  Up  0.560/ 0.570  Down  0.430/ 0.440  [盘口=WS 簿龄=0.5s/10s WS事件=162(簿114/增量0) 距上次WS=0.4s] [链上round=55340232221132494127 age=17s]
[23:05:25] t+   25s  BTC=77256.526 range= 21.440  Up  0.550/ 0.560  Down  0.440/ 0.450  [盘口=WS 簿龄=0.7s/10s WS事件=180(簿126/增量0) 距上次WS=0.7s] [链上round=55340232221132494127 age=20s]
[23:05:30] t+   28s  BTC=77256.526 range= 21.440  Up  0.500/ 0.510  Down  0.490/ 0.500  [盘口=WS 簿龄=0.4s/10s WS事件=249(簿174/增量0) 距上次WS=0.3s] [链上round=55340232221132494127 age=24s]
[23:05:32] t+   32s  BTC=77256.526 range= 21.440  Up  0.500/ 0.510  Down  0.490/ 0.500  [盘口=WS 簿龄=0.1s/10s WS事件=279(簿194/增量0) 距上次WS=0.1s] [链上round=55340232221132494127 age=27s]
[23:05:36] t+   35s  BTC=77256.526 range= 21.440  Up  0.500/ 0.510  Down  0.490/ 0.500  [盘口=WS 簿龄=0.8s/10s WS事件=294(簿204/增量0) 距上次WS=0.8s] [链上round=55340232221132494127 age=31s]
[23:05:40] t+   39s  BTC=77289.470 range= 32.944  Up  0.540/ 0.550  Down  0.450/ 0.460  [盘口=WS 簿龄=0.2s/10s WS事件=354(簿246/增量0) 距上次WS=0.1s] [链上round=55340232221132494128 age=2s]
[23:05:43] t+   43s  BTC=77289.470 range= 32.944  Up  0.540/ 0.550  Down  0.450/ 0.460  [盘口=WS 簿龄=0.9s/10s WS事件=361(簿250/增量0) 距上次WS=0.8s] [链上round=55340232221132494128 age=4s]
[23:05:45] t+   45s  BTC=77289.470 range= 32.944  Up  0.520/ 0.540  Down  0.460/ 0.480  [盘口=WS 簿龄=0.7s/10s WS事件=382(簿264/增量0) 距上次WS=0.6s] [链上round=55340232221132494128 age=7s]
[23:05:48] t+   48s  BTC=77289.470 range= 32.944  Up  0.540/ 0.550  Down  0.450/ 0.460  [盘口=WS 簿龄=0.0s/10s WS事件=408(簿282/增量0) 距上次WS=0.0s] [链上round=55340232221132494128 age=10s]
[23:05:51] t+   51s  BTC=77289.470 range= 32.944  Up  0.560/ 0.570  Down  0.430/ 0.440  [盘口=WS 簿龄=0.3s/10s WS事件=426(簿294/增量0) 距上次WS=0.3s] [链上round=55340232221132494128 age=12s]
[23:05:54] t+   53s  BTC=77289.470 range= 32.944  Up  0.560/ 0.570  Down  0.430/ 0.440  [盘口=WS 簿龄=0.2s/10s WS事件=448(簿309/增量0) 距上次WS=0.1s] [链上round=55340232221132494128 age=15s]
[23:05:56] t+   56s  BTC=77289.470 range= 32.944  Up  0.580/ 0.590  Down  0.410/ 0.420  [盘口=WS 簿龄=0.3s/10s WS事件=488(簿336/增量0) 距上次WS=0.3s] [链上round=55340232221132494128 age=18s]
[23:06:03] t+   59s  BTC=77289.470 range= 32.944  Up  0.680/ 0.690  Down  0.310/ 0.320  [盘口=WS 簿龄=0.0s/10s WS事件=598(簿412/增量0) 距上次WS=0.0s] [链上round=55340232221132494128 age=24s]
[23:06:05] t+   65s  BTC=77289.470 range= 32.944  Up  0.740/ 0.750  Down  0.250/ 0.260  [盘口=WS 簿龄=0.0s/10s WS事件=671(簿464/增量0) 距上次WS=0.0s] [链上round=55340232221132494128 age=27s]
[23:06:08] t+   68s  BTC=77289.470 range= 32.944  Up  0.730/ 0.760  Down  0.240/ 0.270  [盘口=WS 簿龄=0.1s/10s WS事件=776(簿536/增量0) 距上次WS=0.1s] [链上round=55340232221132494128 age=29s]
[23:06:11] t+   70s  BTC=77328.435 range= 71.909  Up  0.700/ 0.710  Down  0.290/ 0.300  [盘口=WS 簿龄=0.3s/10s WS事件=891(簿612/增量0) 距上次WS=0.3s] [链上round=55340232221132494129 age=无]
[23:06:14] t+   74s  BTC=77328.435 range= 71.909  Up  0.720/ 0.730  Down  0.270/ 0.280  [盘口=WS 簿龄=0.4s/10s WS事件=940(簿646/增量0) 距上次WS=0.4s] [链上round=55340232221132494129 age=3s]
[23:06:22] t+   77s  BTC=77328.435 range= 71.909  Up  0.500/ 0.510  Down  0.530/ 0.540  [盘口=REST 簿龄=0.3s/10s WS事件=1044(簿718/增量0) 距上次WS=0.0s] [链上round=55340232221132494129 age=10s]
[23:06:25] t+   84s  BTC=77328.435 range= 71.909  Up  0.490/ 0.500  Down  0.500/ 0.510  [盘口=WS 簿龄=0.4s/10s WS事件=1159(簿796/增量0) 距上次WS=0.4s] [链上round=55340232221132494129 age=13s]
[23:06:27] t+   87s  BTC=77328.435 range= 71.909  Up  0.610/ 0.630  Down  0.370/ 0.410  [盘口=WS 簿龄=0.0s/10s WS事件=1211(簿833/增量0) 距上次WS=0.0s] [链上round=55340232221132494129 age=16s]
[23:06:30] t+   90s  BTC=77328.435 range= 71.909  Up  0.630/ 0.640  Down  0.360/ 0.370  [盘口=WS 簿龄=0.8s/10s WS事件=1265(簿868/增量0) 距上次WS=0.8s] [链上round=55340232221132494129 age=19s]
[23:06:33] t+   93s  BTC=77328.435 range= 71.909  Up  0.660/ 0.670  Down  0.330/ 0.340  [盘口=WS 簿龄=0.1s/10s WS事件=1310(簿898/增量0) 距上次WS=0.1s] [链上round=55340232221132494129 age=21s]
[23:06:35] t+   95s  BTC=77328.435 range= 71.909  Up  0.620/ 0.630  Down  0.370/ 0.380  [盘口=WS 簿龄=0.1s/10s WS事件=1358(簿932/增量0) 距上次WS=0.1s] [链上round=55340232221132494129 age=24s]
[23:06:38] t+   98s  BTC=77328.435 range= 71.909  Up  0.590/ 0.610  Down  0.390/ 0.410  [盘口=WS 簿龄=0.4s/10s WS事件=1370(簿940/增量0) 距上次WS=0.3s] [链上round=55340232221132494129 age=27s]
[23:06:42] t+  101s  BTC=77328.435 range= 71.909  Up  0.530/ 0.540  Down  0.460/ 0.470  [盘口=WS 簿龄=0.0s/10s WS事件=1432(簿982/增量0) 距上次WS=0.0s] [链上round=55340232221132494129 age=30s]
[23:06:45] t+  104s  BTC=77295.420 range= 71.909  Up  0.570/ 0.600  Down  0.400/ 0.430  [盘口=WS 簿龄=0.1s/10s WS事件=1504(簿1031/增量0) 距上次WS=0.1s] [链上round=55340232221132494130 age=0s]
[23:06:52] t+  108s  BTC=77295.420 range= 71.909  Up  0.540/ 0.550  Down  0.450/ 0.460  [盘口=WS 簿龄=0.8s/10s WS事件=1629(簿1114/增量0) 距上次WS=0.7s] [链上round=55340232221132494130 age=7s]
[23:06:52] [入场检查] ❌ 波动 $71.91 ≥ $25，放弃。
[23:06:54] t+  114s  BTC=77295.420 range= 71.909  Up  0.540/ 0.550  Down  0.450/ 0.460  [盘口=WS 簿龄=1.0s/10s WS事件=1641(簿1122/增量0) 距上次WS=1.0s] [链上round=55340232221132494130 age=10s]
[23:06:58] t+  117s  BTC=77295.420 range= 71.909  Up  0.540/ 0.550  Down  0.450/ 0.460  [盘口=WS 簿龄=0.9s/10s WS事件=1647(簿1126/增量0) 距上次WS=0.8s] [链上round=55340232221132494130 age=13s]
[23:07:05] t+  120s  BTC=77295.420 range= 71.909  Up  0.630/ 0.640  Down  0.360/ 0.370  [盘口=REST 簿龄=无/10s WS事件=1673(簿1144/增量0) 距上次WS=3.5s] [链上round=55340232221132494130 age=21s]
[23:07:10] t+  128s  BTC=77295.420 range= 71.909  Up  0.760/ 0.770  Down  0.230/ 0.240  [盘口=WS 簿龄=0.4s/10s WS事件=1761(簿1204/增量0) 距上次WS=0.4s] [链上round=55340232221132494130 age=25s]
[23:07:13] t+  132s  BTC=77295.420 range= 71.909  Up  0.760/ 0.770  Down  0.230/ 0.240  [盘口=WS 簿龄=0.2s/10s WS事件=1823(簿1246/增量0) 距上次WS=0.0s] [链上round=55340232221132494130 age=29s]
[23:07:15] t+  136s  BTC=77295.420 range= 71.909  Up  0.700/ 0.710  Down  0.290/ 0.300  [盘口=WS 簿龄=0.2s/10s WS事件=1852(簿1266/增量0) 距上次WS=0.2s] [链上round=55340232221132494130 age=31s]
[23:07:24] t+  138s  BTC=77319.449 range= 71.909  Up  0.740/ 0.750  Down  0.250/ 0.260  [盘口=WS 簿龄=1.2s/10s WS事件=1911(簿1306/增量0) 距上次WS=1.2s] [链上round=55340232221132494131 age=7s]
[23:07:27] t+  147s  BTC=77319.449 range= 71.909  Up  0.620/ 0.660  Down  0.340/ 0.380  [盘口=WS 簿龄=0.2s/10s WS事件=1935(簿1322/增量0) 距上次WS=0.0s] [链上round=55340232221132494131 age=10s]
[23:07:31] t+  150s  BTC=77319.449 range= 71.909  Up  0.720/ 0.730  Down  0.270/ 0.280  [盘口=WS 簿龄=0.1s/10s WS事件=2005(簿1370/增量0) 距上次WS=0.1s] [链上round=55340232221132494131 age=14s]
[23:07:37] t+  154s  BTC=77319.449 range= 71.909  Up  0.760/ 0.770  Down  0.230/ 0.240  [盘口=WS 簿龄=0.1s/10s WS事件=2090(簿1428/增量0) 距上次WS=0.1s] [链上round=55340232221132494131 age=20s]
[23:07:41] t+  160s  BTC=77319.449 range= 71.909  Up  0.840/ 0.850  Down  0.150/ 0.160  [盘口=WS 簿龄=0.2s/10s WS事件=2178(簿1488/增量0) 距上次WS=0.2s] [链上round=55340232221132494131 age=23s]
[23:07:44] t+  163s  BTC=77319.449 range= 71.909  Up  0.770/ 0.780  Down  0.220/ 0.230  [盘口=WS 簿龄=0.1s/10s WS事件=2229(簿1524/增量0) 距上次WS=0.1s] [链上round=55340232221132494131 age=27s]
[23:07:47] t+  167s  BTC=77319.449 range= 71.909  Up  0.750/ 0.760  Down  0.240/ 0.250  [盘口=WS 簿龄=0.2s/10s WS事件=2280(簿1558/增量0) 距上次WS=0.1s] [链上round=55340232221132494131 age=29s]
[23:07:50] t+  169s  BTC=77319.449 range= 71.909  Up  0.770/ 0.780  Down  0.220/ 0.230  [盘口=WS 簿龄=0.3s/10s WS事件=2310(簿1578/增量0) 距上次WS=0.2s] [链上round=55340232221132494131 age=32s]
[23:07:53] t+  172s  BTC=77323.984 range= 71.909  Up  0.790/ 0.800  Down  0.200/ 0.210  [盘口=WS 簿龄=0.2s/10s WS事件=2328(簿1590/增量0) 距上次WS=0.2s] [链上round=55340232221132494132 age=3s]
[23:07:56] t+  176s  BTC=77323.984 range= 71.909  Up  0.750/ 0.760  Down  0.240/ 0.250  [盘口=WS 簿龄=0.0s/10s WS事件=2363(簿1614/增量0) 距上次WS=0.0s] [链上round=55340232221132494132 age=6s]
[23:08:00] t+  179s  BTC=77323.984 range= 71.909  Up  0.780/ 0.800  Down  0.200/ 0.220  [盘口=WS 簿龄=0.0s/10s WS事件=2411(簿1648/增量0) 距上次WS=0.0s] [链上round=55340232221132494132 age=10s]
[23:08:03] t+  183s  BTC=77323.984 range= 71.909  Up  0.780/ 0.790  Down  0.210/ 0.220  [盘口=WS 簿龄=0.3s/10s WS事件=2456(簿1676/增量0) 距上次WS=0.3s] [链上round=55340232221132494132 age=12s]
[23:08:07] t+  185s  BTC=77323.984 range= 71.909  Up  0.680/ 0.690  Down  0.300/ 0.310  [盘口=REST 簿龄=无/10s WS事件=2467(簿1684/增量0) 距上次WS=2.9s] [链上round=55340232221132494132 age=16s]
[23:08:10] t+  189s  BTC=77323.984 range= 71.909  Up  0.690/ 0.700  Down  0.300/ 0.310  [盘口=WS 簿龄=0.3s/10s WS事件=2507(簿1712/增量0) 距上次WS=0.3s] [链上round=55340232221132494132 age=20s]
[23:08:14] t+  193s  BTC=77323.984 range= 71.909  Up  0.640/ 0.680  Down  0.320/ 0.360  [盘口=WS 簿龄=0.6s/10s WS事件=2529(簿1726/增量0) 距上次WS=0.3s] [链上round=55340232221132494132 age=24s]
[23:08:17] t+  197s  BTC=77323.984 range= 71.909  Up  0.650/ 0.660  Down  0.340/ 0.350  [盘口=WS 簿龄=0.1s/10s WS事件=2562(簿1750/增量0) 距上次WS=0.1s] [链上round=55340232221132494132 age=26s]
[23:08:22] t+  199s  BTC=77323.984 range= 71.909  Up  0.640/ 0.660  Down  0.340/ 0.360  [盘口=WS 簿龄=0.2s/10s WS事件=2604(簿1780/增量0) 距上次WS=0.2s] [链上round=55340232221132494132 age=31s]
[23:08:26] t+  204s  BTC=77299.284 range= 71.909  Up  0.660/ 0.680  Down  0.320/ 0.340  [盘口=WS 簿龄=0.1s/10s WS事件=2637(簿1802/增量0) 距上次WS=0.1s] [链上round=55340232221132494133 age=3s]
[23:08:29] t+  209s  BTC=77299.284 range= 71.909  Up  0.680/ 0.690  Down  0.310/ 0.320  [盘口=WS 簿龄=0.4s/10s WS事件=2668(簿1822/增量0) 距上次WS=0.2s] [链上round=55340232221132494133 age=5s]
[23:08:32] t+  211s  BTC=77299.284 range= 71.909  Up  0.780/ 0.790  Down  0.210/ 0.220  [盘口=WS 簿龄=0.1s/10s WS事件=2721(簿1858/增量0) 距上次WS=0.1s] [链上round=55340232221132494133 age=9s]
[23:08:35] t+  215s  BTC=77299.284 range= 71.909  Up  0.740/ 0.750  Down  0.250/ 0.260  [盘口=WS 簿龄=0.2s/10s WS事件=2788(簿1904/增量0) 距上次WS=0.0s] [链上round=55340232221132494133 age=12s]
[23:08:38] t+  218s  BTC=77299.284 range= 71.909  Up  0.770/ 0.780  Down  0.220/ 0.230  [盘口=WS 簿龄=0.1s/10s WS事件=2927(簿1998/增量0) 距上次WS=0.1s] [链上round=55340232221132494133 age=15s]
[23:08:42] t+  221s  BTC=77299.284 range= 71.909  Up  0.870/ 0.880  Down  0.120/ 0.130  [盘口=WS 簿龄=0.1s/10s WS事件=3020(簿2062/增量0) 距上次WS=0.1s] [链上round=55340232221132494133 age=18s]
[23:08:44] t+  224s  BTC=77299.284 range= 71.909  Up  0.860/ 0.870  Down  0.130/ 0.140  [盘口=WS 簿龄=0.0s/10s WS事件=3147(簿2148/增量0) 距上次WS=0.0s] [链上round=55340232221132494133 age=20s]
[23:08:46] t+  226s  BTC=77299.284 range= 71.909  Up  0.890/ 0.900  Down  0.100/ 0.110  [盘口=WS 簿龄=0.0s/10s WS事件=3217(簿2196/增量0) 距上次WS=0.0s] [链上round=55340232221132494133 age=23s]
[23:08:49] t+  229s  BTC=77299.284 range= 71.909  Up  0.920/ 0.930  Down  0.070/ 0.080  [盘口=WS 簿龄=0.1s/10s WS事件=3332(簿2274/增量0) 距上次WS=0.1s] [链上round=55340232221132494133 age=26s]
[23:08:53] t+  232s  BTC=77299.284 range= 71.909  Up  0.850/ 0.860  Down  0.140/ 0.150  [盘口=WS 簿龄=0.0s/10s WS事件=3456(簿2358/增量0) 距上次WS=0.0s] [链上round=55340232221132494133 age=29s]
[23:08:55] t+  235s  BTC=77299.284 range= 71.909  Up  0.920/ 0.930  Down  0.070/ 0.080  [盘口=WS 簿龄=0.0s/10s WS事件=3532(簿2411/增量0) 距上次WS=0.0s] [链上round=55340232221132494133 age=32s]
[23:09:00] t+  238s  BTC=77313.018 range= 71.909  Up  0.960/ 0.970  Down  0.030/ 0.040  [盘口=WS 簿龄=0.5s/10s WS事件=3643(簿2486/增量0) 距上次WS=0.5s] [链上round=55340232221132494134 age=4s]
[23:09:04] t+  243s  BTC=77313.018 range= 71.909  Up  0.980/ 0.990  Down  0.010/ 0.020  [盘口=WS 簿龄=0.2s/10s WS事件=3858(簿2636/增量0) 距上次WS=0.1s] [链上round=55340232221132494134 age=7s]
[23:09:12] t+  246s  BTC=77313.018 range= 71.909  Up  0.990/   n/a  Down    n/a/ 0.010  [盘口=REST 簿龄=无/10s WS事件=3931(簿2688/增量0) 距上次WS=6.9s] [链上round=55340232221132494134 age=15s]
[23:09:16] t+  254s  BTC=77313.018 range= 71.909  Up  0.990/   n/a  Down    n/a/ 0.010  [盘口=WS 簿龄=0.0s/10s WS事件=3957(簿2706/增量0) 距上次WS=0.0s] [链上round=55340232221132494134 age=19s]
[23:09:18] t+  258s  BTC=77313.018 range= 71.909  Up  0.990/   n/a  Down    n/a/ 0.010  [盘口=WS 簿龄=1.0s/10s WS事件=3966(簿2712/增量0) 距上次WS=1.0s] [链上round=55340232221132494134 age=22s]
[23:09:21] t+  261s  BTC=77313.018 range= 71.909  Up  0.990/   n/a  Down    n/a/ 0.010  [盘口=WS 簿龄=0.7s/10s WS事件=3969(簿2714/增量0) 距上次WS=0.7s] [链上round=55340232221132494134 age=24s]
[23:09:25] t+  263s  BTC=77313.018 range= 71.909  Up  0.990/   n/a  Down    n/a/ 0.010  [盘口=WS 簿龄=4.7s/10s WS事件=3969(簿2714/增量0) 距上次WS=4.7s] [链上round=55340232221132494134 age=28s]
[23:09:27] t+  267s  BTC=77313.018 range= 71.909  Up  0.990/   n/a  Down    n/a/ 0.010  [盘口=WS 簿龄=1.0s/10s WS事件=3972(簿2716/增量0) 距上次WS=1.0s] [链上round=55340232221132494134 age=31s]
[23:09:30] t+  270s  BTC=77340.135 range= 83.609  Up  0.990/   n/a  Down    n/a/ 0.010  [盘口=WS 簿龄=3.9s/10s WS事件=3972(簿2716/增量0) 距上次WS=3.9s] [链上round=55340232221132494135 age=1s]
[23:09:33] t+  273s  BTC=77340.135 range= 83.609  Up  0.990/   n/a  Down    n/a/ 0.010  [盘口=WS 簿龄=0.5s/10s WS事件=3984(簿2724/增量0) 距上次WS=0.5s] [链上round=55340232221132494135 age=3s]
[23:09:35] t+  275s  BTC=77340.135 range= 83.609  Up  0.990/   n/a  Down    n/a/ 0.010  [盘口=WS 簿龄=2.2s/10s WS事件=3987(簿2726/增量0) 距上次WS=2.2s] [链上round=55340232221132494135 age=6s]
[23:09:38] t+  278s  BTC=77340.135 range= 83.609  Up  0.990/   n/a  Down    n/a/ 0.010  [盘口=WS 簿龄=4.6s/10s WS事件=3987(簿2726/增量0) 距上次WS=4.6s] [链上round=55340232221132494135 age=8s]
[23:09:40] 本窗口未入场，进入下一个窗口（1/1）。
[23:09:40] 1 个窗口均未满足入场条件，未交易。
