[00:57:24] === 5min BTC 单笔交易  [LIVE 真实资金] ===
[00:57:24] 入场过滤: 窗口TWAP波动<$30 且 冷门方ask<0.30（开窗后75-135s）｜止盈价 0.65｜未止盈拿到结算
[00:57:24] 喂价: Polymarket RTDS Chainlink TWAP-60s（结算同源）｜日志: data\logs\trade5m_20260911_005724.log
[00:59:59] [窗口 1] 起点 1789059600（本地 00:59:59），开始持续监测 …
[01:00:00] 市场: Bitcoin Up or Down - September 10, 1:00PM-1:05PM ET  (minSize=5)
[01:00:01] t+    1s  TWAP=      n/a range=    n/a  Up  0.460/ 0.470×338  Down  0.530/ 0.540×8  [盘口=REST 簿龄=0.3s/10s WS事件=0(簿0/增量0) 距上次WS=从未] [TWAP#0 age=无]
[01:00:03] t+    4s  TWAP=77162.523 range=  0.000  Up  0.440/ 0.450×627  Down  0.550/ 0.560×105  [盘口=WS 簿龄=0.1s/10s WS事件=14(簿10/增量0) 距上次WS=0.1s] [TWAP#1 age=0s]
[01:00:05] t+    6s  TWAP=77162.278 range=  0.244  Up  0.360/ 0.370×732  Down  0.630/ 0.640×37  [盘口=WS 簿龄=0.0s/10s WS事件=114(簿80/增量0) 距上次WS=0.0s] [TWAP#3 age=0s]
[01:00:07] t+    8s  TWAP=77162.164 range=  0.359  Up  0.330/ 0.340×1101  Down  0.660/ 0.670×136  [盘口=WS 簿龄=0.3s/10s WS事件=154(簿106/增量0) 距上次WS=0.3s] [TWAP#4 age=1s]
[01:00:09] t+   10s  TWAP=77161.557 range=  0.965  Up  0.270/ 0.280×578  Down  0.720/ 0.730×65  [盘口=WS 簿龄=0.2s/10s WS事件=213(簿146/增量0) 距上次WS=0.2s] [TWAP#7 age=0s]
[01:00:11] t+   12s  TWAP=77161.185 range=  1.338  Up  0.270/ 0.280×416  Down  0.720/ 0.730×35  [盘口=WS 簿龄=0.0s/10s WS事件=262(簿180/增量0) 距上次WS=0.0s] [TWAP#8 age=1s]
[01:00:13] t+   14s  TWAP=77160.253 range=  2.270  Up  0.270/ 0.290×356  Down  0.710/ 0.730×538  [盘口=WS 簿龄=0.1s/10s WS事件=302(簿206/增量0) 距上次WS=0.0s] [TWAP#10 age=1s]
[01:00:15] t+   16s  TWAP=77159.123 range=  3.400  Up  0.280/ 0.290×505  Down  0.710/ 0.720×48  [盘口=WS 簿龄=0.5s/10s WS事件=335(簿228/增量0) 距上次WS=0.5s] [TWAP#12 age=0s]
[01:00:17] t+   18s  TWAP=77157.143 range=  5.379  Up  0.260/ 0.270×1886  Down  0.730/ 0.740×88  [盘口=WS 簿龄=0.5s/10s WS事件=378(簿258/增量0) 距上次WS=0.5s] [TWAP#14 age=0s]
[01:00:19] t+   20s  TWAP=77155.793 range=  6.730  Up  0.270/ 0.280×106  Down  0.720/ 0.730×744  [盘口=WS 簿龄=0.0s/10s WS事件=404(簿276/增量0) 距上次WS=0.0s] [TWAP#16 age=0s]
[01:00:21] t+   22s  TWAP=77155.098 range=  7.425  Up  0.280/ 0.290×114  Down  0.710/ 0.720×929  [盘口=WS 簿龄=0.2s/10s WS事件=435(簿296/增量0) 距上次WS=0.1s] [TWAP#17 age=1s]
[01:00:23] t+   24s  TWAP=77153.690 range=  8.833  Up  0.280/ 0.290×550  Down  0.710/ 0.720×192  [盘口=WS 簿龄=0.1s/10s WS事件=456(簿310/增量0) 距上次WS=0.1s] [TWAP#19 age=1s]
[01:00:25] t+   26s  TWAP=77152.376 range= 10.147  Up  0.280/ 0.290×547  Down  0.710/ 0.720×94  [盘口=WS 簿龄=0.1s/10s WS事件=473(簿322/增量0) 距上次WS=0.0s] [TWAP#20 age=1s]
[01:00:27] t+   28s  TWAP=77151.117 range= 11.406  Up  0.280/ 0.290×324  Down  0.710/ 0.720×67  [盘口=WS 簿龄=0.5s/10s WS事件=522(簿356/增量0) 距上次WS=0.4s] [TWAP#22 age=1s]
[01:00:29] t+   30s  TWAP=77149.911 range= 12.612  Up  0.360/ 0.370×602  Down  0.630/ 0.640×4  [盘口=WS 簿龄=0.4s/10s WS事件=573(簿392/增量0) 距上次WS=0.4s] [TWAP#24 age=0s]
[01:00:32] t+   32s  TWAP=77148.169 range= 14.354  Up  0.340/ 0.350×66  Down  0.650/ 0.660×203  [盘口=WS 簿龄=1.0s/10s WS事件=613(簿418/增量0) 距上次WS=0.9s] [TWAP#26 age=0s]
[01:00:34] t+   34s  TWAP=77147.273 range= 15.250  Up  0.330/ 0.340×422  Down  0.660/ 0.670×717  [盘口=WS 簿龄=0.0s/10s WS事件=638(簿436/增量0) 距上次WS=0.0s] [TWAP#28 age=1s]
[01:00:36] t+   36s  TWAP=77146.467 range= 16.056  Up  0.340/ 0.350×349  Down  0.650/ 0.660×120  [盘口=WS 簿龄=0.1s/10s WS事件=694(簿478/增量0) 距上次WS=0.1s] [TWAP#30 age=0s]
[01:00:38] t+   38s  TWAP=77145.682 range= 16.841  Up  0.340/ 0.350×381  Down  0.650/ 0.660×165  [盘口=WS 簿龄=0.0s/10s WS事件=729(簿502/增量0) 距上次WS=0.0s] [TWAP#32 age=0s]
[01:00:40] t+   40s  TWAP=77145.286 range= 17.237  Up  0.350/ 0.370×390  Down  0.630/ 0.650×555  [盘口=WS 簿龄=0.3s/10s WS事件=745(簿512/增量0) 距上次WS=0.3s] [TWAP#33 age=1s]
[01:00:42] t+   42s  TWAP=77144.214 range= 18.308  Up  0.350/ 0.360×268  Down  0.640/ 0.650×262  [盘口=WS 簿龄=0.6s/10s WS事件=760(簿522/增量0) 距上次WS=0.5s] [TWAP#36 age=0s]
[01:00:44] t+   44s  TWAP=77143.595 range= 18.928  Up  0.330/ 0.340×787  Down  0.660/ 0.670×91  [盘口=WS 簿龄=0.0s/10s WS事件=774(簿532/增量0) 距上次WS=0.0s] [TWAP#38 age=0s]
[01:00:46] t+   46s  TWAP=77143.006 range= 19.517  Up  0.330/ 0.340×812  Down  0.660/ 0.670×129  [盘口=WS 簿龄=0.3s/10s WS事件=778(簿534/增量0) 距上次WS=0.3s] [TWAP#40 age=0s]
[01:00:48] t+   48s  TWAP=77142.724 range= 19.799  Up  0.320/ 0.330×728  Down  0.670/ 0.680×223  [盘口=WS 簿龄=0.5s/10s WS事件=790(簿542/增量0) 距上次WS=0.5s] [TWAP#41 age=1s]
[01:00:50] t+   50s  TWAP=77142.155 range= 20.368  Up  0.360/ 0.370×118  Down  0.630/ 0.640×708  [盘口=WS 簿龄=0.1s/10s WS事件=829(簿568/增量0) 距上次WS=0.1s] [TWAP#43 age=1s]
[01:00:52] t+   52s  TWAP=77141.266 range= 21.257  Up  0.380/ 0.410×26  Down  0.590/ 0.620×411  [盘口=WS 簿龄=0.0s/10s WS事件=859(簿590/增量0) 距上次WS=0.0s] [TWAP#45 age=0s]
[01:00:54] t+   54s  TWAP=77140.526 range= 21.997  Up  0.410/ 0.420×35  Down  0.580/ 0.590×615  [盘口=WS 簿龄=0.0s/10s WS事件=936(簿646/增量0) 距上次WS=0.0s] [TWAP#46 age=0s]
[01:00:56] t+   56s  TWAP=77140.169 range= 22.353  Up  0.400/ 0.410×717  Down  0.590/ 0.600×5  [盘口=WS 簿龄=0.1s/10s WS事件=975(簿674/增量0) 距上次WS=0.1s] [TWAP#47 age=2s]
[01:00:58] t+   58s  TWAP=77139.273 range= 23.249  Up  0.390/ 0.400×1150  Down  0.600/ 0.610×101  [盘口=WS 簿龄=0.0s/10s WS事件=995(簿688/增量0) 距上次WS=0.0s] [TWAP#49 age=0s]
[01:01:00] t+   60s  TWAP=77139.035 range= 23.487  Up  0.390/ 0.400×1047  Down  0.600/ 0.610×157  [盘口=WS 簿龄=0.3s/10s WS事件=1014(簿700/增量0) 距上次WS=0.2s] [TWAP#51 age=1s]
[01:01:02] t+   62s  TWAP=77138.249 range= 24.274  Up  0.380/ 0.390×34  Down  0.610/ 0.620×95  [盘口=WS 簿龄=0.6s/10s WS事件=1026(簿708/增量0) 距上次WS=0.6s] [TWAP#54 age=0s]
[01:01:04] t+   64s  TWAP=77137.712 range= 24.811  Up  0.380/ 0.390×1015  Down  0.610/ 0.620×175  [盘口=WS 簿龄=0.3s/10s WS事件=1035(簿714/增量0) 距上次WS=0.2s] [TWAP#56 age=0s]
[01:01:06] t+   66s  TWAP=77137.213 range= 25.310  Up  0.370/ 0.380×760  Down  0.620/ 0.630×227  [盘口=WS 簿龄=0.1s/10s WS事件=1062(簿732/增量0) 距上次WS=0.0s] [TWAP#58 age=1s]
[01:01:08] t+   68s  TWAP=77136.784 range= 25.738  Up  0.370/ 0.380×777  Down  0.620/ 0.630×183  [盘口=WS 簿龄=0.5s/10s WS事件=1074(簿740/增量0) 距上次WS=0.5s] [TWAP#60 age=0s]
[01:01:10] t+   70s  TWAP=77136.552 range= 25.994  Up  0.370/ 0.380×65  Down  0.620/ 0.630×688  [盘口=WS 簿龄=0.1s/10s WS事件=1089(簿750/增量0) 距上次WS=0.0s] [TWAP#62 age=0s]
[01:01:12] t+   72s  TWAP=77136.552 range= 25.994  Up  0.390/ 0.400×250  Down  0.600/ 0.610×83  [盘口=WS 簿龄=0.2s/10s WS事件=1098(簿756/增量0) 距上次WS=0.1s] [TWAP#63 age=1s]
[01:01:14] t+   74s  TWAP=77136.948 range= 25.994  Up  0.400/ 0.410×97  Down  0.590/ 0.600×585  [盘口=WS 簿龄=0.4s/10s WS事件=1104(簿760/增量0) 距上次WS=0.4s] [TWAP#66 age=0s]
[01:01:16] t+   76s  TWAP=77137.560 range= 25.994  Up  0.420/ 0.430×445  Down  0.570/ 0.580×30  [盘口=WS 簿龄=1.5s/10s WS事件=1117(簿770/增量0) 距上次WS=1.5s] [TWAP#68 age=0s]
[01:01:16] [入场检查] … Up ask= 0.430 ≥ 0.30，观察
[01:01:18] t+   78s  TWAP=77137.931 range= 25.994  Up  0.410/ 0.420×46  Down  0.580/ 0.590×105  [盘口=WS 簿龄=0.3s/10s WS事件=1132(簿780/增量0) 距上次WS=0.2s] [TWAP#69 age=1s]
[01:01:18] [入场检查] … Up ask= 0.420 ≥ 0.30，观察
[01:01:20] t+   80s  TWAP=77139.039 range= 25.994  Up  0.400/ 0.410×791  Down  0.590/ 0.600×101  [盘口=WS 簿龄=0.3s/10s WS事件=1150(簿792/增量0) 距上次WS=0.2s] [TWAP#72 age=0s]
[01:01:20] [入场检查] … Up ask= 0.410 ≥ 0.30，观察
[01:01:22] t+   82s  TWAP=77139.846 range= 25.994  Up  0.430/ 0.440×30  Down  0.560/ 0.570×79  [盘口=WS 簿龄=0.1s/10s WS事件=1176(簿810/增量0) 距上次WS=0.0s] [TWAP#74 age=0s]
[01:01:22] [入场检查] … Up ask= 0.440 ≥ 0.30，观察
[01:01:24] t+   84s  TWAP=77140.704 range= 25.994  Up  0.220/ 0.230×80  Down  0.770/ 0.780×595  [盘口=WS 簿龄=0.1s/10s WS事件=1263(簿870/增量0) 距上次WS=0.1s] [TWAP#76 age=1s]
[01:01:24] [入场检查] ✅ Up ask= 0.230（档深80份） 波动$25.99 → 买 9 份 ≈ $2.07，止盈  0.650
[01:01:25] 买单: SUBMITTED 
[01:01:25] FOK 未成交，本窗口放弃。
[01:01:25] 本窗口未入场，进入下一个窗口（1/20）。
[01:04:59] [窗口 2] 起点 1789059900（本地 01:04:59），开始持续监测 …
[01:04:59] 市场: Bitcoin Up or Down - September 10, 1:05PM-1:10PM ET  (minSize=5)
[01:05:00] t+   -0s  TWAP=      n/a range=    n/a  Up  0.500/ 0.510×80  Down  0.450/ 0.460×353  [盘口=REST 簿龄=0.3s/10s WS事件=0(簿0/增量0) 距上次WS=从未] [TWAP#0 age=无]
[01:05:02] t+    3s  TWAP=      n/a range=    n/a  Up  0.600/ 0.610×65  Down  0.390/ 0.400×74  [盘口=WS 簿龄=0.1s/10s WS事件=21(簿15/增量0) 距上次WS=0.0s] [TWAP#0 age=无]
[01:05:04] t+    5s  TWAP=77103.764 range=  0.270  Up  0.630/ 0.640×204  Down  0.360/ 0.370×358  [盘口=WS 簿龄=0.6s/10s WS事件=81(簿56/增量0) 距上次WS=0.6s] [TWAP#2 age=1s]
[01:05:06] t+    7s  TWAP=77104.745 range=  1.250  Up  0.630/ 0.640×109  Down  0.360/ 0.370×331  [盘口=WS 簿龄=0.0s/10s WS事件=122(簿84/增量0) 距上次WS=0.0s] [TWAP#5 age=0s]
[01:05:08] t+    9s  TWAP=77105.228 range=  1.733  Up  0.630/ 0.640×361  Down  0.360/ 0.370×106  [盘口=WS 簿龄=0.4s/10s WS事件=158(簿108/增量0) 距上次WS=0.4s] [TWAP#6 age=1s]
[01:05:10] t+   11s  TWAP=77106.244 range=  2.750  Up  0.630/ 0.640×167  Down  0.360/ 0.370×410  [盘口=WS 簿龄=0.0s/10s WS事件=183(簿124/增量0) 距上次WS=0.0s] [TWAP#8 age=1s]
[01:05:12] t+   13s  TWAP=77107.237 range=  3.742  Up  0.640/ 0.650×242  Down  0.350/ 0.360×452  [盘口=WS 簿龄=0.5s/10s WS事件=210(簿142/增量0) 距上次WS=0.4s] [TWAP#10 age=1s]
[01:05:14] t+   15s  TWAP=77108.753 range=  5.259  Up  0.640/ 0.650×404  Down  0.350/ 0.360×205  [盘口=WS 簿龄=0.7s/10s WS事件=219(簿148/增量0) 距上次WS=0.6s] [TWAP#13 age=0s]
[01:05:16] t+   17s  TWAP=77109.789 range=  6.294  Up  0.640/ 0.650×105  Down  0.350/ 0.360×795  [盘口=WS 簿龄=0.1s/10s WS事件=242(簿164/增量0) 距上次WS=0.1s] [TWAP#15 age=0s]
[01:05:18] t+   19s  TWAP=77110.334 range=  6.840  Up  0.640/ 0.650×198  Down  0.350/ 0.360×446  [盘口=WS 簿龄=0.3s/10s WS事件=267(簿180/增量0) 距上次WS=0.3s] [TWAP#16 age=1s]
[01:05:20] t+   21s  TWAP=77111.411 range=  7.917  Up  0.650/ 0.660×575  Down  0.340/ 0.350×37  [盘口=WS 簿龄=0.1s/10s WS事件=290(簿196/增量0) 距上次WS=0.1s] [TWAP#18 age=1s]
[01:05:22] t+   23s  TWAP=77112.806 range=  9.312  Up  0.630/ 0.640×94  Down  0.360/ 0.370×717  [盘口=WS 簿龄=0.3s/10s WS事件=329(簿222/增量0) 距上次WS=0.3s] [TWAP#21 age=0s]
[01:05:24] t+   25s  TWAP=77113.138 range=  9.643  Up  0.690/ 0.700×45  Down  0.300/ 0.310×425  [盘口=WS 簿龄=0.1s/10s WS事件=406(簿276/增量0) 距上次WS=0.1s] [TWAP#22 age=1s]
[01:05:26] t+   27s  TWAP=77114.072 range= 10.577  Up  0.710/ 0.720×261  Down  0.280/ 0.290×248  [盘口=WS 簿龄=0.4s/10s WS事件=437(簿298/增量0) 距上次WS=0.2s] [TWAP#24 age=1s]
[01:05:28] t+   29s  TWAP=77114.823 range= 11.329  Up  0.710/ 0.720×841  Down  0.280/ 0.290×376  [盘口=WS 簿龄=0.0s/10s WS事件=454(簿310/增量0) 距上次WS=0.0s] [TWAP#27 age=0s]
[01:05:30] t+   31s  TWAP=77115.252 range= 11.758  Up  0.720/ 0.730×399  Down  0.270/ 0.280×151  [盘口=WS 簿龄=0.0s/10s WS事件=497(簿338/增量0) 距上次WS=0.0s] [TWAP#28 age=1s]
[01:05:32] t+   33s  TWAP=77116.324 range= 12.829  Up  0.720/ 0.730×262  Down  0.270/ 0.280×298  [盘口=WS 簿龄=0.5s/10s WS事件=518(簿352/增量0) 距上次WS=0.4s] [TWAP#30 age=0s]
[01:05:34] t+   35s  TWAP=77116.707 range= 13.212  Up  0.710/ 0.720×345  Down  0.280/ 0.290×398  [盘口=WS 簿龄=0.1s/10s WS事件=544(簿370/增量0) 距上次WS=0.1s] [TWAP#31 age=1s]
[01:05:36] t+   37s  TWAP=77117.491 range= 13.997  Up  0.710/ 0.720×324  Down  0.280/ 0.290×402  [盘口=WS 簿龄=0.3s/10s WS事件=554(簿376/增量0) 距上次WS=0.2s] [TWAP#33 age=1s]
[01:05:38] t+   39s  TWAP=77118.285 range= 14.791  Up  0.710/ 0.720×142  Down  0.280/ 0.290×603  [盘口=WS 簿龄=0.6s/10s WS事件=563(簿382/增量0) 距上次WS=0.5s] [TWAP#35 age=1s]
[01:05:40] t+   41s  TWAP=77119.070 range= 15.575  Up  0.710/ 0.720×210  Down  0.280/ 0.290×362  [盘口=WS 簿龄=0.0s/10s WS事件=608(簿414/增量0) 距上次WS=0.0s] [TWAP#37 age=1s]
[01:05:42] t+   43s  TWAP=77120.270 range= 16.776  Up  0.710/ 0.720×7  Down  0.280/ 0.290×610  [盘口=WS 簿龄=1.1s/10s WS事件=615(簿418/增量0) 距上次WS=1.1s] [TWAP#39 age=0s]
[01:05:45] t+   45s  TWAP=77121.053 range= 17.559  Up  0.690/ 0.710×671  Down  0.290/ 0.310×184  [盘口=WS 簿龄=0.5s/10s WS事件=624(簿424/增量0) 距上次WS=0.4s] [TWAP#41 age=0s]
[01:05:47] t+   47s  TWAP=77121.843 range= 18.349  Up  0.700/ 0.710×673  Down  0.290/ 0.300×83  [盘口=WS 簿龄=0.0s/10s WS事件=653(簿444/增量0) 距上次WS=0.0s] [TWAP#43 age=0s]
[01:05:49] t+   49s  TWAP=77122.912 range= 19.418  Up  0.630/ 0.640×43  Down  0.360/ 0.370×50  [盘口=WS 簿龄=0.0s/10s WS事件=701(簿476/增量0) 距上次WS=0.0s] [TWAP#45 age=1s]
[01:05:51] t+   51s  TWAP=77123.947 range= 20.452  Up  0.690/ 0.700×1118  Down  0.300/ 0.310×10  [盘口=WS 簿龄=0.1s/10s WS事件=761(簿516/增量0) 距上次WS=0.1s] [TWAP#47 age=1s]
[01:05:53] t+   53s  TWAP=77124.869 range= 21.374  Up  0.670/ 0.680×317  Down  0.320/ 0.330×85  [盘口=WS 簿龄=1.0s/10s WS事件=811(簿550/增量0) 距上次WS=1.0s] [TWAP#49 age=1s]
[01:05:55] t+   55s  TWAP=77125.637 range= 22.143  Up  0.630/ 0.640×725  Down  0.360/ 0.370×150  [盘口=WS 簿龄=0.5s/10s WS事件=838(簿568/增量0) 距上次WS=0.4s] [TWAP#51 age=1s]
[01:05:57] t+   57s  TWAP=77126.368 range= 22.873  Up  0.630/ 0.640×746  Down  0.360/ 0.370×125  [盘口=WS 簿龄=0.4s/10s WS事件=853(簿578/增量0) 距上次WS=0.2s] [TWAP#53 age=0s]
[01:05:59] t+   59s  TWAP=77127.043 range= 23.549  Up  0.590/ 0.600×705  Down  0.400/ 0.410×115  [盘口=WS 簿龄=0.0s/10s WS事件=912(簿618/增量0) 距上次WS=0.0s] [TWAP#55 age=0s]
[01:06:01] t+   61s  TWAP=77127.755 range= 24.261  Up  0.620/ 0.630×657  Down  0.370/ 0.380×144  [盘口=WS 簿龄=0.1s/10s WS事件=957(簿650/增量0) 距上次WS=0.1s] [TWAP#57 age=0s]
[01:06:03] t+   63s  TWAP=77128.819 range= 25.324  Up  0.500/ 0.520×24  Down  0.480/ 0.500×108  [盘口=WS 簿龄=0.0s/10s WS事件=991(簿674/增量0) 距上次WS=0.0s] [TWAP#59 age=0s]
[01:06:05] t+   65s  TWAP=77128.819 range= 25.324  Up  0.470/ 0.480×1187  Down  0.520/ 0.530×258  [盘口=WS 簿龄=0.0s/10s WS事件=1103(簿750/增量0) 距上次WS=0.0s] [TWAP#60 age=1s]
[01:06:07] t+   67s  TWAP=77129.310 range= 25.816  Up  0.470/ 0.480×288  Down  0.520/ 0.530×531  [盘口=WS 簿龄=0.0s/10s WS事件=1149(簿782/增量0) 距上次WS=0.0s] [TWAP#63 age=1s]
[01:06:09] t+   69s  TWAP=77128.741 range= 25.816  Up  0.500/ 0.510×646  Down  0.490/ 0.500×55  [盘口=WS 簿龄=0.2s/10s WS事件=1208(簿822/增量0) 距上次WS=0.2s] [TWAP#65 age=0s]
[01:06:11] t+   71s  TWAP=77128.007 range= 25.816  Up  0.490/ 0.500×461  Down  0.500/ 0.510×83  [盘口=WS 簿龄=0.1s/10s WS事件=1229(簿836/增量0) 距上次WS=0.0s] [TWAP#67 age=1s]
[01:06:13] t+   73s  TWAP=77126.928 range= 25.816  Up  0.510/ 0.520×20  Down  0.480/ 0.490×312  [盘口=WS 簿龄=0.0s/10s WS事件=1265(簿862/增量0) 距上次WS=0.0s] [TWAP#69 age=0s]
[01:06:15] t+   75s  TWAP=77126.213 range= 25.816  Up  0.510/ 0.530×154  Down  0.470/ 0.490×594  [盘口=WS 簿龄=0.0s/10s WS事件=1286(簿876/增量0) 距上次WS=0.0s] [TWAP#71 age=0s]
[01:06:15] [入场检查] … Down ask= 0.490 ≥ 0.30，观察
[01:06:17] t+   77s  TWAP=77126.213 range= 25.816  Up  0.540/ 0.550×178  Down  0.450/ 0.460×95  [盘口=REST 簿龄=无/10s WS事件=1296(簿882/增量0) 距上次WS=1.7s] [TWAP#72 age=2s]
[01:06:17] [入场检查] … Down ask= 0.460 ≥ 0.30，观察
[01:06:19] t+   80s  TWAP=77124.698 range= 25.816  Up  0.530/ 0.540×370  Down  0.460/ 0.470×145  [盘口=WS 簿龄=0.1s/10s WS事件=1324(簿900/增量0) 距上次WS=0.1s] [TWAP#74 age=1s]
[01:06:19] [入场检查] … Down ask= 0.470 ≥ 0.30，观察
[01:06:21] t+   82s  TWAP=77123.534 range= 25.816  Up  0.520/ 0.530×37  Down  0.470/ 0.480×130  [盘口=WS 簿龄=0.2s/10s WS事件=1333(簿906/增量0) 距上次WS=0.2s] [TWAP#77 age=0s]
[01:06:21] [入场检查] … Down ask= 0.480 ≥ 0.30，观察
[01:06:23] t+   84s  TWAP=77123.155 range= 25.816  Up  0.480/ 0.490×75  Down  0.510/ 0.520×288  [盘口=WS 簿龄=0.4s/10s WS事件=1365(簿928/增量0) 距上次WS=0.4s] [TWAP#79 age=0s]
[01:06:23] [入场检查] … Up ask= 0.490 ≥ 0.30，观察
[01:06:25] t+   86s  TWAP=77122.797 range= 25.816  Up  0.520/ 0.530×337  Down  0.470/ 0.480×35  [盘口=WS 簿龄=0.2s/10s WS事件=1380(簿938/增量0) 距上次WS=0.1s] [TWAP#80 age=2s]
[01:06:25] [入场检查] … Down ask= 0.480 ≥ 0.30，观察
[01:06:27] t+   88s  TWAP=77122.064 range= 25.816  Up  0.520/ 0.540×107  Down  0.460/ 0.480×747  [盘口=WS 簿龄=0.2s/10s WS事件=1416(簿962/增量0) 距上次WS=0.1s] [TWAP#82 age=1s]
[01:06:29] t+   90s  TWAP=77120.729 range= 25.816  Up  0.640/ 0.670×72  Down  0.330/ 0.360×213  [盘口=WS 簿龄=0.0s/10s WS事件=1463(簿996/增量0) 距上次WS=0.0s] [TWAP#85 age=0s]
[01:06:29] [入场检查] … Down ask= 0.360 ≥ 0.30，观察
[01:06:31] t+   92s  TWAP=77119.757 range= 25.816  Up  0.620/ 0.630×564  Down  0.370/ 0.380×272  [盘口=WS 簿龄=0.0s/10s WS事件=1543(簿1048/增量0) 距上次WS=0.0s] [TWAP#86 age=1s]
[01:06:31] [入场检查] … Down ask= 0.380 ≥ 0.30，观察
[01:06:33] t+   94s  TWAP=77118.856 range= 25.816  Up  0.610/ 0.620×227  Down  0.380/ 0.390×277  [盘口=WS 簿龄=0.0s/10s WS事件=1633(簿1108/增量0) 距上次WS=0.0s] [TWAP#89 age=0s]
[01:06:33] [入场检查] … Down ask= 0.390 ≥ 0.30，观察
[01:06:35] t+   96s  TWAP=77118.570 range= 25.816  Up  0.610/ 0.620×86  Down  0.380/ 0.390×171  [盘口=WS 簿龄=0.1s/10s WS事件=1694(簿1148/增量0) 距上次WS=0.0s] [TWAP#90 age=1s]
[01:06:37] t+   98s  TWAP=77117.760 range= 25.816  Up  0.530/ 0.560×186  Down  0.440/ 0.470×103  [盘口=WS 簿龄=0.0s/10s WS事件=1728(簿1172/增量0) 距上次WS=0.0s] [TWAP#93 age=0s]
[01:06:37] [入场检查] … Down ask= 0.470 ≥ 0.30，观察
[01:06:39] t+  100s  TWAP=77117.133 range= 25.816  Up  0.530/ 0.540×9  Down  0.460/ 0.470×618  [盘口=WS 簿龄=0.0s/10s WS事件=1752(簿1188/增量0) 距上次WS=0.0s] [TWAP#94 age=0s]
[01:06:41] t+  102s  TWAP=77116.500 range= 25.816  Up  0.580/ 0.590×233  Down  0.410/ 0.420×356  [盘口=WS 簿龄=0.4s/10s WS事件=1791(簿1214/增量0) 距上次WS=0.4s] [TWAP#96 age=0s]
[01:06:41] [入场检查] … Down ask= 0.420 ≥ 0.30，观察
