[17:28:09] === 5min BTC 多笔交易  [DRY-RUN] ===
[17:28:09] 计划: 最多 1 个窗口，累计成交 3 笔后停止
[17:28:09] 入场过滤: 窗口TWAP波动<$30 且 冷门方ask∈(0.15,0.30)（开窗后70-135s）｜止盈价 0.99｜未止盈拿到结算
[17:28:09] 喂价: Polymarket RTDS Chainlink TWAP-60s（结算同源）｜日志: runtime\logs\trade5m_20260912_172809.log
[17:28:09] [窗口 1] 起点 1789205100（本地 17:28:09），开始持续监测 …
[17:28:10] 市场: Bitcoin Up or Down - September 12, 5:25AM-5:30AM ET  (minSize=5)
[17:28:11] t+  190s  TWAP=      n/a range=    n/a  Up  0.290/ 0.300×17  Down  0.700/ 0.710×316  [盘口=REST 簿龄=0.2s/10s WS事件=0(簿0/增量0) 距上次WS=从未] [TWAP#0 age=无]
[17:28:13] t+  193s  TWAP=77353.231 range=  0.000  Up  0.290/ 0.300×117  Down  0.700/ 0.710×810  [盘口=WS 簿龄=0.1s/10s WS事件=11(簿8/增量0) 距上次WS=0.1s] [TWAP#1 age=1s]
[17:28:15] t+  195s  TWAP=77353.257 range=  0.026  Up  0.290/ 0.300×113  Down  0.700/ 0.710×713  [盘口=WS 簿龄=0.4s/10s WS事件=20(簿14/增量0) 距上次WS=0.4s] [TWAP#3 age=0s]
[17:28:17] t+  197s  TWAP=77353.274 range=  0.042  Up  0.290/ 0.300×306  Down  0.700/ 0.710×69  [盘口=WS 簿龄=0.2s/10s WS事件=38(簿26/增量0) 距上次WS=0.2s] [TWAP#5 age=1s]
[17:28:19] t+  199s  TWAP=77353.302 range=  0.071  Up  0.290/ 0.300×306  Down  0.700/ 0.710×69  [盘口=WS 簿龄=2.2s/10s WS事件=38(簿26/增量0) 距上次WS=2.2s] [TWAP#7 age=1s]
[17:28:21] t+  201s  TWAP=77353.352 range=  0.121  Up  0.280/ 0.290×324  Down  0.710/ 0.720×982  [盘口=WS 簿龄=0.0s/10s WS事件=62(簿42/增量0) 距上次WS=0.0s] [TWAP#9 age=1s]
[17:28:23] t+  203s  TWAP=77353.369 range=  0.137  Up  0.280/ 0.290×342  Down  0.710/ 0.720×392  [盘口=WS 簿龄=0.9s/10s WS事件=68(簿46/增量0) 距上次WS=0.8s] [TWAP#12 age=0s]
[17:28:25] t+  205s  TWAP=77353.373 range=  0.141  Up  0.280/ 0.290×491  Down  0.710/ 0.720×159  [盘口=WS 簿龄=0.1s/10s WS事件=86(簿58/增量0) 距上次WS=0.0s] [TWAP#13 age=1s]
[17:28:27] t+  207s  TWAP=77353.382 range=  0.151  Up  0.450/ 0.470×20  Down  0.530/ 0.550×299  [盘口=WS 簿龄=0.1s/10s WS事件=132(簿90/增量0) 距上次WS=0.1s] [TWAP#15 age=1s]
[17:28:29] t+  209s  TWAP=77353.431 range=  0.199  Up  0.680/ 0.690×96  Down  0.310/ 0.320×196  [盘口=WS 簿龄=0.0s/10s WS事件=332(簿228/增量0) 距上次WS=0.0s] [TWAP#18 age=0s]
[17:28:31] t+  211s  TWAP=77353.463 range=  0.231  Up  0.670/ 0.680×906  Down  0.320/ 0.330×657  [盘口=WS 簿龄=0.1s/10s WS事件=405(簿278/增量0) 距上次WS=0.1s] [TWAP#19 age=0s]
[17:28:33] t+  213s  TWAP=77353.479 range=  0.248  Up  0.640/ 0.650×233  Down  0.350/ 0.360×161  [盘口=WS 簿龄=0.0s/10s WS事件=448(簿308/增量0) 距上次WS=0.0s] [TWAP#21 age=1s]
[17:28:35] t+  215s  TWAP=77353.634 range=  0.403  Up  0.770/ 0.780×118  Down  0.220/ 0.230×365  [盘口=WS 簿龄=0.1s/10s WS事件=510(簿350/增量0) 距上次WS=0.0s] [TWAP#23 age=1s]
[17:28:37] t+  217s  TWAP=77353.799 range=  0.568  Up  0.760/ 0.770×250  Down  0.230/ 0.240×223  [盘口=WS 簿龄=0.0s/10s WS事件=562(簿386/增量0) 距上次WS=0.0s] [TWAP#25 age=1s]
[17:28:39] t+  219s  TWAP=77354.004 range=  0.772  Up  0.790/ 0.800×293  Down  0.200/ 0.210×18  [盘口=WS 簿龄=0.0s/10s WS事件=608(簿418/增量0) 距上次WS=0.0s] [TWAP#27 age=1s]
[17:28:41] t+  221s  TWAP=77354.367 range=  1.136  Up  0.770/ 0.780×329  Down  0.220/ 0.230×110  [盘口=WS 簿龄=0.1s/10s WS事件=655(簿448/增量0) 距上次WS=0.1s] [TWAP#30 age=0s]
[17:28:43] t+  223s  TWAP=77354.498 range=  1.267  Up  0.770/ 0.780×841  Down  0.220/ 0.230×82  [盘口=WS 簿龄=0.1s/10s WS事件=670(簿458/增量0) 距上次WS=0.1s] [TWAP#31 age=1s]
[17:28:45] t+  225s  TWAP=77354.868 range=  1.637  Up  0.840/ 0.850×95  Down  0.150/ 0.160×590  [盘口=WS 簿龄=0.1s/10s WS事件=739(簿506/增量0) 距上次WS=0.0s] [TWAP#34 age=0s]
[17:28:47] t+  227s  TWAP=77355.128 range=  1.896  Up  0.860/ 0.900×178  Down  0.100/ 0.140×486  [盘口=WS 簿龄=0.3s/10s WS事件=778(簿532/增量0) 距上次WS=0.0s] [TWAP#35 age=1s]
[17:28:49] t+  229s  TWAP=77355.405 range=  2.173  Up  0.870/ 0.880×449  Down  0.120/ 0.130×380  [盘口=WS 簿龄=0.0s/10s WS事件=857(簿586/增量0) 距上次WS=0.0s] [TWAP#37 age=0s]
[17:28:51] t+  231s  TWAP=77355.563 range=  2.332  Up  0.860/ 0.870×65  Down  0.130/ 0.140×423  [盘口=WS 簿龄=0.2s/10s WS事件=908(簿620/增量0) 距上次WS=0.2s] [TWAP#38 age=1s]
[17:28:53] t+  233s  TWAP=77356.058 range=  2.827  Up  0.870/ 0.890×177  Down  0.110/ 0.130×558  [盘口=WS 簿龄=0.0s/10s WS事件=952(簿650/增量0) 距上次WS=0.0s] [TWAP#41 age=0s]
[17:28:55] t+  235s  TWAP=77356.400 range=  3.169  Up  0.890/ 0.900×284  Down  0.100/ 0.110×255  [盘口=WS 簿龄=0.3s/10s WS事件=983(簿670/增量0) 距上次WS=0.2s] [TWAP#42 age=0s]
[17:28:57] t+  237s  TWAP=77356.750 range=  3.519  Up  0.840/ 0.850×61  Down  0.150/ 0.160×5  [盘口=WS 簿龄=0.2s/10s WS事件=989(簿674/增量0) 距上次WS=0.0s] [TWAP#44 age=0s]
[17:28:59] t+  239s  TWAP=77357.110 range=  3.879  Up  0.020/ 0.030×291  Down  0.970/ 0.980×104  [盘口=WS 簿龄=0.0s/10s WS事件=1126(簿774/增量0) 距上次WS=0.0s] [TWAP#46 age=0s]
[17:29:06] 本窗口未入场，进入下一个窗口（1/1）。
[17:29:06] === 1 个窗口尝试完毕：成交 0/3 笔，已止盈 PnL $+0.00｜待结算 0 笔 $0.00 ===
