[22:37:47] === 5min BTC 单笔交易  [DRY-RUN] ===
[22:37:47] 入场过滤: 窗口BTC波动<$25 且 冷门方ask<0.30（开窗后105-135s）｜止盈 +100%｜未止盈拿到结算
[22:37:47] BTC喂价: Chainlink on Polygon（https://polygon-bor-rpc.publicnode.com）｜日志: data\logs\trade5m_20260910_223747.log
[22:39:59] [窗口 1] 起点 1789051200（本地 22:39:59），开始持续监测 …
[22:40:01] 市场: Bitcoin Up or Down - September 10, 10:35AM-10:40AM ET  (minSize=5)
[22:40:03] t+    1s  BTC=77218.344 range=  0.000  Up    n/a/ 0.010  Down  0.990/   n/a  [盘口=REST WS事件=0(簿0/增量0) 距上次WS=从未] [链上round=55340232221132494081 age=17s]
[22:40:07] t+    5s  BTC=77218.344 range=  0.000  Up    n/a/ 0.010  Down  0.990/   n/a  [盘口=WS WS事件=5(簿4/增量0) 距上次WS=0.8s] [链上round=55340232221132494081 age=21s]
[22:40:09] t+    9s  BTC=77218.344 range=  0.000  Up    n/a/ 0.010  Down  0.990/   n/a  [盘口=WS WS事件=5(簿4/增量0) 距上次WS=3.4s] [链上round=55340232221132494081 age=24s]
[22:40:13] t+   12s  BTC=77218.344 range=  0.000  Up    n/a/ 0.010  Down  0.990/   n/a  [盘口=WS WS事件=5(簿4/增量0) 距上次WS=6.9s] [链上round=55340232221132494081 age=27s]
[22:40:15] t+   15s  BTC=77218.344 range=  0.000  Up    n/a/ 0.010  Down  0.990/   n/a  [盘口=WS WS事件=5(簿4/增量0) 距上次WS=9.3s] [链上round=55340232221132494081 age=30s]
[22:40:18] t+   18s  BTC=77218.344 range=  0.000  Up    n/a/ 0.010  Down  0.990/   n/a  [盘口=WS WS事件=8(簿6/增量0) 距上次WS=2.4s] [链上round=55340232221132494081 age=32s]
[22:40:20] t+   20s  BTC=77228.224 range=  9.880  Up    n/a/ 0.010  Down  0.990/   n/a  [盘口=WS WS事件=8(簿6/增量0) 距上次WS=4.9s] [链上round=55340232221132494082 age=1s]
[22:40:22] t+   22s  BTC=77228.224 range=  9.880  Up    n/a/ 0.010  Down  0.990/   n/a  [盘口=WS WS事件=8(簿6/增量0) 距上次WS=7.3s] [链上round=55340232221132494082 age=4s]
[22:40:25] t+   25s  BTC=77228.224 range=  9.880  Up    n/a/ 0.010  Down  0.990/   n/a  [盘口=WS WS事件=11(簿8/增量0) 距上次WS=1.7s] [链上round=55340232221132494082 age=6s]
[22:40:29] t+   27s  BTC=77228.224 range=  9.880  Up    n/a/ 0.010  Down  0.990/   n/a  [盘口=WS WS事件=11(簿8/增量0) 距上次WS=5.4s] [链上round=55340232221132494082 age=10s]
[22:40:31] t+   31s  BTC=77228.224 range=  9.880  Up    n/a/ 0.010  Down  0.990/   n/a  [盘口=WS WS事件=11(簿8/增量0) 距上次WS=8.3s] [链上round=55340232221132494082 age=13s]
[22:40:34] t+   34s  BTC=77228.224 range=  9.880  Up    n/a/ 0.010  Down  0.990/   n/a  [盘口=WS WS事件=11(簿8/增量0) 距上次WS=10.8s] [链上round=55340232221132494082 age=15s]
[22:40:38] t+   36s  BTC=77228.224 range=  9.880  Up    n/a/ 0.010  Down  0.990/   n/a  [盘口=WS WS事件=11(簿8/增量0) 距上次WS=14.4s] [链上round=55340232221132494082 age=19s]
[22:40:40] t+   40s  BTC=77228.224 range=  9.880  Up    n/a/ 0.010  Down  0.990/   n/a  [盘口=WS WS事件=11(簿8/增量0) 距上次WS=17.1s] [链上round=55340232221132494082 age=22s]
[22:40:43] t+   43s  BTC=77228.224 range=  9.880  Up    n/a/ 0.010  Down  0.990/   n/a  [盘口=WS WS事件=11(簿8/增量0) 距上次WS=20.0s] [链上round=55340232221132494082 age=25s]
[22:40:46] t+   46s  BTC=77228.224 range=  9.880  Up    n/a/ 0.010  Down  0.990/   n/a  [盘口=WS WS事件=11(簿8/增量0) 距上次WS=22.6s] [链上round=55340232221132494082 age=27s]
[22:40:49] t+   48s  BTC=77228.224 range=  9.880  Up    n/a/ 0.010  Down  0.990/   n/a  [盘口=WS WS事件=11(簿8/增量0) 距上次WS=25.5s] [链上round=55340232221132494082 age=30s]
[22:40:52] t+   51s  BTC=77228.224 range=  9.880  Up    n/a/ 0.010  Down  0.990/   n/a  [盘口=WS WS事件=11(簿8/增量0) 距上次WS=28.4s] [链上round=55340232221132494082 age=33s]
[22:40:54] t+   54s  BTC=77254.175 range= 35.831  Up    n/a/ 0.010  Down  0.990/   n/a  [盘口=WS WS事件=11(簿8/增量0) 距上次WS=31.0s] [链上round=55340232221132494083 age=3s]
[22:40:58] t+   57s  BTC=77254.175 range= 35.831  Up    n/a/ 0.010  Down  0.990/   n/a  [盘口=WS WS事件=11(簿8/增量0) 距上次WS=35.3s] [链上round=55340232221132494083 age=7s]
[22:41:05] t+   61s  BTC=77254.175 range= 35.831  Up    n/a/ 0.010  Down  0.990/   n/a  [盘口=WS WS事件=14(簿10/增量0) 距上次WS=3.8s] [链上round=55340232221132494083 age=14s]
[22:41:08] t+   68s  BTC=77254.175 range= 35.831  Up    n/a/ 0.010  Down  0.990/   n/a  [盘口=WS WS事件=14(簿10/增量0) 距上次WS=7.0s] [链上round=55340232221132494083 age=17s]
[22:41:11] t+   71s  BTC=77254.175 range= 35.831  Up    n/a/ 0.010  Down  0.990/   n/a  [盘口=WS WS事件=14(簿10/增量0) 距上次WS=9.5s] [链上round=55340232221132494083 age=19s]
[22:41:13] t+   73s  BTC=77254.175 range= 35.831  Up    n/a/ 0.010  Down  0.990/   n/a  [盘口=WS WS事件=14(簿10/增量0) 距上次WS=11.9s] [链上round=55340232221132494083 age=22s]
[22:41:17] t+   76s  BTC=77254.175 range= 35.831  Up    n/a/ 0.010  Down  0.990/   n/a  [盘口=WS WS事件=14(簿10/增量0) 距上次WS=15.9s] [链上round=55340232221132494083 age=26s]
[22:41:20] t+   80s  BTC=77254.175 range= 35.831  Up    n/a/ 0.010  Down  0.990/   n/a  [盘口=WS WS事件=14(簿10/增量0) 距上次WS=18.9s] [链上round=55340232221132494083 age=29s]
[22:41:23] t+   83s  BTC=77254.175 range= 35.831  Up    n/a/ 0.010  Down  0.990/   n/a  [盘口=WS WS事件=14(簿10/增量0) 距上次WS=21.6s] [链上round=55340232221132494083 age=31s]
[22:41:25] t+   85s  BTC=77271.979 range= 53.636  Up    n/a/ 0.010  Down  0.990/   n/a  [盘口=WS WS事件=14(簿10/增量0) 距上次WS=24.0s] [链上round=55340232221132494084 age=1s]
[22:41:28] t+   88s  BTC=77271.979 range= 53.636  Up    n/a/ 0.010  Down  0.990/   n/a  [盘口=WS WS事件=14(簿10/增量0) 距上次WS=26.7s] [链上round=55340232221132494084 age=3s]
[22:41:32] t+   90s  BTC=77271.979 range= 53.636  Up    n/a/ 0.010  Down  0.990/   n/a  [盘口=WS WS事件=14(簿10/增量0) 距上次WS=30.6s] [链上round=55340232221132494084 age=7s]
[22:41:34] t+   94s  BTC=77271.979 range= 53.636  Up    n/a/ 0.010  Down  0.990/   n/a  [盘口=WS WS事件=14(簿10/增量0) 距上次WS=33.1s] [链上round=55340232221132494084 age=10s]
[22:41:38] t+   97s  BTC=77271.979 range= 53.636  Up    n/a/ 0.010  Down  0.990/   n/a  [盘口=WS WS事件=14(簿10/增量0) 距上次WS=36.3s] [链上round=55340232221132494084 age=13s]
[22:41:40] t+  100s  BTC=77271.979 range= 53.636  Up    n/a/ 0.010  Down  0.990/   n/a  [盘口=WS WS事件=14(簿10/增量0) 距上次WS=38.8s] [链上round=55340232221132494084 age=16s]
[22:41:42] t+  103s  BTC=77271.979 range= 53.636  Up    n/a/ 0.010  Down  0.990/   n/a  [盘口=WS WS事件=14(簿10/增量0) 距上次WS=41.3s] [链上round=55340232221132494084 age=18s]
[22:41:45] t+  105s  BTC=77271.979 range= 53.636  Up    n/a/ 0.010  Down  0.990/   n/a  [盘口=WS WS事件=14(簿10/增量0) 距上次WS=43.7s] [链上round=55340232221132494084 age=20s]
[22:41:45] [入场检查] ❌ 波动 $53.64 ≥ $25，放弃。
[22:41:48] t+  107s  BTC=77271.979 range= 53.636  Up    n/a/ 0.010  Down  0.990/   n/a  [盘口=WS WS事件=14(簿10/增量0) 距上次WS=46.4s] [链上round=55340232221132494084 age=23s]
[22:41:51] t+  110s  BTC=77271.979 range= 53.636  Up    n/a/ 0.010  Down  0.990/   n/a  [盘口=WS WS事件=14(簿10/增量0) 距上次WS=49.6s] [链上round=55340232221132494084 age=26s]
[22:41:55] t+  113s  BTC=77271.979 range= 53.636  Up    n/a/ 0.010  Down  0.990/   n/a  [盘口=WS WS事件=14(簿10/增量0) 距上次WS=54.2s] [链上round=55340232221132494084 age=31s]
[22:41:59] t+  118s  BTC=77303.900 range= 85.556  Up    n/a/ 0.010  Down  0.990/   n/a  [盘口=WS WS事件=14(簿10/增量0) 距上次WS=57.3s] [链上round=55340232221132494085 age=1s]
[22:42:02] t+  121s  BTC=77303.900 range= 85.556  Up    n/a/ 0.010  Down  0.990/   n/a  [盘口=WS WS事件=14(簿10/增量0) 距上次WS=60.5s] [链上round=55340232221132494085 age=4s]
[22:42:06] t+  124s  BTC=77303.900 range= 85.556  Up    n/a/ 0.010  Down  0.990/   n/a  [盘口=WS WS事件=14(簿10/增量0) 距上次WS=65.1s] [链上round=55340232221132494085 age=9s]
[22:42:09] t+  129s  BTC=77303.900 range= 85.556  Up    n/a/ 0.010  Down  0.990/   n/a  [盘口=WS WS事件=14(簿10/增量0) 距上次WS=67.5s] [链上round=55340232221132494085 age=11s]
[22:42:14] t+  131s  BTC=77303.900 range= 85.556  Up    n/a/ 0.010  Down  0.990/   n/a  [盘口=WS WS事件=14(簿10/增量0) 距上次WS=73.0s] [链上round=55340232221132494085 age=17s]
[22:42:17] t+  137s  BTC=77303.900 range= 85.556  Up    n/a/ 0.010  Down  0.990/   n/a  [盘口=WS WS事件=14(簿10/增量0) 距上次WS=75.6s] [链上round=55340232221132494085 age=19s]
[22:42:19] t+  139s  BTC=77303.900 range= 85.556  Up    n/a/ 0.010  Down  0.990/   n/a  [盘口=WS WS事件=14(簿10/增量0) 距上次WS=78.1s] [链上round=55340232221132494085 age=22s]
[22:42:22] t+  142s  BTC=77303.900 range= 85.556  Up    n/a/ 0.010  Down  0.990/   n/a  [盘口=WS WS事件=14(簿10/增量0) 距上次WS=80.6s] [链上round=55340232221132494085 age=24s]
[22:42:25] t+  144s  BTC=77303.900 range= 85.556  Up    n/a/ 0.010  Down  0.990/   n/a  [盘口=WS WS事件=14(簿10/增量0) 距上次WS=83.8s] [链上round=55340232221132494085 age=28s]
[22:42:28] t+  148s  BTC=77303.900 range= 85.556  Up    n/a/ 0.010  Down  0.990/   n/a  [盘口=WS WS事件=14(簿10/增量0) 距上次WS=86.8s] [链上round=55340232221132494085 age=31s]
[22:42:31] t+  151s  BTC=77296.105 range= 85.556  Up    n/a/ 0.010  Down  0.990/   n/a  [盘口=WS WS事件=14(簿10/增量0) 距上次WS=89.9s] [链上round=55340232221132494086 age=1s]
[22:42:34] t+  154s  BTC=77296.105 range= 85.556  Up    n/a/ 0.010  Down  0.990/   n/a  [盘口=WS WS事件=14(簿10/增量0) 距上次WS=92.9s] [链上round=55340232221132494086 age=4s]
[22:42:37] t+  157s  BTC=77296.105 range= 85.556  Up    n/a/ 0.010  Down  0.990/   n/a  [盘口=WS WS事件=14(簿10/增量0) 距上次WS=95.4s] [链上round=55340232221132494086 age=6s]
[22:42:42] t+  159s  BTC=77296.105 range= 85.556  Up    n/a/ 0.010  Down  0.990/   n/a  [盘口=WS WS事件=14(簿10/增量0) 距上次WS=100.4s] [链上round=55340232221132494086 age=11s]
[22:42:44] t+  164s  BTC=77296.105 range= 85.556  Up    n/a/ 0.010  Down  0.990/   n/a  [盘口=WS WS事件=14(簿10/增量0) 距上次WS=103.0s] [链上round=55340232221132494086 age=14s]
[22:42:47] t+  167s  BTC=77296.105 range= 85.556  Up    n/a/ 0.010  Down  0.990/   n/a  [盘口=WS WS事件=14(簿10/增量0) 距上次WS=105.4s] [链上round=55340232221132494086 age=16s]
[22:42:49] t+  169s  BTC=77296.105 range= 85.556  Up    n/a/ 0.010  Down  0.990/   n/a  [盘口=WS WS事件=14(簿10/增量0) 距上次WS=107.9s] [链上round=55340232221132494086 age=19s]
[22:42:52] t+  172s  BTC=77296.105 range= 85.556  Up    n/a/ 0.010  Down  0.990/   n/a  [盘口=WS WS事件=14(簿10/增量0) 距上次WS=110.3s] [链上round=55340232221132494086 age=21s]
[22:42:55] t+  174s  BTC=77296.105 range= 85.556  Up    n/a/ 0.010  Down  0.990/   n/a  [盘口=WS WS事件=14(簿10/增量0) 距上次WS=113.8s] [链上round=55340232221132494086 age=25s]
[22:42:59] t+  178s  BTC=77296.105 range= 85.556  Up    n/a/ 0.010  Down  0.990/   n/a  [盘口=WS WS事件=14(簿10/增量0) 距上次WS=117.4s] [链上round=55340232221132494086 age=28s]
[22:43:02] t+  181s  BTC=77296.105 range= 85.556  Up    n/a/ 0.010  Down  0.990/   n/a  [盘口=WS WS事件=14(簿10/增量0) 距上次WS=121.0s] [链上round=55340232221132494086 age=32s]
[22:43:05] t+  185s  BTC=77243.452 range= 85.556  Up    n/a/ 0.010  Down  0.990/   n/a  [盘口=WS WS事件=14(簿10/增量0) 距上次WS=123.7s] [链上round=55340232221132494087 age=1s]
[22:43:08] t+  187s  BTC=77243.452 range= 85.556  Up    n/a/ 0.010  Down  0.990/   n/a  [盘口=WS WS事件=14(簿10/增量0) 距上次WS=126.6s] [链上round=55340232221132494087 age=4s]
[22:43:11] t+  190s  BTC=77243.452 range= 85.556  Up    n/a/ 0.010  Down  0.990/   n/a  [盘口=WS WS事件=14(簿10/增量0) 距上次WS=129.6s] [链上round=55340232221132494087 age=7s]
[22:43:14] t+  193s  BTC=77243.452 range= 85.556  Up    n/a/ 0.010  Down  0.990/   n/a  [盘口=WS WS事件=14(簿10/增量0) 距上次WS=133.1s] [链上round=55340232221132494087 age=11s]
[22:43:17] t+  197s  BTC=77243.452 range= 85.556  Up    n/a/ 0.010  Down  0.990/   n/a  [盘口=WS WS事件=14(簿10/增量0) 距上次WS=135.8s] [链上round=55340232221132494087 age=14s]
[22:43:21] t+  200s  BTC=77243.452 range= 85.556  Up    n/a/ 0.010  Down  0.990/   n/a  [盘口=WS WS事件=14(簿10/增量0) 距上次WS=139.5s] [链上round=55340232221132494087 age=17s]
[22:43:24] t+  203s  BTC=77243.452 range= 85.556  Up    n/a/ 0.010  Down  0.990/   n/a  [盘口=WS WS事件=14(簿10/增量0) 距上次WS=142.4s] [链上round=55340232221132494087 age=20s]
[22:43:27] t+  206s  BTC=77243.452 range= 85.556  Up    n/a/ 0.010  Down  0.990/   n/a  [盘口=WS WS事件=14(簿10/增量0) 距上次WS=145.7s] [链上round=55340232221132494087 age=23s]
[22:43:34] t+  209s  BTC=77243.452 range= 85.556  Up    n/a/ 0.010  Down  0.990/   n/a  [盘口=WS WS事件=14(簿10/增量0) 距上次WS=152.4s] [链上round=55340232221132494087 age=30s]
[22:43:36] t+  216s  BTC=77255.981 range= 85.556  Up    n/a/ 0.010  Down  0.990/   n/a  [盘口=WS WS事件=14(簿10/增量0) 距上次WS=154.9s] [链上round=55340232221132494088 age=无]
[22:43:40] t+  219s  BTC=77255.981 range= 85.556  Up    n/a/ 0.010  Down  0.990/   n/a  [盘口=WS WS事件=14(簿10/增量0) 距上次WS=159.1s] [链上round=55340232221132494088 age=4s]
[22:43:45] t+  223s  BTC=77255.981 range= 85.556  Up    n/a/ 0.010  Down  0.990/   n/a  [盘口=WS WS事件=14(簿10/增量0) 距上次WS=164.1s] [链上round=55340232221132494088 age=9s]
[22:43:49] t+  228s  BTC=77255.981 range= 85.556  Up    n/a/ 0.010  Down  0.990/   n/a  [盘口=WS WS事件=14(簿10/增量0) 距上次WS=167.4s] [链上round=55340232221132494088 age=12s]
[22:43:53] t+  231s  BTC=77255.981 range= 85.556  Up    n/a/ 0.010  Down  0.990/   n/a  [盘口=WS WS事件=14(簿10/增量0) 距上次WS=171.4s] [链上round=55340232221132494088 age=16s]
[22:43:57] t+  235s  BTC=77255.981 range= 85.556  Up    n/a/ 0.010  Down  0.990/   n/a  [盘口=WS WS事件=14(簿10/增量0) 距上次WS=175.4s] [链上round=55340232221132494088 age=20s]
[22:44:00] t+  239s  BTC=77255.981 range= 85.556  Up    n/a/ 0.010  Down  0.990/   n/a  [盘口=WS WS事件=14(簿10/增量0) 距上次WS=178.6s] [链上round=55340232221132494088 age=23s]
[22:44:08] t+  242s  BTC=77255.981 range= 85.556  Up    n/a/ 0.010  Down  0.990/   n/a  [盘口=WS WS事件=14(簿10/增量0) 距上次WS=186.5s] [链上round=55340232221132494088 age=31s]
[22:44:11] t+  250s  BTC=77244.372 range= 85.556  Up    n/a/ 0.010  Down  0.990/   n/a  [盘口=WS WS事件=14(簿10/增量0) 距上次WS=189.9s] [链上round=55340232221132494089 age=2s]
[22:44:14] t+  254s  BTC=77244.372 range= 85.556  Up    n/a/ 0.010  Down  0.990/   n/a  [盘口=WS WS事件=14(簿10/增量0) 距上次WS=192.9s] [链上round=55340232221132494089 age=5s]
[22:44:17] t+  257s  BTC=77244.372 range= 85.556  Up    n/a/ 0.010  Down  0.990/   n/a  [盘口=WS WS事件=14(簿10/增量0) 距上次WS=195.9s] [链上round=55340232221132494089 age=8s]
[22:44:22] t+  260s  BTC=77244.372 range= 85.556  Up    n/a/ 0.010  Down  0.990/   n/a  [盘口=WS WS事件=14(簿10/增量0) 距上次WS=200.3s] [链上round=55340232221132494089 age=12s]
[22:44:24] t+  264s  BTC=77244.372 range= 85.556  Up    n/a/ 0.010  Down  0.990/   n/a  [盘口=WS WS事件=14(簿10/增量0) 距上次WS=202.7s] [链上round=55340232221132494089 age=14s]
[22:44:27] t+  266s  BTC=77244.372 range= 85.556  Up    n/a/ 0.010  Down  0.990/   n/a  [盘口=WS WS事件=14(簿10/增量0) 距上次WS=205.7s] [链上round=55340232221132494089 age=17s]
[22:44:30] t+  269s  BTC=77244.372 range= 85.556  Up    n/a/ 0.010  Down  0.990/   n/a  [盘口=WS WS事件=14(簿10/增量0) 距上次WS=209.2s] [链上round=55340232221132494089 age=21s]
[22:44:33] t+  273s  BTC=77244.372 range= 85.556  Up    n/a/ 0.010  Down  0.990/   n/a  [盘口=WS WS事件=14(簿10/增量0) 距上次WS=212.0s] [链上round=55340232221132494089 age=24s]
[22:44:38] t+  276s  BTC=77244.372 range= 85.556  Up    n/a/ 0.010  Down  0.990/   n/a  [盘口=WS WS事件=14(簿10/增量0) 距上次WS=216.3s] [链上round=55340232221132494089 age=28s]
[22:44:40] 本窗口未入场，进入下一个窗口（1/1）。
[22:44:40] 1 个窗口均未满足入场条件，未交易。
