[00:39:38] === 5min BTC 单笔交易  [LIVE 真实资金] ===
[00:39:38] 入场过滤: 窗口TWAP波动<$25 且 冷门方ask<0.30（开窗后75-135s）｜止盈价 0.65｜未止盈拿到结算
[00:39:38] 喂价: Polymarket RTDS Chainlink TWAP-60s（结算同源）｜日志: data\logs\trade5m_20260911_003938.log
[00:39:59] [窗口 1] 起点 1789058400（本地 00:39:59），开始持续监测 …
[00:40:06] 市场: Bitcoin Up or Down - September 10, 12:40PM-12:45PM ET  (minSize=5)
[00:40:07] t+    6s  TWAP=      n/a range=    n/a  Up  0.720/ 0.730×108  Down  0.270/ 0.280×362  [盘口=REST 簿龄=0.4s/10s WS事件=0(簿0/增量0) 距上次WS=从未] [TWAP#0 age=无]
[00:40:09] t+    9s  TWAP=76954.532 range=  0.000  Up  0.730/ 0.740×75  Down  0.260/ 0.270×777  [盘口=WS 簿龄=0.0s/10s WS事件=11(簿10/增量0) 距上次WS=0.0s] [TWAP#1 age=0s]
[00:40:11] t+   11s  TWAP=76956.514 range=  1.982  Up  0.680/ 0.690×156  Down  0.310/ 0.320×389  [盘口=WS 簿龄=0.1s/10s WS事件=118(簿82/增量0) 距上次WS=0.1s] [TWAP#3 age=0s]
[00:40:13] t+   13s  TWAP=76959.650 range=  5.118  Up  0.680/ 0.690×207  Down  0.310/ 0.320×818  [盘口=WS 簿龄=0.3s/10s WS事件=165(簿114/增量0) 距上次WS=0.2s] [TWAP#5 age=1s]
[00:40:15] t+   15s  TWAP=76961.735 range=  7.203  Up  0.660/ 0.670×709  Down  0.330/ 0.340×243  [盘口=WS 簿龄=0.3s/10s WS事件=195(簿134/增量0) 距上次WS=0.2s] [TWAP#7 age=0s]
[00:40:17] t+   17s  TWAP=76962.711 range=  8.180  Up  0.740/ 0.750×294  Down  0.250/ 0.260×330  [盘口=WS 簿龄=0.0s/10s WS事件=249(簿172/增量0) 距上次WS=0.0s] [TWAP#9 age=1s]
[00:40:19] t+   19s  TWAP=76964.628 range= 10.096  Up  0.720/ 0.740×518  Down  0.260/ 0.280×369  [盘口=WS 簿龄=0.2s/10s WS事件=283(簿194/增量0) 距上次WS=0.2s] [TWAP#11 age=1s]
[00:40:21] t+   21s  TWAP=76967.504 range= 12.972  Up  0.720/ 0.730×822  Down  0.270/ 0.280×143  [盘口=WS 簿龄=0.6s/10s WS事件=328(簿224/增量0) 距上次WS=0.6s] [TWAP#14 age=0s]
[00:40:23] t+   23s  TWAP=76969.652 range= 15.120  Up  0.690/ 0.710×563  Down  0.290/ 0.310×194  [盘口=WS 簿龄=0.0s/10s WS事件=347(簿238/增量0) 距上次WS=0.0s] [TWAP#15 age=0s]
[00:40:25] t+   25s  TWAP=76970.641 range= 16.110  Up  0.670/ 0.680×352  Down  0.320/ 0.330×179  [盘口=WS 簿龄=0.3s/10s WS事件=389(簿266/增量0) 距上次WS=0.3s] [TWAP#17 age=1s]
[00:40:27] t+   27s  TWAP=76971.597 range= 17.065  Up  0.690/ 0.700×11  Down  0.300/ 0.310×817  [盘口=WS 簿龄=0.6s/10s WS事件=412(簿280/增量0) 距上次WS=0.6s] [TWAP#18 age=2s]
[00:40:29] t+   29s  TWAP=76974.106 range= 19.575  Up  0.630/ 0.650×42  Down  0.350/ 0.370×21  [盘口=WS 簿龄=0.1s/10s WS事件=442(簿302/增量0) 距上次WS=0.0s] [TWAP#21 age=1s]
[00:40:31] t+   31s  TWAP=76975.516 range= 20.984  Up  0.640/ 0.650×31  Down  0.350/ 0.360×1124  [盘口=WS 簿龄=0.2s/10s WS事件=462(簿314/增量0) 距上次WS=0.1s] [TWAP#23 age=1s]
[00:40:34] t+   33s  TWAP=76978.132 range= 23.601  Up  0.650/ 0.660×762  Down  0.340/ 0.350×51  [盘口=REST 簿龄=无/10s WS事件=473(簿322/增量0) 距上次WS=2.5s] [TWAP#27 age=0s]
[00:40:36] t+   37s  TWAP=76978.758 range= 24.227  Up  0.640/ 0.650×770  Down  0.350/ 0.360×6  [盘口=WS 簿龄=0.5s/10s WS事件=489(簿334/增量0) 距上次WS=0.5s] [TWAP#28 age=1s]
[00:40:38] t+   39s  TWAP=76980.282 range= 25.751  Up  0.620/ 0.630×249  Down  0.370/ 0.380×22  [盘口=WS 簿龄=0.3s/10s WS事件=527(簿360/增量0) 距上次WS=0.3s] [TWAP#31 age=0s]
[00:40:40] t+   41s  TWAP=76980.783 range= 26.252  Up  0.620/ 0.630×45  Down  0.370/ 0.380×116  [盘口=WS 簿龄=0.1s/10s WS事件=570(簿388/增量0) 距上次WS=0.1s] [TWAP#32 age=1s]
[00:40:42] t+   43s  TWAP=76982.148 range= 27.617  Up  0.600/ 0.610×776  Down  0.390/ 0.400×33  [盘口=WS 簿龄=0.5s/10s WS事件=591(簿402/增量0) 距上次WS=0.4s] [TWAP#35 age=0s]
[00:40:44] t+   45s  TWAP=76982.404 range= 27.873  Up  0.630/ 0.640×23  Down  0.360/ 0.370×794  [盘口=WS 簿龄=0.3s/10s WS事件=620(簿422/增量0) 距上次WS=0.3s] [TWAP#36 age=1s]
[00:40:46] t+   47s  TWAP=76982.766 range= 28.234  Up  0.630/ 0.640×297  Down  0.360/ 0.370×542  [盘口=WS 簿龄=0.5s/10s WS事件=629(簿428/增量0) 距上次WS=0.3s] [TWAP#38 age=1s]
[00:40:48] t+   49s  TWAP=76982.865 range= 28.371  Up  0.680/ 0.690×88  Down  0.310/ 0.320×642  [盘口=WS 簿龄=0.1s/10s WS事件=663(簿452/增量0) 距上次WS=0.1s] [TWAP#41 age=0s]
[00:40:50] t+   51s  TWAP=76982.817 range= 28.371  Up  0.730/ 0.750×8  Down  0.250/ 0.270×920  [盘口=WS 簿龄=0.0s/10s WS事件=688(簿470/增量0) 距上次WS=0.0s] [TWAP#42 age=1s]
[00:40:52] t+   53s  TWAP=76982.732 range= 28.371  Up  0.760/ 0.770×84  Down  0.230/ 0.240×434  [盘口=WS 簿龄=0.4s/10s WS事件=732(簿498/增量0) 距上次WS=0.1s] [TWAP#44 age=1s]
[00:40:54] t+   55s  TWAP=76983.084 range= 28.552  Up  0.790/ 0.800×543  Down  0.200/ 0.210×310  [盘口=WS 簿龄=0.3s/10s WS事件=774(簿526/增量0) 距上次WS=0.2s] [TWAP#47 age=0s]
[00:40:56] t+   57s  TWAP=76983.414 range= 28.883  Up  0.790/ 0.800×101  Down  0.200/ 0.210×1240  [盘口=WS 簿龄=0.2s/10s WS事件=806(簿548/增量0) 距上次WS=0.1s] [TWAP#48 age=0s]
[00:40:58] t+   59s  TWAP=76984.456 range= 29.924  Up  0.800/ 0.810×416  Down  0.190/ 0.200×378  [盘口=WS 簿龄=0.0s/10s WS事件=830(簿564/增量0) 距上次WS=0.0s] [TWAP#50 age=0s]
[00:41:00] t+   61s  TWAP=76985.263 range= 30.732  Up  0.810/ 0.830×151  Down  0.170/ 0.190×849  [盘口=WS 簿龄=0.5s/10s WS事件=854(簿580/增量0) 距上次WS=0.5s] [TWAP#52 age=0s]
[00:41:02] t+   63s  TWAP=76985.702 range= 31.171  Up  0.810/ 0.820×29  Down  0.180/ 0.190×96  [盘口=WS 簿龄=0.0s/10s WS事件=891(簿606/增量0) 距上次WS=0.0s] [TWAP#54 age=1s]
[00:41:04] t+   65s  TWAP=76986.617 range= 32.086  Up  0.800/ 0.810×283  Down  0.190/ 0.200×270  [盘口=WS 簿龄=0.5s/10s WS事件=934(簿634/增量0) 距上次WS=0.5s] [TWAP#56 age=1s]
[00:41:06] t+   67s  TWAP=76987.442 range= 32.910  Up  0.810/ 0.830×11  Down  0.170/ 0.190×1235  [盘口=WS 簿龄=0.1s/10s WS事件=962(簿654/增量0) 距上次WS=0.1s] [TWAP#58 age=1s]
[00:41:11] t+   69s  TWAP=76989.229 range= 34.697  Up  0.820/ 0.830×23  Down  0.170/ 0.180×119  [盘口=REST 簿龄=无/10s WS事件=986(簿670/增量0) 距上次WS=2.9s] [TWAP#63 age=1s]
[00:41:13] t+   73s  TWAP=76990.061 range= 35.530  Up  0.820/ 0.830×57  Down  0.170/ 0.180×578  [盘口=WS 簿龄=0.6s/10s WS事件=1001(簿682/增量0) 距上次WS=0.6s] [TWAP#64 age=1s]
[00:41:15] t+   75s  TWAP=76990.712 range= 36.180  Up  0.820/ 0.830×14  Down  0.170/ 0.180×462  [盘口=WS 簿龄=1.8s/10s WS事件=1004(簿684/增量0) 距上次WS=1.8s] [TWAP#67 age=0s]
[00:41:15] [入场检查] ❌ 波动 $36.18 ≥ $25，放弃。
[00:41:17] t+   77s  TWAP=76991.436 range= 36.904  Up  0.830/ 0.840×256  Down  0.160/ 0.170×374  [盘口=WS 簿龄=0.2s/10s WS事件=1016(簿692/增量0) 距上次WS=0.2s] [TWAP#68 age=1s]
[00:41:19] t+   79s  TWAP=76991.811 range= 37.280  Up  0.840/ 0.850×202  Down  0.150/ 0.160×552  [盘口=WS 簿龄=0.2s/10s WS事件=1033(簿704/增量0) 距上次WS=0.2s] [TWAP#70 age=1s]
[00:41:21] t+   81s  TWAP=76992.657 range= 38.126  Up  0.840/ 0.850×825  Down  0.150/ 0.160×20  [盘口=WS 簿龄=0.1s/10s WS事件=1039(簿708/增量0) 距上次WS=0.1s] [TWAP#72 age=2s]
[00:41:23] t+   83s  TWAP=76993.740 range= 39.208  Up  0.810/ 0.820×125  Down  0.180/ 0.190×930  [盘口=WS 簿龄=0.8s/10s WS事件=1051(簿716/增量0) 距上次WS=0.8s] [TWAP#74 age=0s]
[00:41:25] t+   85s  TWAP=76994.385 range= 39.853  Up  0.810/ 0.820×413  Down  0.180/ 0.190×164  [盘口=WS 簿龄=0.9s/10s WS事件=1060(簿722/增量0) 距上次WS=0.9s] [TWAP#76 age=0s]
[00:41:27] t+   87s  TWAP=76995.018 range= 40.486  Up  0.810/ 0.820×338  Down  0.180/ 0.190×407  [盘口=WS 簿龄=1.5s/10s WS事件=1066(簿726/增量0) 距上次WS=1.4s] [TWAP#78 age=1s]
[00:41:29] t+   89s  TWAP=76995.721 range= 41.190  Up  0.800/ 0.810×782  Down  0.190/ 0.200×29  [盘口=WS 簿龄=1.3s/10s WS事件=1093(簿744/增量0) 距上次WS=1.2s] [TWAP#80 age=0s]
[00:41:31] t+   91s  TWAP=76996.532 range= 42.001  Up  0.810/ 0.820×444  Down  0.180/ 0.190×338  [盘口=WS 簿龄=0.2s/10s WS事件=1108(簿754/增量0) 距上次WS=0.2s] [TWAP#82 age=0s]
[00:41:35] t+   93s  TWAP=76998.245 range= 43.713  Up  0.800/ 0.810×572  Down  0.190/ 0.200×147  [盘口=REST 簿龄=无/10s WS事件=1120(簿762/增量0) 距上次WS=3.7s] [TWAP#85 age=1s]
[00:41:37] t+   98s  TWAP=76999.159 range= 44.628  Up  0.800/ 0.810×79  Down  0.190/ 0.200×788  [盘口=WS 簿龄=0.2s/10s WS事件=1137(簿774/增量0) 距上次WS=0.2s] [TWAP#86 age=1s]
[00:41:39] t+  100s  TWAP=76999.990 range= 45.458  Up  0.830/ 0.840×80  Down  0.160/ 0.170×627  [盘口=WS 簿龄=0.2s/10s WS事件=1166(簿794/增量0) 距上次WS=0.2s] [TWAP#88 age=0s]
[00:41:41] t+  102s  TWAP=77000.444 range= 45.912  Up  0.830/ 0.840×4  Down  0.160/ 0.170×750  [盘口=WS 簿龄=1.3s/10s WS事件=1172(簿798/增量0) 距上次WS=1.3s] [TWAP#89 age=2s]
[00:41:43] t+  104s  TWAP=77001.738 range= 47.207  Up  0.830/ 0.840×721  Down  0.160/ 0.170×54  [盘口=WS 簿龄=0.5s/10s WS事件=1202(簿818/增量0) 距上次WS=0.5s] [TWAP#91 age=1s]
[00:41:45] t+  106s  TWAP=77003.255 range= 48.724  Up  0.820/ 0.830×862  Down  0.170/ 0.180×90  [盘口=WS 簿龄=0.0s/10s WS事件=1225(簿834/增量0) 距上次WS=0.0s] [TWAP#94 age=0s]
[00:41:47] t+  108s  TWAP=77004.294 range= 49.763  Up  0.820/ 0.830×88  Down  0.170/ 0.180×740  [盘口=WS 簿龄=0.1s/10s WS事件=1255(簿854/增量0) 距上次WS=0.1s] [TWAP#96 age=0s]
[00:41:49] t+  110s  TWAP=77005.322 range= 50.790  Up  0.830/ 0.840×354  Down  0.160/ 0.170×49  [盘口=WS 簿龄=0.1s/10s WS事件=1282(簿872/增量0) 距上次WS=0.1s] [TWAP#97 age=1s]
[00:41:51] t+  112s  TWAP=77005.822 range= 51.290  Up  0.840/ 0.860×131  Down  0.140/ 0.160×638  [盘口=WS 簿龄=0.2s/10s WS事件=1307(簿888/增量0) 距上次WS=0.1s] [TWAP#99 age=1s]
[00:41:53] t+  114s  TWAP=77006.892 range= 52.360  Up  0.870/ 0.880×372  Down  0.120/ 0.130×93  [盘口=WS 簿龄=0.2s/10s WS事件=1348(簿916/增量0) 距上次WS=0.2s] [TWAP#101 age=1s]
[00:41:55] t+  116s  TWAP=77007.503 range= 52.972  Up  0.890/ 0.900×20  Down  0.100/ 0.110×944  [盘口=WS 簿龄=0.0s/10s WS事件=1407(簿958/增量0) 距上次WS=0.0s] [TWAP#103 age=1s]
[00:41:57] t+  118s  TWAP=77007.806 range= 53.275  Up  0.880/ 0.890×520  Down  0.110/ 0.120×59  [盘口=WS 簿龄=0.0s/10s WS事件=1454(簿990/增量0) 距上次WS=0.0s] [TWAP#105 age=1s]
[00:41:59] t+  120s  TWAP=77008.202 range= 53.670  Up  0.880/ 0.890×28  Down  0.110/ 0.120×401  [盘口=WS 簿龄=0.2s/10s WS事件=1479(簿1006/增量0) 距上次WS=0.2s] [TWAP#107 age=1s]
[00:42:01] t+  122s  TWAP=77008.581 range= 54.049  Up  0.900/ 0.910×15  Down  0.090/ 0.100×265  [盘口=WS 簿龄=0.0s/10s WS事件=1499(簿1020/增量0) 距上次WS=0.0s] [TWAP#109 age=1s]
[00:42:03] t+  124s  TWAP=77009.070 range= 54.539  Up  0.920/ 0.930×383  Down  0.070/ 0.080×168  [盘口=WS 簿龄=0.0s/10s WS事件=1544(簿1052/增量0) 距上次WS=0.0s] [TWAP#112 age=0s]
[00:42:05] t+  126s  TWAP=77009.400 range= 54.868  Up  0.910/ 0.920×578  Down  0.080/ 0.090×505  [盘口=WS 簿龄=0.0s/10s WS事件=1587(簿1080/增量0) 距上次WS=0.0s] [TWAP#113 age=0s]
[00:42:07] t+  128s  TWAP=77009.725 range= 55.193  Up  0.910/ 0.920×422  Down  0.080/ 0.090×379  [盘口=WS 簿龄=0.0s/10s WS事件=1608(簿1094/增量0) 距上次WS=0.0s] [TWAP#114 age=0s]
[00:42:10] t+  130s  TWAP=77010.709 range= 56.178  Up  0.900/ 0.910×459  Down  0.090/ 0.100×832  [盘口=REST 簿龄=无/10s WS事件=1628(簿1108/增量0) 距上次WS=1.5s] [TWAP#116 age=0s]
[00:42:12] t+  133s  TWAP=77010.938 range= 56.406  Up  0.910/ 0.920×330  Down  0.080/ 0.090×333  [盘口=WS 簿龄=0.2s/10s WS事件=1637(簿1114/增量0) 距上次WS=0.0s] [TWAP#117 age=1s]
[00:42:14] t+  135s  TWAP=77011.198 range= 56.666  Up  0.880/ 0.890×307  Down  0.110/ 0.120×370  [盘口=WS 簿龄=0.0s/10s WS事件=1686(簿1148/增量0) 距上次WS=0.0s] [TWAP#119 age=1s]
[00:42:16] t+  137s  TWAP=77011.546 range= 57.015  Up  0.850/ 0.860×102  Down  0.140/ 0.150×1060  [盘口=WS 簿龄=0.2s/10s WS事件=1726(簿1174/增量0) 距上次WS=0.1s] [TWAP#121 age=0s]
[00:42:18] t+  139s  TWAP=77011.814 range= 57.282  Up  0.850/ 0.880×964  Down  0.120/ 0.150×1062  [盘口=WS 簿龄=0.1s/10s WS事件=1748(簿1190/增量0) 距上次WS=0.1s] [TWAP#123 age=0s]
[00:42:20] t+  141s  TWAP=77011.774 range= 57.282  Up  0.860/ 0.870×99  Down  0.130/ 0.140×499  [盘口=WS 簿龄=0.1s/10s WS事件=1775(簿1208/增量0) 距上次WS=0.1s] [TWAP#124 age=1s]
[00:42:22] t+  143s  TWAP=77011.355 range= 57.282  Up  0.870/ 0.880×356  Down  0.120/ 0.130×627  [盘口=WS 簿龄=0.1s/10s WS事件=1791(簿1218/增量0) 距上次WS=0.1s] [TWAP#126 age=0s]
[00:42:24] t+  145s  TWAP=77011.232 range= 57.282  Up  0.870/ 0.880×637  Down  0.120/ 0.130×16  [盘口=WS 簿龄=0.0s/10s WS事件=1805(簿1228/增量0) 距上次WS=0.0s] [TWAP#127 age=1s]
[00:42:26] t+  147s  TWAP=77010.934 range= 57.282  Up  0.870/ 0.880×305  Down  0.120/ 0.130×297  [盘口=WS 簿龄=0.4s/10s WS事件=1818(簿1236/增量0) 距上次WS=0.4s] [TWAP#129 age=1s]
[00:42:28] t+  149s  TWAP=77010.668 range= 57.282  Up  0.870/ 0.880×89  Down  0.120/ 0.130×625  [盘口=WS 簿龄=0.3s/10s WS事件=1854(簿1262/增量0) 距上次WS=0.3s] [TWAP#131 age=0s]
[00:42:30] t+  151s  TWAP=77010.501 range= 57.282  Up  0.850/ 0.860×37  Down  0.140/ 0.150×415  [盘口=WS 簿龄=0.1s/10s WS事件=1891(簿1288/增量0) 距上次WS=0.1s] [TWAP#133 age=0s]
[00:42:32] t+  153s  TWAP=77010.419 range= 57.282  Up  0.860/ 0.870×191  Down  0.130/ 0.140×474  [盘口=WS 簿龄=0.0s/10s WS事件=1919(簿1306/增量0) 距上次WS=0.0s] [TWAP#134 age=1s]
[00:42:34] t+  155s  TWAP=77010.473 range= 57.282  Up  0.860/ 0.870×187  Down  0.130/ 0.140×486  [盘口=WS 簿龄=0.8s/10s WS事件=1931(簿1314/增量0) 距上次WS=0.8s] [TWAP#135 age=1s]
[00:42:36] t+  157s  TWAP=77010.415 range= 57.282  Up  0.860/ 0.870×41  Down  0.130/ 0.140×683  [盘口=WS 簿龄=0.1s/10s WS事件=1939(簿1320/增量0) 距上次WS=0.1s] [TWAP#137 age=0s]
[00:42:38] t+  159s  TWAP=77010.184 range= 57.282  Up  0.860/ 0.870×113  Down  0.130/ 0.140×457  [盘口=WS 簿龄=0.2s/10s WS事件=1955(簿1330/增量0) 距上次WS=0.0s] [TWAP#138 age=1s]
[00:42:40] t+  161s  TWAP=77009.975 range= 57.282  Up  0.830/ 0.870×111  Down  0.130/ 0.170×204  [盘口=WS 簿龄=0.2s/10s WS事件=1968(簿1338/增量0) 距上次WS=0.1s] [TWAP#139 age=1s]
[00:42:42] t+  163s  TWAP=77009.757 range= 57.282  Up  0.870/ 0.880×24  Down  0.120/ 0.130×95  [盘口=WS 簿龄=0.2s/10s WS事件=1980(簿1346/增量0) 距上次WS=0.1s] [TWAP#140 age=1s]
[00:42:44] t+  165s  TWAP=77009.582 range= 57.282  Up  0.830/ 0.840×459  Down  0.160/ 0.170×98  [盘口=WS 簿龄=0.4s/10s WS事件=2023(簿1376/增量0) 距上次WS=0.4s] [TWAP#142 age=0s]
[00:42:46] t+  167s  TWAP=77009.280 range= 57.282  Up  0.880/ 0.890×121  Down  0.110/ 0.120×338  [盘口=WS 簿龄=0.1s/10s WS事件=2056(簿1398/增量0) 距上次WS=0.1s] [TWAP#144 age=0s]
[00:42:48] t+  169s  TWAP=77009.117 range= 57.282  Up  0.890/ 0.900×332  Down  0.100/ 0.110×517  [盘口=WS 簿龄=0.4s/10s WS事件=2074(簿1410/增量0) 距上次WS=0.4s] [TWAP#146 age=1s]
[00:42:50] t+  171s  TWAP=77008.811 range= 57.282  Up  0.880/ 0.890×553  Down  0.110/ 0.120×80  [盘口=WS 簿龄=0.2s/10s WS事件=2098(簿1426/增量0) 距上次WS=0.2s] [TWAP#148 age=0s]
[00:42:52] t+  173s  TWAP=77008.566 range= 57.282  Up  0.870/ 0.880×630  Down  0.120/ 0.130×301  [盘口=WS 簿龄=0.1s/10s WS事件=2113(簿1436/增量0) 距上次WS=0.1s] [TWAP#150 age=0s]
[00:42:54] t+  175s  TWAP=77008.412 range= 57.282  Up  0.870/ 0.880×618  Down  0.120/ 0.130×478  [盘口=WS 簿龄=0.4s/10s WS事件=2119(簿1440/增量0) 距上次WS=0.4s] [TWAP#152 age=0s]
[00:42:56] t+  177s  TWAP=77008.160 range= 57.282  Up  0.890/ 0.910×396  Down  0.090/ 0.110×713  [盘口=WS 簿龄=0.1s/10s WS事件=2140(簿1454/增量0) 距上次WS=0.1s] [TWAP#154 age=0s]
[00:42:58] t+  179s  TWAP=77008.017 range= 57.282  Up  0.900/ 0.910×738  Down  0.090/ 0.100×36  [盘口=WS 簿龄=0.3s/10s WS事件=2151(簿1462/增量0) 距上次WS=0.3s] [TWAP#155 age=1s]
[00:43:00] t+  181s  TWAP=77007.472 range= 57.282  Up  0.870/ 0.880×311  Down  0.120/ 0.130×191  [盘口=WS 簿龄=0.2s/10s WS事件=2178(簿1480/增量0) 距上次WS=0.2s] [TWAP#157 age=1s]
[00:43:02] t+  183s  TWAP=77006.773 range= 57.282  Up  0.800/ 0.810×90  Down  0.190/ 0.200×451  [盘口=WS 簿龄=0.3s/10s WS事件=2270(簿1542/增量0) 距上次WS=0.2s] [TWAP#159 age=1s]
[00:43:04] t+  185s  TWAP=77005.772 range= 57.282  Up  0.720/ 0.730×50  Down  0.270/ 0.280×236  [盘口=WS 簿龄=0.0s/10s WS事件=2386(簿1624/增量0) 距上次WS=0.0s] [TWAP#161 age=0s]
[00:43:06] t+  187s  TWAP=77005.248 range= 57.282  Up  0.710/ 0.720×594  Down  0.280/ 0.290×57  [盘口=WS 簿龄=0.2s/10s WS事件=2454(簿1670/增量0) 距上次WS=0.0s] [TWAP#162 age=0s]
[00:43:08] t+  189s  TWAP=77004.592 range= 57.282  Up  0.580/ 0.590×429  Down  0.410/ 0.420×20  [盘口=WS 簿龄=0.0s/10s WS事件=2523(簿1716/增量0) 距上次WS=0.0s] [TWAP#164 age=1s]
[00:43:12] t+  191s  TWAP=77000.432 range= 57.282  Up  0.480/ 0.490×20  Down  0.460/ 0.470×272  [盘口=REST 簿龄=无/10s WS事件=2627(簿1788/增量0) 距上次WS=1.6s] [TWAP#168 age=0s]
[00:43:14] t+  194s  TWAP=76997.284 range= 57.282  Up  0.480/ 0.490×20  Down  0.500/ 0.510×607  [盘口=REST 簿龄=无/10s WS事件=2627(簿1788/增量0) 距上次WS=4.3s] [TWAP#171 age=0s]
[00:43:17] t+  197s  TWAP=76994.033 range= 57.282  Up  0.500/ 0.510×170  Down  0.520/ 0.530×40  [盘口=REST 簿龄=无/10s WS事件=2627(簿1788/增量0) 距上次WS=7.2s] [TWAP#174 age=0s]
[00:43:20] t+  200s  TWAP=76991.282 range= 57.282  Up  0.530/ 0.540×627  Down  0.490/ 0.500×34  [盘口=REST 簿龄=0.3s/10s WS事件=2700(簿1840/增量0) 距上次WS=0.3s] [TWAP#177 age=0s]
[00:43:22] t+  203s  TWAP=76989.596 range= 57.282  Up  0.500/ 0.510×510  Down  0.490/ 0.500×71  [盘口=WS 簿龄=0.2s/10s WS事件=2736(簿1864/增量0) 距上次WS=0.2s] [TWAP#179 age=0s]
[00:43:24] t+  205s  TWAP=76989.596 range= 57.282  Up  0.480/ 0.500×164  Down  0.500/ 0.520×33  [盘口=WS 簿龄=1.8s/10s WS事件=2745(簿1870/增量0) 距上次WS=1.7s] [TWAP#179 age=2s]
[00:43:26] t+  207s  TWAP=76986.015 range= 57.282  Up  0.420/ 0.430×502  Down  0.570/ 0.580×56  [盘口=WS 簿龄=0.2s/10s WS事件=2910(簿1982/增量0) 距上次WS=0.2s] [TWAP#182 age=1s]
[00:43:28] t+  209s  TWAP=76983.172 range= 57.282  Up  0.490/ 0.500×108  Down  0.500/ 0.510×197  [盘口=WS 簿龄=0.1s/10s WS事件=3004(簿2044/增量0) 距上次WS=0.0s] [TWAP#185 age=0s]
[00:43:31] t+  211s  TWAP=76982.224 range= 57.282  Up  0.480/ 0.490×276  Down  0.510/ 0.520×179  [盘口=WS 簿龄=0.1s/10s WS事件=3079(簿2094/增量0) 距上次WS=0.1s] [TWAP#187 age=0s]
[00:43:33] t+  213s  TWAP=76980.299 range= 57.282  Up  0.500/ 0.510×641  Down  0.490/ 0.500×85  [盘口=WS 簿龄=0.1s/10s WS事件=3121(簿2122/增量0) 距上次WS=0.1s] [TWAP#189 age=0s]
[00:43:35] t+  215s  TWAP=76978.462 range= 57.282  Up  0.420/ 0.430×30  Down  0.570/ 0.580×30  [盘口=WS 簿龄=0.2s/10s WS事件=3152(簿2144/增量0) 距上次WS=0.2s] [TWAP#191 age=0s]
[00:43:37] t+  217s  TWAP=76976.829 range= 57.282  Up  0.480/ 0.490×133  Down  0.510/ 0.520×240  [盘口=WS 簿龄=0.0s/10s WS事件=3210(簿2182/增量0) 距上次WS=0.0s] [TWAP#193 age=1s]
[00:43:39] t+  219s  TWAP=76975.219 range= 57.282  Up  0.410/ 0.430×87  Down  0.570/ 0.590×33  [盘口=WS 簿龄=0.0s/10s WS事件=3263(簿2218/增量0) 距上次WS=0.0s] [TWAP#195 age=1s]
[00:43:41] t+  221s  TWAP=76973.615 range= 57.282  Up  0.340/ 0.400×60  Down  0.600/ 0.660×6  [盘口=WS 簿龄=0.2s/10s WS事件=3326(簿2260/增量0) 距上次WS=0.2s] [TWAP#196 age=1s]
[00:43:43] t+  223s  TWAP=76971.992 range= 57.282  Up  0.240/ 0.250×369  Down  0.750/ 0.760×351  [盘口=WS 簿龄=0.1s/10s WS事件=3513(簿2386/增量0) 距上次WS=0.1s] [TWAP#198 age=0s]
[00:43:45] t+  225s  TWAP=76971.171 range= 57.282  Up  0.240/ 0.260×305  Down  0.740/ 0.760×99  [盘口=WS 簿龄=0.0s/10s WS事件=3622(簿2460/增量0) 距上次WS=0.0s] [TWAP#199 age=1s]
[00:43:47] t+  227s  TWAP=76968.487 range= 57.282  Up  0.280/ 0.290×12  Down  0.710/ 0.720×126  [盘口=WS 簿龄=0.1s/10s WS事件=3748(簿2546/增量0) 距上次WS=0.0s] [TWAP#202 age=0s]
[00:43:49] t+  229s  TWAP=76966.653 range= 57.282  Up  0.320/ 0.330×27  Down  0.670/ 0.680×445  [盘口=WS 簿龄=0.1s/10s WS事件=3845(簿2612/增量0) 距上次WS=0.1s] [TWAP#204 age=0s]
[00:43:51] t+  231s  TWAP=76965.763 range= 57.282  Up  0.340/ 0.360×269  Down  0.640/ 0.660×120  [盘口=WS 簿龄=0.2s/10s WS事件=3909(簿2654/增量0) 距上次WS=0.1s] [TWAP#205 age=2s]
[00:43:53] t+  233s  TWAP=76962.906 range= 57.282  Up  0.460/ 0.470×46  Down  0.530/ 0.540×30  [盘口=WS 簿龄=0.1s/10s WS事件=4004(簿2718/增量0) 距上次WS=0.0s] [TWAP#208 age=0s]
[00:43:55] t+  235s  TWAP=76960.928 range= 57.282  Up  0.620/ 0.630×418  Down  0.370/ 0.380×201  [盘口=WS 簿龄=0.1s/10s WS事件=4126(簿2802/增量0) 距上次WS=0.1s] [TWAP#210 age=0s]
[00:43:57] t+  237s  TWAP=76959.079 range= 57.282  Up  0.630/ 0.640×17  Down  0.360/ 0.370×75  [盘口=WS 簿龄=0.2s/10s WS事件=4230(簿2870/增量0) 距上次WS=0.0s] [TWAP#212 age=0s]
[00:43:59] t+  239s  TWAP=76957.332 range= 57.282  Up  0.590/ 0.600×22  Down  0.400/ 0.410×10  [盘口=WS 簿龄=0.0s/10s WS事件=4271(簿2898/增量0) 距上次WS=0.0s] [TWAP#214 age=1s]
[00:44:06] 本窗口未入场，进入下一个窗口（1/20）。
[00:44:59] [窗口 2] 起点 1789058700（本地 00:44:59），开始持续监测 …
[00:45:00] 市场: Bitcoin Up or Down - September 10, 12:45PM-12:50PM ET  (minSize=5)
[00:45:00] t+    0s  TWAP=      n/a range=    n/a  Up  0.620/ 0.630×94  Down  0.370/ 0.380×42  [盘口=REST 簿龄=无/10s WS事件=0(簿0/增量0) 距上次WS=从未] [TWAP#0 age=无]
[00:45:02] t+    3s  TWAP=76986.429 range=  0.000  Up  0.630/ 0.640×105  Down  0.360/ 0.370×25  [盘口=WS 簿龄=0.0s/10s WS事件=13(簿10/增量0) 距上次WS=0.0s] [TWAP#1 age=1s]
[00:45:04] t+    5s  TWAP=76987.349 range=  0.921  Up  0.710/ 0.720×10  Down  0.280/ 0.290×42  [盘口=WS 簿龄=0.2s/10s WS事件=85(簿60/增量0) 距上次WS=0.2s] [TWAP#2 age=0s]
[00:45:06] t+    7s  TWAP=76989.197 range=  2.768  Up  0.730/ 0.740×59  Down  0.260/ 0.270×503  [盘口=WS 簿龄=0.5s/10s WS事件=133(簿92/增量0) 距上次WS=0.4s] [TWAP#4 age=1s]
[00:45:09] t+    9s  TWAP=76991.328 range=  4.900  Up  0.730/ 0.740×252  Down  0.260/ 0.270×153  [盘口=WS 簿龄=0.2s/10s WS事件=163(簿114/增量0) 距上次WS=0.2s] [TWAP#7 age=0s]
[00:45:11] t+   11s  TWAP=76992.986 range=  6.557  Up  0.740/ 0.750×111  Down  0.250/ 0.260×21  [盘口=WS 簿龄=0.1s/10s WS事件=182(簿126/增量0) 距上次WS=0.1s] [TWAP#9 age=0s]
[00:45:13] t+   13s  TWAP=76993.814 range=  7.385  Up  0.740/ 0.750×477  Down  0.250/ 0.260×193  [盘口=WS 簿龄=0.4s/10s WS事件=206(簿142/增量0) 距上次WS=0.4s] [TWAP#10 age=2s]
[00:45:15] t+   15s  TWAP=76997.078 range= 10.650  Up  0.730/ 0.740×117  Down  0.260/ 0.270×713  [盘口=REST 簿龄=0.2s/10s WS事件=218(簿150/增量0) 距上次WS=2.7s] [TWAP#12 age=1s]
[00:45:17] t+   18s  TWAP=76998.718 range= 12.289  Up  0.730/ 0.740×132  Down  0.260/ 0.270×432  [盘口=WS 簿龄=1.8s/10s WS事件=227(簿156/增量0) 距上次WS=1.0s] [TWAP#13 age=1s]
[00:45:19] t+   20s  TWAP=77000.350 range= 13.921  Up  0.730/ 0.740×2  Down  0.260/ 0.270×1195  [盘口=WS 簿龄=0.3s/10s WS事件=249(簿172/增量0) 距上次WS=0.1s] [TWAP#15 age=1s]
[00:45:22] t+   22s  TWAP=77002.010 range= 15.581  Up  0.750/ 0.760×289  Down  0.240/ 0.250×530  [盘口=WS 簿龄=0.2s/10s WS事件=277(簿190/增量0) 距上次WS=0.1s] [TWAP#18 age=0s]
[00:45:24] t+   24s  TWAP=77003.822 range= 17.394  Up  0.770/ 0.780×272  Down  0.220/ 0.230×540  [盘口=WS 簿龄=0.1s/10s WS事件=330(簿226/增量0) 距上次WS=0.1s] [TWAP#20 age=0s]
[00:45:26] t+   26s  TWAP=77004.740 range= 18.311  Up  0.770/ 0.790×86  Down  0.210/ 0.230×296  [盘口=WS 簿龄=0.4s/10s WS事件=439(簿298/增量0) 距上次WS=0.0s] [TWAP#21 age=1s]
[00:45:28] t+   28s  TWAP=77007.484 range= 21.055  Up  0.790/ 0.800×224  Down  0.200/ 0.210×562  [盘口=WS 簿龄=0.5s/10s WS事件=505(簿342/增量0) 距上次WS=0.4s] [TWAP#23 age=1s]
[00:45:30] t+   30s  TWAP=77009.371 range= 22.943  Up  0.820/ 0.830×414  Down  0.170/ 0.180×246  [盘口=WS 簿龄=0.2s/10s WS事件=546(簿370/增量0) 距上次WS=0.1s] [TWAP#25 age=1s]
[00:45:32] t+   32s  TWAP=77011.381 range= 24.952  Up  0.820/ 0.830×190  Down  0.170/ 0.180×448  [盘口=WS 簿龄=0.2s/10s WS事件=573(簿388/增量0) 距上次WS=0.2s] [TWAP#27 age=1s]
[00:45:34] t+   34s  TWAP=77012.451 range= 26.022  Up  0.830/ 0.840×299  Down  0.160/ 0.170×1643  [盘口=WS 簿龄=0.5s/10s WS事件=597(簿404/增量0) 距上次WS=0.4s] [TWAP#29 age=1s]
[00:45:36] t+   36s  TWAP=77014.852 range= 28.424  Up  0.840/ 0.850×183  Down  0.150/ 0.160×416  [盘口=WS 簿龄=0.3s/10s WS事件=654(簿444/增量0) 距上次WS=0.1s] [TWAP#31 age=1s]
[00:45:38] t+   38s  TWAP=77018.537 range= 32.108  Up  0.830/ 0.840×331  Down  0.160/ 0.170×80  [盘口=WS 簿龄=0.4s/10s WS事件=681(簿462/增量0) 距上次WS=0.4s] [TWAP#34 age=0s]
[00:45:40] t+   40s  TWAP=77021.085 range= 34.656  Up  0.820/ 0.830×271  Down  0.170/ 0.180×559  [盘口=WS 簿龄=0.3s/10s WS事件=707(簿480/增量0) 距上次WS=0.2s] [TWAP#36 age=0s]
[00:45:42] t+   42s  TWAP=77023.377 range= 36.948  Up  0.840/ 0.850×87  Down  0.150/ 0.160×545  [盘口=WS 簿龄=0.0s/10s WS事件=743(簿504/增量0) 距上次WS=0.0s] [TWAP#38 age=0s]
[00:45:44] t+   44s  TWAP=77025.398 range= 38.969  Up  0.840/ 0.850×184  Down  0.150/ 0.160×366  [盘口=WS 簿龄=0.1s/10s WS事件=758(簿514/增量0) 距上次WS=0.1s] [TWAP#40 age=0s]
[00:45:46] t+   46s  TWAP=77027.343 range= 40.915  Up  0.840/ 0.850×176  Down  0.150/ 0.160×544  [盘口=WS 簿龄=0.2s/10s WS事件=770(簿522/增量0) 距上次WS=0.1s] [TWAP#42 age=1s]
[00:45:48] t+   48s  TWAP=77029.333 range= 42.905  Up  0.850/ 0.860×289  Down  0.140/ 0.150×623  [盘口=WS 簿龄=0.3s/10s WS事件=793(簿538/增量0) 距上次WS=0.3s] [TWAP#44 age=0s]
[00:45:50] t+   50s  TWAP=77031.266 range= 44.838  Up  0.850/ 0.860×231  Down  0.140/ 0.150×590  [盘口=WS 簿龄=2.0s/10s WS事件=796(簿540/增量0) 距上次WS=1.9s] [TWAP#46 age=0s]
[00:45:52] t+   52s  TWAP=77033.244 range= 46.815  Up  0.840/ 0.850×223  Down  0.150/ 0.160×1237  [盘口=WS 簿龄=0.4s/10s WS事件=821(簿558/增量0) 距上次WS=0.4s] [TWAP#48 age=0s]
[00:45:54] t+   54s  TWAP=77034.999 range= 48.570  Up  0.850/ 0.860×45  Down  0.140/ 0.150×853  [盘口=WS 簿龄=0.9s/10s WS事件=833(簿566/增量0) 距上次WS=0.9s] [TWAP#50 age=1s]
[00:45:56] t+   56s  TWAP=77036.653 range= 50.224  Up  0.850/ 0.860×160  Down  0.140/ 0.150×1113  [盘口=WS 簿龄=0.3s/10s WS事件=839(簿570/增量0) 距上次WS=0.3s] [TWAP#51 age=0s]
[00:45:58] t+   58s  TWAP=77038.325 range= 51.896  Up  0.860/ 0.870×363  Down  0.130/ 0.140×601  [盘口=WS 簿龄=0.1s/10s WS事件=848(簿576/增量0) 距上次WS=0.0s] [TWAP#53 age=1s]
[00:46:00] t+   60s  TWAP=77040.135 range= 53.706  Up  0.860/ 0.870×397  Down  0.130/ 0.140×197  [盘口=WS 簿龄=0.7s/10s WS事件=857(簿582/增量0) 距上次WS=0.7s] [TWAP#55 age=0s]
[00:46:02] t+   62s  TWAP=77042.798 range= 56.369  Up  0.850/ 0.860×87  Down  0.140/ 0.150×601  [盘口=WS 簿龄=0.1s/10s WS事件=898(簿610/增量0) 距上次WS=0.1s] [TWAP#57 age=0s]
[00:46:04] t+   64s  TWAP=77043.682 range= 57.253  Up  0.850/ 0.860×148  Down  0.140/ 0.150×743  [盘口=WS 簿龄=1.3s/10s WS事件=916(簿622/增量0) 距上次WS=1.3s] [TWAP#59 age=0s]
[00:46:06] t+   66s  TWAP=77045.420 range= 58.991  Up  0.870/ 0.880×363  Down  0.120/ 0.130×218  [盘口=WS 簿龄=0.2s/10s WS事件=925(簿628/增量0) 距上次WS=0.2s] [TWAP#61 age=1s]
[00:46:08] t+   68s  TWAP=77047.145 range= 60.717  Up  0.880/ 0.890×216  Down  0.110/ 0.120×485  [盘口=WS 簿龄=0.0s/10s WS事件=954(簿648/增量0) 距上次WS=0.0s] [TWAP#63 age=1s]
[00:46:10] t+   70s  TWAP=77048.475 range= 62.047  Up  0.880/ 0.890×205  Down  0.110/ 0.120×749  [盘口=WS 簿龄=0.5s/10s WS事件=969(簿658/增量0) 距上次WS=0.4s] [TWAP#65 age=0s]
[00:46:12] t+   72s  TWAP=77049.522 range= 63.094  Up  0.890/ 0.900×98  Down  0.100/ 0.110×546  [盘口=WS 簿龄=0.1s/10s WS事件=993(簿674/增量0) 距上次WS=0.0s] [TWAP#67 age=1s]
[00:46:14] t+   74s  TWAP=77050.688 range= 64.260  Up  0.890/ 0.900×194  Down  0.100/ 0.110×958  [盘口=WS 簿龄=0.5s/10s WS事件=1008(簿684/增量0) 距上次WS=0.5s] [TWAP#69 age=1s]
[00:46:17] t+   76s  TWAP=77053.069 range= 66.640  Up  0.900/ 0.910×167  Down  0.090/ 0.100×1519  [盘口=REST 簿龄=无/10s WS事件=1023(簿694/增量0) 距上次WS=2.5s] [TWAP#72 age=0s]
[00:46:17] [入场检查] ❌ 波动 $66.64 ≥ $25，放弃。
[00:46:19] t+   79s  TWAP=77054.309 range= 67.880  Up  0.900/ 0.910×236  Down  0.090/ 0.100×1445  [盘口=WS 簿龄=0.9s/10s WS事件=1031(簿700/增量0) 距上次WS=0.7s] [TWAP#74 age=0s]
[00:46:21] t+   81s  TWAP=77054.929 range= 68.500  Up  0.920/ 0.930×143  Down  0.070/ 0.080×993  [盘口=WS 簿龄=0.1s/10s WS事件=1089(簿740/增量0) 距上次WS=0.1s] [TWAP#76 age=1s]
[00:46:23] t+   83s  TWAP=77056.268 range= 69.839  Up  0.940/ 0.950×365  Down  0.050/ 0.060×444  [盘口=WS 簿龄=0.0s/10s WS事件=1107(簿754/增量0) 距上次WS=0.0s] [TWAP#78 age=0s]
[00:46:25] t+   85s  TWAP=77057.535 range= 71.106  Up  0.940/ 0.950×470  Down  0.050/ 0.060×274  [盘口=WS 簿龄=0.1s/10s WS事件=1146(簿778/增量0) 距上次WS=0.1s] [TWAP#80 age=1s]
[00:46:27] t+   87s  TWAP=77058.159 range= 71.730  Up  0.940/ 0.950×94  Down  0.050/ 0.060×603  [盘口=WS 簿龄=0.6s/10s WS事件=1155(簿784/增量0) 距上次WS=0.6s] [TWAP#81 age=1s]
[00:46:29] t+   89s  TWAP=77060.506 range= 74.077  Up  0.950/ 0.960×189  Down  0.040/ 0.050×544  [盘口=WS 簿龄=0.1s/10s WS事件=1175(簿798/增量0) 距上次WS=0.1s] [TWAP#84 age=1s]
[00:46:31] t+   91s  TWAP=77062.278 range= 75.849  Up  0.950/ 0.960×435  Down  0.040/ 0.050×293  [盘口=WS 簿龄=0.0s/10s WS事件=1193(簿810/增量0) 距上次WS=0.0s] [TWAP#86 age=0s]
[00:46:33] t+   93s  TWAP=77063.185 range= 76.756  Up  0.940/ 0.950×76  Down  0.050/ 0.060×424  [盘口=WS 簿龄=0.3s/10s WS事件=1221(簿828/增量0) 距上次WS=0.3s] [TWAP#87 age=1s]
[00:46:35] t+   95s  TWAP=77065.935 range= 79.506  Up  0.950/ 0.960×494  Down  0.040/ 0.050×124  [盘口=WS 簿龄=0.9s/10s WS事件=1230(簿834/增量0) 距上次WS=0.9s] [TWAP#89 age=0s]
[00:46:37] t+   97s  TWAP=77067.698 range= 81.270  Up  0.960/ 0.970×1288  Down  0.030/ 0.040×133  [盘口=WS 簿龄=0.7s/10s WS事件=1244(簿844/增量0) 距上次WS=0.7s] [TWAP#91 age=0s]
[00:46:39] t+   99s  TWAP=77069.085 range= 82.656  Up  0.960/ 0.970×664  Down  0.030/ 0.040×684  [盘口=WS 簿龄=0.3s/10s WS事件=1265(簿858/增量0) 距上次WS=0.2s] [TWAP#93 age=0s]
[00:46:41] t+  101s  TWAP=77070.434 range= 84.005  Up  0.960/ 0.970×518  Down  0.030/ 0.040×665  [盘口=WS 簿龄=0.0s/10s WS事件=1294(簿878/增量0) 距上次WS=0.0s] [TWAP#95 age=0s]
[00:46:43] t+  103s  TWAP=77071.099 range= 84.671  Up  0.960/ 0.970×417  Down  0.030/ 0.040×711  [盘口=WS 簿龄=0.1s/10s WS事件=1305(簿886/增量0) 距上次WS=0.1s] [TWAP#96 age=1s]
[00:46:45] t+  105s  TWAP=77072.549 range= 86.120  Up  0.960/ 0.970×346  Down  0.030/ 0.040×452  [盘口=WS 簿龄=0.4s/10s WS事件=1343(簿910/增量0) 距上次WS=0.4s] [TWAP#98 age=1s]
[00:46:47] t+  107s  TWAP=77075.428 range= 88.999  Up  0.970/ 0.980×1253  Down  0.020/ 0.030×452  [盘口=WS 簿龄=0.5s/10s WS事件=1373(簿930/增量0) 距上次WS=0.4s] [TWAP#100 age=0s]
[00:46:49] t+  109s  TWAP=77077.521 range= 91.093  Up  0.970/ 0.980×943  Down  0.020/ 0.030×884  [盘口=WS 簿龄=0.7s/10s WS事件=1397(簿946/增量0) 距上次WS=0.7s] [TWAP#102 age=0s]
[00:46:51] t+  111s  TWAP=77079.527 range= 93.098  Up  0.970/ 0.980×440  Down  0.020/ 0.030×1044  [盘口=WS 簿龄=0.0s/10s WS事件=1419(簿962/增量0) 距上次WS=0.0s] [TWAP#104 age=0s]
[00:46:53] t+  113s  TWAP=77081.547 range= 95.118  Up  0.970/ 0.980×42  Down  0.020/ 0.030×1020  [盘口=WS 簿龄=0.4s/10s WS事件=1435(簿972/增量0) 距上次WS=0.4s] [TWAP#106 age=0s]
[00:46:55] t+  115s  TWAP=77084.051 range= 97.622  Up  0.970/ 0.990×5434  Down  0.010/ 0.030×770  [盘口=WS 簿龄=0.3s/10s WS事件=1462(簿990/增量0) 距上次WS=0.2s] [TWAP#108 age=0s]
[00:46:57] t+  117s  TWAP=77085.516 range= 99.087  Up  0.970/ 0.980×158  Down  0.020/ 0.030×1105  [盘口=WS 簿龄=0.8s/10s WS事件=1471(簿996/增量0) 距上次WS=0.8s] [TWAP#109 age=1s]
[00:46:59] t+  119s  TWAP=77088.633 range=102.204  Up  0.970/ 0.980×184  Down  0.020/ 0.030×1062  [盘口=WS 簿龄=0.1s/10s WS事件=1483(簿1004/增量0) 距上次WS=0.1s] [TWAP#111 age=1s]
[00:47:01] t+  121s  TWAP=77093.158 range=106.730  Up  0.970/ 0.980×41  Down  0.020/ 0.030×742  [盘口=WS 簿龄=0.5s/10s WS事件=1501(簿1016/增量0) 距上次WS=0.4s] [TWAP#113 age=0s]
[00:47:03] t+  123s  TWAP=77096.103 range=109.674  Up  0.980/ 0.990×5065  Down  0.010/ 0.020×390  [盘口=WS 簿龄=0.0s/10s WS事件=1515(簿1026/增量0) 距上次WS=0.0s] [TWAP#115 age=1s]
[00:47:05] t+  125s  TWAP=77098.683 range=112.254  Up  0.980/ 0.990×4854  Down  0.010/ 0.020×411  [盘口=WS 簿龄=0.8s/10s WS事件=1530(簿1036/增量0) 距上次WS=0.8s] [TWAP#117 age=1s]
[00:47:07] t+  127s  TWAP=77101.500 range=115.071  Up  0.980/ 0.990×72  Down  0.010/ 0.020×917  [盘口=WS 簿龄=0.0s/10s WS事件=1551(簿1050/增量0) 距上次WS=0.0s] [TWAP#119 age=1s]
[00:47:09] t+  129s  TWAP=77106.106 range=119.677  Up  0.990/   n/a  Down    n/a/ 0.010×1734  [盘口=WS 簿龄=0.3s/10s WS事件=1557(簿1054/增量0) 距上次WS=0.3s] [TWAP#121 age=0s]
[00:47:11] t+  131s  TWAP=77109.248 range=122.820  Up  0.990/   n/a  Down    n/a/ 0.010×1011  [盘口=WS 簿龄=0.9s/10s WS事件=1563(簿1058/增量0) 距上次WS=0.9s] [TWAP#123 age=0s]
[00:47:13] t+  133s  TWAP=77110.778 range=124.349  Up  0.990/   n/a  Down    n/a/ 0.010×1016  [盘口=WS 簿龄=1.0s/10s WS事件=1566(簿1060/增量0) 距上次WS=1.0s] [TWAP#125 age=1s]
[00:47:15] t+  135s  TWAP=77113.851 range=127.422  Up  0.990/   n/a  Down    n/a/ 0.010×2337  [盘口=WS 簿龄=0.8s/10s WS事件=1569(簿1062/增量0) 距上次WS=0.7s] [TWAP#127 age=0s]
[00:47:17] t+  137s  TWAP=77116.880 range=130.451  Up  0.990/   n/a  Down    n/a/ 0.010×1837  [盘口=WS 簿龄=0.1s/10s WS事件=1572(簿1064/增量0) 距上次WS=0.0s] [TWAP#129 age=0s]
[00:47:19] t+  139s  TWAP=77118.398 range=131.969  Up  0.990/   n/a  Down    n/a/ 0.010×1837  [盘口=WS 簿龄=2.1s/10s WS事件=1572(簿1064/增量0) 距上次WS=2.0s] [TWAP#130 age=2s]
[00:47:21] t+  141s  TWAP=77122.865 range=136.437  Up  0.990/   n/a  Down    n/a/ 0.010×1837  [盘口=WS 簿龄=4.1s/10s WS事件=1572(簿1064/增量0) 距上次WS=4.0s] [TWAP#132 age=1s]
[00:47:23] t+  143s  TWAP=77125.644 range=139.216  Up  0.990/   n/a  Down    n/a/ 0.010×1837  [盘口=WS 簿龄=6.1s/10s WS事件=1572(簿1064/增量0) 距上次WS=6.0s] [TWAP#134 age=1s]
[00:47:25] t+  145s  TWAP=77127.035 range=140.606  Up  0.990/   n/a  Down    n/a/ 0.010×1837  [盘口=WS 簿龄=8.1s/10s WS事件=1572(簿1064/增量0) 距上次WS=8.0s] [TWAP#135 age=1s]
[00:47:28] t+  147s  TWAP=77133.702 range=147.274  Up  0.990/   n/a  Down    n/a/ 0.010×4093  [盘口=REST 簿龄=11.2s/10s WS事件=1572(簿1064/增量0) 距上次WS=11.1s] [TWAP#139 age=0s]
[00:47:31] t+  150s  TWAP=77137.478 range=151.049  Up  0.990/   n/a  Down    n/a/ 0.010×4235  [盘口=REST 簿龄=14.2s/10s WS事件=1572(簿1064/增量0) 距上次WS=14.2s] [TWAP#142 age=0s]
[00:47:34] t+  154s  TWAP=77139.852 range=153.423  Up  0.990/   n/a  Down    n/a/ 0.010×4692  [盘口=REST 簿龄=16.9s/10s WS事件=1572(簿1064/增量0) 距上次WS=16.9s] [TWAP#145 age=1s]
[00:47:37] t+  156s  TWAP=77143.763 range=157.334  Up  0.990/   n/a  Down    n/a/ 0.010×4891  [盘口=REST 簿龄=20.1s/10s WS事件=1572(簿1064/增量0) 距上次WS=20.0s] [TWAP#147 age=0s]
[00:47:41] t+  159s  TWAP=77148.327 range=161.898  Up  0.990/   n/a  Down    n/a/ 0.010×4906  [盘口=REST 簿龄=24.5s/10s WS事件=1572(簿1064/增量0) 距上次WS=24.5s] [TWAP#150 age=1s]
[00:47:43] t+  164s  TWAP=77151.574 range=165.145  Up  0.990/   n/a  Down    n/a/ 0.010×4811  [盘口=WS 簿龄=1.6s/10s WS事件=1575(簿1066/增量0) 距上次WS=1.6s] [TWAP#151 age=1s]
[00:47:45] t+  166s  TWAP=77157.440 range=171.012  Up  0.990/   n/a  Down    n/a/ 0.010×4811  [盘口=WS 簿龄=3.6s/10s WS事件=1575(簿1066/增量0) 距上次WS=3.6s] [TWAP#153 age=1s]
[00:47:47] t+  168s  TWAP=77160.144 range=173.715  Up  0.990/   n/a  Down    n/a/ 0.010×4811  [盘口=WS 簿龄=5.6s/10s WS事件=1575(簿1066/增量0) 距上次WS=5.6s] [TWAP#156 age=0s]
[00:47:49] t+  170s  TWAP=77162.843 range=176.415  Up  0.990/   n/a  Down    n/a/ 0.010×4811  [盘口=WS 簿龄=7.6s/10s WS事件=1575(簿1066/增量0) 距上次WS=7.6s] [TWAP#158 age=0s]
[00:47:51] t+  172s  TWAP=77164.184 range=177.755  Up  0.990/   n/a  Down    n/a/ 0.010×7500  [盘口=WS 簿龄=0.1s/10s WS事件=1578(簿1068/增量0) 距上次WS=0.1s] [TWAP#159 age=2s]
[00:47:53] t+  174s  TWAP=77166.860 range=180.432  Up  0.990/   n/a  Down    n/a/ 0.010×7500  [盘口=WS 簿龄=2.1s/10s WS事件=1578(簿1068/增量0) 距上次WS=2.1s] [TWAP#161 age=1s]
[00:47:55] t+  176s  TWAP=77169.701 range=183.272  Up  0.990/   n/a  Down    n/a/ 0.010×8001  [盘口=WS 簿龄=1.5s/10s WS事件=1581(簿1070/增量0) 距上次WS=1.5s] [TWAP#164 age=0s]
[00:47:57] t+  178s  TWAP=77170.356 range=183.927  Up  0.990/   n/a  Down    n/a/ 0.010×8001  [盘口=WS 簿龄=3.5s/10s WS事件=1581(簿1070/增量0) 距上次WS=3.5s] [TWAP#165 age=1s]
[00:47:59] t+  180s  TWAP=77172.117 range=185.688  Up  0.990/   n/a  Down    n/a/ 0.010×7757  [盘口=WS 簿龄=0.3s/10s WS事件=1587(簿1074/增量0) 距上次WS=0.3s] [TWAP#168 age=0s]
[00:48:01] t+  182s  TWAP=77172.649 range=186.220  Up  0.990/   n/a  Down    n/a/ 0.010×7257  [盘口=WS 簿龄=1.6s/10s WS事件=1590(簿1076/增量0) 距上次WS=1.5s] [TWAP#169 age=1s]
[00:48:03] t+  184s  TWAP=77174.355 range=187.926  Up  0.990/   n/a  Down    n/a/ 0.010×7257  [盘口=WS 簿龄=3.6s/10s WS事件=1590(簿1076/增量0) 距上次WS=3.5s] [TWAP#171 age=1s]
[00:48:05] t+  186s  TWAP=77174.802 range=188.373  Up  0.990/   n/a  Down    n/a/ 0.010×7257  [盘口=WS 簿龄=5.6s/10s WS事件=1590(簿1076/增量0) 距上次WS=5.6s] [TWAP#173 age=1s]
[00:48:07] t+  188s  TWAP=77175.747 range=189.318  Up  0.990/   n/a  Down    n/a/ 0.010×7257  [盘口=WS 簿龄=7.6s/10s WS事件=1590(簿1076/增量0) 距上次WS=7.6s] [TWAP#176 age=0s]
[00:48:09] t+  190s  TWAP=77176.198 range=189.769  Up  0.990/   n/a  Down    n/a/ 0.010×7257  [盘口=WS 簿龄=9.6s/10s WS事件=1590(簿1076/增量0) 距上次WS=9.6s] [TWAP#178 age=0s]
[00:48:12] t+  192s  TWAP=77176.702 range=190.273  Up  0.990/   n/a  Down    n/a/ 0.010×8245  [盘口=REST 簿龄=12.6s/10s WS事件=1590(簿1076/增量0) 距上次WS=12.5s] [TWAP#180 age=1s]
[00:48:15] t+  195s  TWAP=77177.183 range=190.755  Up  0.990/   n/a  Down    n/a/ 0.010×8165  [盘口=REST 簿龄=15.2s/10s WS事件=1590(簿1076/增量0) 距上次WS=15.1s] [TWAP#183 age=1s]
[00:48:18] t+  197s  TWAP=77177.485 range=191.056  Up  0.990/   n/a  Down    n/a/ 0.010×7945  [盘口=REST 簿龄=无/10s WS事件=1590(簿1076/增量0) 距上次WS=17.7s] [TWAP#185 age=0s]
[00:48:20] t+  200s  TWAP=77177.579 range=191.150  Up  0.990/   n/a  Down    n/a/ 0.010×7945  [盘口=WS 簿龄=1.7s/10s WS事件=1592(簿1078/增量0) 距上次WS=1.7s] [TWAP#187 age=0s]
[00:48:22] t+  202s  TWAP=77177.600 range=191.171  Up  0.990/   n/a  Down    n/a/ 0.010×7945  [盘口=WS 簿龄=3.7s/10s WS事件=1592(簿1078/增量0) 距上次WS=3.7s] [TWAP#188 age=2s]
[00:48:24] t+  204s  TWAP=77177.455 range=191.171  Up  0.990/   n/a  Down    n/a/ 0.010×7945  [盘口=WS 簿龄=5.7s/10s WS事件=1592(簿1078/增量0) 距上次WS=5.7s] [TWAP#191 age=0s]
[00:48:26] t+  206s  TWAP=77177.458 range=191.171  Up  0.990/   n/a  Down    n/a/ 0.010×7945  [盘口=WS 簿龄=7.8s/10s WS事件=1592(簿1078/增量0) 距上次WS=7.8s] [TWAP#193 age=0s]
[00:48:28] t+  208s  TWAP=77177.490 range=191.171  Up  0.990/   n/a  Down    n/a/ 0.010×7945  [盘口=WS 簿龄=9.8s/10s WS事件=1592(簿1078/增量0) 距上次WS=9.8s] [TWAP#195 age=0s]
[00:48:30] t+  210s  TWAP=77177.638 range=191.210  Up  0.990/   n/a  Down    n/a/ 0.010×7362  [盘口=WS 簿龄=0.6s/10s WS事件=1603(簿1086/增量0) 距上次WS=0.5s] [TWAP#197 age=0s]
[00:48:32] t+  212s  TWAP=77177.451 range=191.210  Up  0.990/   n/a  Down    n/a/ 0.010×7362  [盘口=WS 簿龄=2.6s/10s WS事件=1603(簿1086/增量0) 距上次WS=2.5s] [TWAP#199 age=0s]
[00:48:34] t+  214s  TWAP=77177.142 range=191.210  Up  0.990/   n/a  Down    n/a/ 0.010×8094  [盘口=WS 簿龄=0.2s/10s WS事件=1612(簿1092/增量0) 距上次WS=0.2s] [TWAP#201 age=1s]
[00:48:36] t+  216s  TWAP=77176.233 range=191.210  Up  0.990/   n/a  Down    n/a/ 0.010×8094  [盘口=WS 簿龄=2.2s/10s WS事件=1612(簿1092/增量0) 距上次WS=2.2s] [TWAP#203 age=0s]
[00:48:38] t+  218s  TWAP=77175.237 range=191.210  Up  0.990/   n/a  Down    n/a/ 0.010×8301  [盘口=WS 簿龄=0.0s/10s WS事件=1614(簿1094/增量0) 距上次WS=0.0s] [TWAP#205 age=0s]
[00:48:40] t+  220s  TWAP=77172.963 range=191.210  Up  0.990/   n/a  Down    n/a/ 0.010×8301  [盘口=WS 簿龄=2.0s/10s WS事件=1615(簿1094/增量0) 距上次WS=2.0s] [TWAP#207 age=0s]
[00:48:42] t+  222s  TWAP=77172.177 range=191.210  Up  0.990/   n/a  Down    n/a/ 0.010×8301  [盘口=WS 簿龄=4.0s/10s WS事件=1615(簿1094/增量0) 距上次WS=4.0s] [TWAP#209 age=0s]
[00:48:44] t+  224s  TWAP=77170.619 range=191.210  Up  0.990/   n/a  Down    n/a/ 0.010×7687  [盘口=WS 簿龄=0.2s/10s WS事件=1621(簿1098/增量0) 距上次WS=0.2s] [TWAP#210 age=0s]
[00:48:46] t+  226s  TWAP=77169.159 range=191.210  Up  0.999/   n/a  Down    n/a/ 0.001×10130  [盘口=WS 簿龄=0.2s/10s WS事件=1624(簿1100/增量0) 距上次WS=0.1s] [TWAP#212 age=1s]
[00:48:48] t+  228s  TWAP=77167.366 range=191.210  Up  0.999/   n/a  Down    n/a/ 0.001×10130  [盘口=WS 簿龄=2.2s/10s WS事件=1624(簿1100/增量0) 距上次WS=2.1s] [TWAP#214 age=1s]
[00:48:50] t+  230s  TWAP=77165.237 range=191.210  Up  0.999/   n/a  Down    n/a/ 0.001×10380  [盘口=WS 簿龄=1.7s/10s WS事件=1627(簿1102/增量0) 距上次WS=1.6s] [TWAP#216 age=1s]
[00:48:52] t+  232s  TWAP=77163.120 range=191.210  Up  0.999/   n/a  Down    n/a/ 0.001×10380  [盘口=WS 簿龄=3.7s/10s WS事件=1627(簿1102/增量0) 距上次WS=3.6s] [TWAP#218 age=0s]
[00:48:54] t+  234s  TWAP=77160.936 range=191.210  Up  0.999/   n/a  Down    n/a/ 0.001×10380  [盘口=WS 簿龄=5.7s/10s WS事件=1627(簿1102/增量0) 距上次WS=5.6s] [TWAP#220 age=0s]
[00:48:56] t+  236s  TWAP=77157.894 range=191.210  Up  0.999/   n/a  Down    n/a/ 0.001×10380  [盘口=WS 簿龄=7.7s/10s WS事件=1627(簿1102/增量0) 距上次WS=7.6s] [TWAP#222 age=0s]
[00:48:58] t+  238s  TWAP=77156.914 range=191.210  Up  0.999/   n/a  Down    n/a/ 0.001×10380  [盘口=WS 簿龄=9.7s/10s WS事件=1627(簿1102/增量0) 距上次WS=9.6s] [TWAP#223 age=1s]
[00:49:00] 本窗口未入场，进入下一个窗口（2/20）。
[00:49:59] [窗口 3] 起点 1789059000（本地 00:49:59），开始持续监测 …
[00:50:00] 市场: Bitcoin Up or Down - September 10, 12:50PM-12:55PM ET  (minSize=5)
[00:50:01] t+    1s  TWAP=      n/a range=    n/a  Up  0.330/ 0.340×18  Down  0.650/ 0.660×193  [盘口=REST 簿龄=无/10s WS事件=0(簿0/增量0) 距上次WS=从未] [TWAP#0 age=无]
[00:50:03] t+    4s  TWAP=      n/a range=    n/a  Up  0.380/ 0.390×41  Down  0.610/ 0.620×1074  [盘口=WS 簿龄=0.1s/10s WS事件=14(簿10/增量0) 距上次WS=0.1s] [TWAP#0 age=无]
[00:50:05] t+    6s  TWAP=77105.228 range=  0.000  Up  0.390/ 0.400×62  Down  0.600/ 0.610×784  [盘口=WS 簿龄=0.3s/10s WS事件=35(簿24/增量0) 距上次WS=0.3s] [TWAP#1 age=1s]
[00:50:07] t+    8s  TWAP=77103.272 range=  1.956  Up  0.390/ 0.400×374  Down  0.600/ 0.610×237  [盘口=WS 簿龄=0.2s/10s WS事件=53(簿36/增量0) 距上次WS=0.1s] [TWAP#4 age=0s]
[00:50:09] t+   10s  TWAP=77102.668 range=  2.560  Up  0.390/ 0.400×582  Down  0.600/ 0.610×112  [盘口=WS 簿龄=0.7s/10s WS事件=74(簿50/增量0) 距上次WS=0.6s] [TWAP#5 age=1s]
[00:50:11] t+   12s  TWAP=77101.505 range=  3.723  Up  0.390/ 0.400×330  Down  0.600/ 0.610×286  [盘口=WS 簿龄=1.1s/10s WS事件=80(簿54/增量0) 距上次WS=1.1s] [TWAP#7 age=1s]
[00:50:13] t+   14s  TWAP=77099.788 range=  5.441  Up  0.440/ 0.450×756  Down  0.550/ 0.560×18  [盘口=WS 簿龄=0.0s/10s WS事件=159(簿108/增量0) 距上次WS=0.0s] [TWAP#9 age=1s]
[00:50:15] t+   16s  TWAP=77098.605 range=  6.624  Up  0.430/ 0.440×834  Down  0.560/ 0.570×124  [盘口=WS 簿龄=0.1s/10s WS事件=185(簿126/增量0) 距上次WS=0.1s] [TWAP#11 age=0s]
[00:50:18] t+   18s  TWAP=77097.190 range=  8.038  Up  0.430/ 0.440×218  Down  0.560/ 0.570×111  [盘口=REST 簿龄=0.1s/10s WS事件=190(簿130/增量0) 距上次WS=0.1s] [TWAP#14 age=0s]
[00:50:20] t+   21s  TWAP=77096.615 range=  8.613  Up  0.440/ 0.450×111  Down  0.550/ 0.560×36  [盘口=WS 簿龄=0.1s/10s WS事件=214(簿146/增量0) 距上次WS=0.0s] [TWAP#17 age=0s]
[00:50:22] t+   23s  TWAP=77096.389 range=  8.839  Up  0.420/ 0.430×252  Down  0.570/ 0.580×184  [盘口=WS 簿龄=0.0s/10s WS事件=228(簿156/增量0) 距上次WS=0.0s] [TWAP#19 age=0s]
[00:50:24] t+   25s  TWAP=77096.303 range=  8.926  Up  0.420/ 0.430×550  Down  0.570/ 0.580×75  [盘口=WS 簿龄=0.0s/10s WS事件=289(簿198/增量0) 距上次WS=0.0s] [TWAP#20 age=0s]
[00:50:26] t+   27s  TWAP=77096.146 range=  9.082  Up  0.430/ 0.440×1  Down  0.560/ 0.570×551  [盘口=WS 簿龄=0.1s/10s WS事件=327(簿224/增量0) 距上次WS=0.0s] [TWAP#22 age=1s]
[00:50:28] t+   29s  TWAP=77095.838 range=  9.390  Up  0.310/ 0.330×348  Down  0.670/ 0.690×72  [盘口=WS 簿龄=0.1s/10s WS事件=366(簿250/增量0) 距上次WS=0.1s] [TWAP#24 age=0s]
[00:50:30] t+   31s  TWAP=77095.657 range=  9.571  Up  0.330/ 0.340×100  Down  0.660/ 0.670×35  [盘口=WS 簿龄=0.2s/10s WS事件=420(簿286/增量0) 距上次WS=0.0s] [TWAP#26 age=1s]
[00:50:32] t+   33s  TWAP=77095.279 range=  9.950  Up  0.370/ 0.380×5  Down  0.620/ 0.630×800  [盘口=WS 簿龄=0.0s/10s WS事件=476(簿324/增量0) 距上次WS=0.0s] [TWAP#28 age=1s]
[00:50:34] t+   35s  TWAP=77094.623 range= 10.605  Up  0.380/ 0.390×205  Down  0.610/ 0.620×546  [盘口=WS 簿龄=0.1s/10s WS事件=509(簿346/增量0) 距上次WS=0.1s] [TWAP#30 age=0s]
[00:50:36] t+   37s  TWAP=77094.412 range= 10.816  Up  0.400/ 0.410×703  Down  0.590/ 0.600×8  [盘口=WS 簿龄=0.3s/10s WS事件=530(簿360/增量0) 距上次WS=0.2s] [TWAP#31 age=1s]
[00:50:38] t+   39s  TWAP=77094.002 range= 11.226  Up  0.370/ 0.380×516  Down  0.620/ 0.630×153  [盘口=WS 簿龄=0.6s/10s WS事件=545(簿370/增量0) 距上次WS=0.6s] [TWAP#32 age=1s]
[00:50:40] t+   41s  TWAP=77093.434 range= 11.794  Up  0.370/ 0.380×656  Down  0.620/ 0.630×96  [盘口=WS 簿龄=1.3s/10s WS事件=554(簿376/增量0) 距上次WS=1.3s] [TWAP#35 age=0s]
[00:50:42] t+   43s  TWAP=77093.039 range= 12.189  Up  0.320/ 0.340×884  Down  0.660/ 0.680×32  [盘口=WS 簿龄=0.1s/10s WS事件=582(簿396/增量0) 距上次WS=0.1s] [TWAP#37 age=0s]
[00:50:44] t+   45s  TWAP=77092.842 range= 12.386  Up  0.300/ 0.310×298  Down  0.690/ 0.700×300  [盘口=WS 簿龄=0.2s/10s WS事件=620(簿422/增量0) 距上次WS=0.1s] [TWAP#39 age=1s]
[00:50:46] t+   47s  TWAP=77092.452 range= 12.777  Up  0.270/ 0.280×240  Down  0.720/ 0.730×687  [盘口=WS 簿龄=0.2s/10s WS事件=665(簿452/增量0) 距上次WS=0.1s] [TWAP#41 age=1s]
[00:50:48] t+   49s  TWAP=77091.421 range= 13.808  Up  0.280/ 0.290×270  Down  0.710/ 0.720×567  [盘口=WS 簿龄=0.7s/10s WS事件=689(簿468/增量0) 距上次WS=0.6s] [TWAP#44 age=0s]
[00:50:50] t+   51s  TWAP=77091.000 range= 14.228  Up  0.280/ 0.290×80  Down  0.710/ 0.720×799  [盘口=WS 簿龄=0.4s/10s WS事件=704(簿478/增量0) 距上次WS=0.3s] [TWAP#45 age=1s]
[00:50:52] t+   53s  TWAP=77089.608 range= 15.620  Up  0.280/ 0.290×180  Down  0.710/ 0.720×623  [盘口=WS 簿龄=0.1s/10s WS事件=719(簿488/增量0) 距上次WS=0.1s] [TWAP#48 age=0s]
[00:50:54] t+   55s  TWAP=77089.160 range= 16.068  Up  0.290/ 0.300×862  Down  0.700/ 0.710×96  [盘口=WS 簿龄=0.6s/10s WS事件=737(簿500/增量0) 距上次WS=0.6s] [TWAP#49 age=1s]
[00:50:56] t+   57s  TWAP=77087.899 range= 17.329  Up  0.290/ 0.300×617  Down  0.700/ 0.710×124  [盘口=WS 簿龄=1.0s/10s WS事件=755(簿512/增量0) 距上次WS=1.0s] [TWAP#52 age=0s]
[00:50:58] t+   59s  TWAP=77087.098 range= 18.130  Up  0.290/ 0.300×864  Down  0.700/ 0.710×35  [盘口=WS 簿龄=0.5s/10s WS事件=758(簿514/增量0) 距上次WS=0.5s] [TWAP#54 age=0s]
[00:51:00] t+   61s  TWAP=77086.731 range= 18.498  Up  0.270/ 0.280×444  Down  0.720/ 0.730×84  [盘口=WS 簿龄=0.2s/10s WS事件=797(簿540/增量0) 距上次WS=0.1s] [TWAP#55 age=1s]
[00:51:02] t+   63s  TWAP=77086.046 range= 19.182  Up  0.350/ 0.360×164  Down  0.640/ 0.650×317  [盘口=WS 簿龄=0.1s/10s WS事件=860(簿584/增量0) 距上次WS=0.1s] [TWAP#57 age=1s]
[00:51:04] t+   65s  TWAP=77085.368 range= 19.860  Up  0.370/ 0.380×120  Down  0.620/ 0.630×663  [盘口=WS 簿龄=0.1s/10s WS事件=901(簿612/增量0) 距上次WS=0.1s] [TWAP#59 age=1s]
[00:51:06] t+   67s  TWAP=77084.813 range= 20.415  Up  0.350/ 0.360×706  Down  0.640/ 0.650×156  [盘口=WS 簿龄=0.8s/10s WS事件=939(簿638/增量0) 距上次WS=0.8s] [TWAP#61 age=1s]
[00:51:08] t+   69s  TWAP=77084.702 range= 20.526  Up  0.390/ 0.410×290  Down  0.590/ 0.610×367  [盘口=WS 簿龄=0.1s/10s WS事件=993(簿674/增量0) 距上次WS=0.0s] [TWAP#62 age=1s]
[00:51:10] t+   71s  TWAP=77084.621 range= 20.607  Up  0.400/ 0.410×1027  Down  0.590/ 0.600×24  [盘口=WS 簿龄=0.0s/10s WS事件=1017(簿692/增量0) 距上次WS=0.0s] [TWAP#64 age=1s]
[00:51:12] t+   73s  TWAP=77084.632 range= 20.621  Up  0.320/ 0.330×762  Down  0.670/ 0.680×117  [盘口=WS 簿龄=0.2s/10s WS事件=1077(簿734/增量0) 距上次WS=0.2s] [TWAP#66 age=1s]
[00:51:14] t+   75s  TWAP=77084.713 range= 20.621  Up  0.360/ 0.370×504  Down  0.630/ 0.640×11  [盘口=WS 簿龄=0.2s/10s WS事件=1109(簿756/增量0) 距上次WS=0.1s] [TWAP#68 age=1s]
[00:51:16] t+   77s  TWAP=77084.794 range= 20.621  Up  0.360/ 0.370×597  Down  0.630/ 0.640×83  [盘口=WS 簿龄=1.1s/10s WS事件=1115(簿760/增量0) 距上次WS=1.1s] [TWAP#69 age=1s]
[00:51:16] [入场检查] … Up ask= 0.370 ≥ 0.30，观察
[00:51:18] t+   79s  TWAP=77084.340 range= 20.888  Up  0.350/ 0.360×17  Down  0.640/ 0.650×719  [盘口=WS 簿龄=0.2s/10s WS事件=1155(簿788/增量0) 距上次WS=0.1s] [TWAP#72 age=0s]
[00:51:18] [入场检查] … Up ask= 0.360 ≥ 0.30，观察
[00:51:20] t+   81s  TWAP=77083.964 range= 21.265  Up  0.330/ 0.340×271  Down  0.660/ 0.670×25  [盘口=WS 簿龄=0.1s/10s WS事件=1181(簿806/增量0) 距上次WS=0.1s] [TWAP#74 age=0s]
[00:51:20] [入场检查] … Up ask= 0.340 ≥ 0.30，观察
[00:51:22] t+   83s  TWAP=77083.758 range= 21.471  Up  0.360/ 0.380×5  Down  0.620/ 0.640×635  [盘口=WS 簿龄=0.0s/10s WS事件=1211(簿826/增量0) 距上次WS=0.0s] [TWAP#75 age=1s]
[00:51:22] [入场检查] … Up ask= 0.380 ≥ 0.30，观察
[00:51:24] t+   85s  TWAP=77083.363 range= 21.865  Up  0.350/ 0.360×84  Down  0.640/ 0.650×242  [盘口=WS 簿龄=0.1s/10s WS事件=1239(簿844/增量0) 距上次WS=0.0s] [TWAP#77 age=1s]
[00:51:24] [入场检查] … Up ask= 0.360 ≥ 0.30，观察
[00:51:26] t+   87s  TWAP=77082.935 range= 22.294  Up  0.350/ 0.360×735  Down  0.640/ 0.650×21  [盘口=WS 簿龄=0.2s/10s WS事件=1247(簿850/增量0) 距上次WS=0.2s] [TWAP#79 age=1s]
[00:51:28] t+   89s  TWAP=77082.596 range= 22.632  Up  0.340/ 0.350×490  Down  0.650/ 0.660×102  [盘口=WS 簿龄=0.3s/10s WS事件=1273(簿868/增量0) 距上次WS=0.2s] [TWAP#81 age=0s]
[00:51:28] [入场检查] … Up ask= 0.350 ≥ 0.30，观察
[00:51:30] t+   91s  TWAP=77082.281 range= 22.947  Up  0.350/ 0.360×57  Down  0.640/ 0.650×529  [盘口=WS 簿龄=0.1s/10s WS事件=1302(簿888/增量0) 距上次WS=0.1s] [TWAP#84 age=0s]
[00:51:30] [入场检查] … Up ask= 0.360 ≥ 0.30，观察
[00:51:32] t+   93s  TWAP=77082.156 range= 23.072  Up  0.380/ 0.390×93  Down  0.610/ 0.620×393  [盘口=WS 簿龄=0.5s/10s WS事件=1317(簿898/增量0) 距上次WS=0.4s] [TWAP#85 age=1s]
[00:51:32] [入场检查] … Up ask= 0.390 ≥ 0.30，观察
[00:51:34] t+   95s  TWAP=77082.013 range= 23.243  Up  0.350/ 0.360×586  Down  0.640/ 0.650×126  [盘口=WS 簿龄=0.1s/10s WS事件=1347(簿918/增量0) 距上次WS=0.1s] [TWAP#88 age=0s]
[00:51:34] [入场检查] … Up ask= 0.360 ≥ 0.30，观察
[00:51:36] t+   97s  TWAP=77082.142 range= 23.243  Up  0.350/ 0.360×586  Down  0.640/ 0.650×126  [盘口=WS 簿龄=2.2s/10s WS事件=1347(簿918/增量0) 距上次WS=2.1s] [TWAP#89 age=0s]
[00:51:38] t+   99s  TWAP=77082.188 range= 23.243  Up  0.240/ 0.250×143  Down  0.750/ 0.760×565  [盘口=WS 簿龄=0.0s/10s WS事件=1417(簿968/增量0) 距上次WS=0.0s] [TWAP#91 age=1s]
[00:51:38] [入场检查] ✅ Up ask= 0.250（档深143份） 波动$23.24 → 买 8 份 ≈ $2.00，止盈  0.650
[00:51:40] 买单: FAILED PolyApiException: PolyApiException[status_code=400, error_message={'error': 'the order signer address has to be the address of the API KEY'}]
[00:51:40] FOK 未成交，本窗口放弃。
[00:51:40] 本窗口未入场，进入下一个窗口（3/20）。
[00:54:59] [窗口 4] 起点 1789059300（本地 00:54:59），开始持续监测 …
[00:55:00] 市场: Bitcoin Up or Down - September 10, 12:55PM-1:00PM ET  (minSize=5)
[00:55:01] t+    1s  TWAP=      n/a range=    n/a  Up  0.520/ 0.530×197  Down  0.470/ 0.480×15  [盘口=REST 簿龄=0.4s/10s WS事件=0(簿0/增量0) 距上次WS=从未] [TWAP#0 age=无]
[00:55:03] t+    4s  TWAP=77055.431 range=  0.000  Up  0.530/ 0.540×510  Down  0.460/ 0.470×17  [盘口=WS 簿龄=0.1s/10s WS事件=48(簿32/增量0) 距上次WS=0.0s] [TWAP#1 age=0s]
[00:55:05] t+    6s  TWAP=77055.552 range=  0.121  Up  0.530/ 0.540×590  Down  0.460/ 0.470×195  [盘口=WS 簿龄=0.2s/10s WS事件=63(簿42/增量0) 距上次WS=0.2s] [TWAP#3 age=1s]
[00:55:07] t+    8s  TWAP=77055.557 range=  0.126  Up  0.540/ 0.550×82  Down  0.450/ 0.460×838  [盘口=WS 簿龄=0.4s/10s WS事件=99(簿66/增量0) 距上次WS=0.3s] [TWAP#5 age=1s]
[00:55:09] t+   10s  TWAP=77055.160 range=  0.397  Up  0.470/ 0.480×5  Down  0.520/ 0.530×557  [盘口=WS 簿龄=0.1s/10s WS事件=151(簿106/增量0) 距上次WS=0.1s] [TWAP#7 age=0s]
[00:55:11] t+   12s  TWAP=77055.099 range=  0.459  Up  0.480/ 0.490×230  Down  0.510/ 0.520×281  [盘口=WS 簿龄=0.3s/10s WS事件=169(簿118/增量0) 距上次WS=0.3s] [TWAP#9 age=0s]
[00:55:13] t+   14s  TWAP=77055.154 range=  0.459  Up  0.450/ 0.460×411  Down  0.540/ 0.550×353  [盘口=WS 簿龄=0.3s/10s WS事件=201(簿140/增量0) 距上次WS=0.3s] [TWAP#11 age=0s]
[00:55:15] t+   16s  TWAP=77055.255 range=  0.459  Up  0.430/ 0.440×337  Down  0.560/ 0.570×76  [盘口=WS 簿龄=0.0s/10s WS事件=259(簿184/增量0) 距上次WS=0.0s] [TWAP#13 age=1s]
[00:55:17] t+   18s  TWAP=77055.466 range=  0.459  Up  0.430/ 0.440×90  Down  0.560/ 0.570×509  [盘口=WS 簿龄=0.1s/10s WS事件=297(簿210/增量0) 距上次WS=0.1s] [TWAP#15 age=1s]
[00:55:19] t+   20s  TWAP=77055.455 range=  0.459  Up  0.500/ 0.510×339  Down  0.490/ 0.500×273  [盘口=WS 簿龄=0.0s/10s WS事件=376(簿268/增量0) 距上次WS=0.0s] [TWAP#17 age=0s]
[00:55:21] t+   22s  TWAP=77055.357 range=  0.459  Up  0.530/ 0.560×340  Down  0.440/ 0.470×1075  [盘口=WS 簿龄=0.1s/10s WS事件=438(簿312/增量0) 距上次WS=0.0s] [TWAP#19 age=1s]
[00:55:23] t+   24s  TWAP=77055.234 range=  0.459  Up  0.600/ 0.610×108  Down  0.390/ 0.400×436  [盘口=WS 簿龄=0.2s/10s WS事件=501(簿354/增量0) 距上次WS=0.2s] [TWAP#21 age=1s]
[00:55:25] t+   26s  TWAP=77055.206 range=  0.459  Up  0.600/ 0.610×236  Down  0.390/ 0.400×438  [盘口=WS 簿龄=0.1s/10s WS事件=538(簿380/增量0) 距上次WS=0.1s] [TWAP#22 age=1s]
[00:55:27] t+   28s  TWAP=77055.301 range=  0.459  Up  0.630/ 0.640×122  Down  0.360/ 0.370×389  [盘口=WS 簿龄=0.0s/10s WS事件=581(簿410/增量0) 距上次WS=0.0s] [TWAP#24 age=1s]
[00:55:29] t+   30s  TWAP=77055.831 range=  0.732  Up  0.610/ 0.620×570  Down  0.380/ 0.390×78  [盘口=WS 簿龄=0.2s/10s WS事件=617(簿434/增量0) 距上次WS=0.2s] [TWAP#26 age=0s]
[00:55:31] t+   32s  TWAP=77056.263 range=  1.164  Up  0.610/ 0.620×13  Down  0.380/ 0.390×742  [盘口=WS 簿龄=0.0s/10s WS事件=640(簿450/增量0) 距上次WS=0.0s] [TWAP#28 age=1s]
[00:55:33] t+   34s  TWAP=77056.808 range=  1.709  Up  0.640/ 0.650×325  Down  0.350/ 0.360×94  [盘口=WS 簿龄=0.9s/10s WS事件=658(簿462/增量0) 距上次WS=0.9s] [TWAP#30 age=1s]
[00:55:35] t+   36s  TWAP=77057.310 range=  2.212  Up  0.700/ 0.710×233  Down  0.290/ 0.300×367  [盘口=WS 簿龄=0.1s/10s WS事件=702(簿492/增量0) 距上次WS=0.1s] [TWAP#32 age=0s]
[00:55:37] t+   38s  TWAP=77057.584 range=  2.486  Up  0.710/ 0.720×17  Down  0.280/ 0.290×837  [盘口=WS 簿龄=0.1s/10s WS事件=749(簿524/增量0) 距上次WS=0.1s] [TWAP#34 age=1s]
[00:55:39] t+   40s  TWAP=77058.348 range=  3.250  Up  0.730/ 0.740×230  Down  0.260/ 0.270×255  [盘口=WS 簿龄=0.0s/10s WS事件=787(簿550/增量0) 距上次WS=0.0s] [TWAP#36 age=1s]
[00:55:41] t+   42s  TWAP=77059.190 range=  4.091  Up  0.750/ 0.760×56  Down  0.240/ 0.250×601  [盘口=WS 簿龄=0.2s/10s WS事件=888(簿618/增量0) 距上次WS=0.2s] [TWAP#38 age=1s]
[00:55:43] t+   44s  TWAP=77060.189 range=  5.090  Up  0.760/ 0.780×125  Down  0.220/ 0.240×580  [盘口=WS 簿龄=0.0s/10s WS事件=962(簿670/增量0) 距上次WS=0.0s] [TWAP#40 age=1s]
[00:55:45] t+   46s  TWAP=77061.871 range=  6.772  Up  0.770/ 0.780×130  Down  0.220/ 0.230×594  [盘口=WS 簿龄=0.2s/10s WS事件=1040(簿722/增量0) 距上次WS=0.1s] [TWAP#43 age=0s]
[00:55:47] t+   48s  TWAP=77063.226 range=  8.127  Up  0.770/ 0.780×5  Down  0.220/ 0.230×848  [盘口=WS 簿龄=0.2s/10s WS事件=1082(簿750/增量0) 距上次WS=0.1s] [TWAP#44 age=1s]
[00:55:49] t+   50s  TWAP=77064.595 range=  9.496  Up  0.780/ 0.790×486  Down  0.210/ 0.220×196  [盘口=WS 簿龄=0.1s/10s WS事件=1121(簿776/增量0) 距上次WS=0.1s] [TWAP#47 age=0s]
[00:55:51] t+   52s  TWAP=77066.031 range= 10.932  Up  0.780/ 0.790×461  Down  0.210/ 0.220×93  [盘口=WS 簿龄=0.5s/10s WS事件=1150(簿796/增量0) 距上次WS=0.5s] [TWAP#48 age=0s]
[00:55:54] t+   54s  TWAP=77067.490 range= 12.391  Up  0.750/ 0.760×15  Down  0.240/ 0.250×485  [盘口=REST 簿龄=无/10s WS事件=1174(簿812/增量0) 距上次WS=1.4s] [TWAP#50 age=1s]
[00:55:56] t+   57s  TWAP=77068.941 range= 13.842  Up  0.800/ 0.810×328  Down  0.190/ 0.200×260  [盘口=WS 簿龄=0.4s/10s WS事件=1189(簿824/增量0) 距上次WS=0.4s] [TWAP#52 age=1s]
[00:55:58] t+   59s  TWAP=77071.005 range= 15.906  Up  0.800/ 0.810×246  Down  0.190/ 0.200×128  [盘口=WS 簿龄=0.6s/10s WS事件=1210(簿838/增量0) 距上次WS=0.6s] [TWAP#54 age=1s]
[00:56:00] t+   61s  TWAP=77072.167 range= 17.068  Up  0.870/ 0.880×60  Down  0.120/ 0.130×934  [盘口=WS 簿龄=0.0s/10s WS事件=1360(簿940/增量0) 距上次WS=0.0s] [TWAP#56 age=1s]
[00:56:02] t+   63s  TWAP=77073.371 range= 18.272  Up  0.880/ 0.890×138  Down  0.110/ 0.120×685  [盘口=WS 簿龄=0.2s/10s WS事件=1381(簿954/增量0) 距上次WS=0.2s] [TWAP#58 age=1s]
[00:56:04] t+   65s  TWAP=77075.135 range= 20.036  Up  0.880/ 0.890×813  Down  0.110/ 0.120×299  [盘口=WS 簿龄=0.1s/10s WS事件=1411(簿974/增量0) 距上次WS=0.1s] [TWAP#60 age=0s]
[00:56:06] t+   67s  TWAP=77076.261 range= 21.163  Up  0.880/ 0.890×208  Down  0.110/ 0.120×668  [盘口=WS 簿龄=0.1s/10s WS事件=1429(簿986/增量0) 距上次WS=0.1s] [TWAP#61 age=1s]
[00:56:08] t+   69s  TWAP=77079.719 range= 24.620  Up  0.880/ 0.890×151  Down  0.110/ 0.120×656  [盘口=WS 簿龄=0.5s/10s WS事件=1449(簿1000/增量0) 距上次WS=0.5s] [TWAP#64 age=0s]
[00:56:10] t+   71s  TWAP=77080.812 range= 25.713  Up  0.880/ 0.890×380  Down  0.110/ 0.120×200  [盘口=WS 簿龄=0.1s/10s WS事件=1473(簿1016/增量0) 距上次WS=0.1s] [TWAP#65 age=1s]
[00:56:12] t+   73s  TWAP=77083.073 range= 27.974  Up  0.890/ 0.900×320  Down  0.100/ 0.110×350  [盘口=WS 簿龄=0.3s/10s WS事件=1503(簿1036/增量0) 距上次WS=0.2s] [TWAP#67 age=1s]
[00:56:14] t+   75s  TWAP=77086.662 range= 31.563  Up  0.890/ 0.900×66  Down  0.100/ 0.110×602  [盘口=WS 簿龄=0.2s/10s WS事件=1534(簿1058/增量0) 距上次WS=0.2s] [TWAP#69 age=0s]
[00:56:16] t+   77s  TWAP=77087.855 range= 32.757  Up  0.900/ 0.910×218  Down  0.090/ 0.100×546  [盘口=WS 簿龄=0.1s/10s WS事件=1567(簿1080/增量0) 距上次WS=0.1s] [TWAP#70 age=1s]
[00:56:16] [入场检查] ❌ 波动 $32.76 ≥ $25，放弃。
[00:56:18] t+   79s  TWAP=77090.276 range= 35.178  Up  0.900/ 0.910×28  Down  0.090/ 0.100×591  [盘口=WS 簿龄=0.1s/10s WS事件=1588(簿1094/增量0) 距上次WS=0.1s] [TWAP#71 age=1s]
[00:56:20] t+   81s  TWAP=77094.145 range= 39.046  Up  0.900/ 0.910×668  Down  0.090/ 0.100×98  [盘口=WS 簿龄=0.1s/10s WS事件=1618(簿1114/增量0) 距上次WS=0.1s] [TWAP#74 age=0s]
[00:56:24] t+   83s  TWAP=77099.411 range= 44.313  Up  0.890/ 0.900×104  Down  0.100/ 0.110×546  [盘口=REST 簿龄=无/10s WS事件=1624(簿1118/增量0) 距上次WS=3.7s] [TWAP#78 age=0s]
[00:56:26] t+   87s  TWAP=77101.777 range= 46.678  Up  0.910/ 0.920×227  Down  0.080/ 0.090×295  [盘口=WS 簿龄=0.1s/10s WS事件=1669(簿1150/增量0) 距上次WS=0.0s] [TWAP#80 age=0s]
[00:56:28] t+   89s  TWAP=77103.678 range= 48.580  Up  0.900/ 0.920×512  Down  0.080/ 0.100×235  [盘口=WS 簿龄=0.5s/10s WS事件=1681(簿1158/增量0) 距上次WS=0.5s] [TWAP#82 age=1s]
[00:56:30] t+   91s  TWAP=77105.597 range= 50.498  Up  0.900/ 0.910×15  Down  0.090/ 0.100×796  [盘口=WS 簿龄=0.3s/10s WS事件=1714(簿1180/增量0) 距上次WS=0.3s] [TWAP#84 age=0s]
[00:56:33] t+   93s  TWAP=77107.624 range= 52.525  Up  0.910/ 0.920×595  Down  0.080/ 0.090×18  [盘口=WS 簿龄=0.4s/10s WS事件=1738(簿1196/增量0) 距上次WS=0.4s] [TWAP#86 age=0s]
[00:56:35] t+   95s  TWAP=77109.633 range= 54.534  Up  0.910/ 0.920×36  Down  0.080/ 0.090×358  [盘口=WS 簿龄=0.4s/10s WS事件=1750(簿1204/增量0) 距上次WS=0.4s] [TWAP#88 age=0s]
[00:56:37] t+   97s  TWAP=77111.636 range= 56.537  Up  0.900/ 0.910×527  Down  0.090/ 0.100×160  [盘口=WS 簿龄=0.0s/10s WS事件=1788(簿1230/增量0) 距上次WS=0.0s] [TWAP#90 age=0s]
[00:56:39] t+   99s  TWAP=77114.235 range= 59.136  Up  0.900/ 0.910×557  Down  0.090/ 0.100×1  [盘口=WS 簿龄=0.5s/10s WS事件=1801(簿1238/增量0) 距上次WS=0.5s] [TWAP#92 age=0s]
[00:56:41] t+  101s  TWAP=77115.050 range= 59.952  Up  0.900/ 0.910×87  Down  0.090/ 0.100×380  [盘口=WS 簿龄=0.7s/10s WS事件=1816(簿1248/增量0) 距上次WS=0.6s] [TWAP#94 age=0s]
[00:56:43] t+  103s  TWAP=77116.430 range= 61.331  Up  0.910/ 0.920×183  Down  0.080/ 0.090×572  [盘口=WS 簿龄=0.0s/10s WS事件=1822(簿1252/增量0) 距上次WS=0.0s] [TWAP#96 age=1s]
[00:56:45] t+  105s  TWAP=77117.779 range= 62.680  Up  0.890/ 0.900×135  Down  0.100/ 0.110×148  [盘口=WS 簿龄=0.9s/10s WS事件=1831(簿1258/增量0) 距上次WS=0.8s] [TWAP#98 age=1s]
[00:56:47] t+  107s  TWAP=77118.847 range= 63.749  Up  0.920/ 0.930×306  Down  0.070/ 0.080×464  [盘口=WS 簿龄=0.3s/10s WS事件=1852(簿1272/增量0) 距上次WS=0.2s] [TWAP#100 age=1s]
[00:56:49] t+  109s  TWAP=77119.847 range= 64.748  Up  0.920/ 0.930×230  Down  0.070/ 0.080×525  [盘口=WS 簿龄=0.1s/10s WS事件=1857(簿1276/增量0) 距上次WS=0.0s] [TWAP#102 age=1s]
[00:56:51] t+  111s  TWAP=77120.776 range= 65.677  Up  0.920/ 0.930×220  Down  0.070/ 0.080×506  [盘口=WS 簿龄=1.4s/10s WS事件=1864(簿1280/增量0) 距上次WS=0.1s] [TWAP#104 age=1s]
[00:56:53] t+  113s  TWAP=77121.760 range= 66.661  Up  0.920/ 0.930×220  Down  0.070/ 0.080×506  [盘口=WS 簿龄=3.4s/10s WS事件=1864(簿1280/增量0) 距上次WS=2.2s] [TWAP#106 age=1s]
[00:56:55] t+  115s  TWAP=77122.732 range= 67.633  Up  0.920/ 0.930×169  Down  0.070/ 0.080×374  [盘口=WS 簿龄=0.7s/10s WS事件=1873(簿1286/增量0) 距上次WS=0.7s] [TWAP#108 age=0s]
[00:56:57] t+  117s  TWAP=77123.716 range= 68.617  Up  0.910/ 0.920×601  Down  0.080/ 0.090×27  [盘口=WS 簿龄=0.4s/10s WS事件=1896(簿1302/增量0) 距上次WS=0.4s] [TWAP#110 age=0s]
[00:56:59] t+  119s  TWAP=77124.748 range= 69.649  Up  0.900/ 0.910×562  Down  0.090/ 0.100×274  [盘口=WS 簿龄=0.4s/10s WS事件=1907(簿1310/增量0) 距上次WS=0.3s] [TWAP#112 age=0s]
[00:57:01] t+  121s  TWAP=77125.270 range= 70.171  Up  0.890/ 0.910×1076  Down  0.090/ 0.110×5  [盘口=WS 簿龄=0.5s/10s WS事件=1916(簿1316/增量0) 距上次WS=0.4s] [TWAP#113 age=1s]
[00:57:03] t+  123s  TWAP=77126.239 range= 71.140  Up  0.890/ 0.900×401  Down  0.100/ 0.110×289  [盘口=WS 簿龄=0.7s/10s WS事件=1934(簿1328/增量0) 距上次WS=0.7s] [TWAP#115 age=1s]
[00:57:05] t+  125s  TWAP=77126.933 range= 71.834  Up  0.900/ 0.920×483  Down  0.080/ 0.100×517  [盘口=WS 簿龄=0.6s/10s WS事件=1943(簿1334/增量0) 距上次WS=0.6s] [TWAP#117 age=1s]
[00:57:07] t+  127s  TWAP=77126.547 range= 71.834  Up  0.910/ 0.920×409  Down  0.080/ 0.090×155  [盘口=WS 簿龄=0.4s/10s WS事件=1958(簿1344/增量0) 距上次WS=0.4s] [TWAP#120 age=1s]
[00:57:09] t+  129s  TWAP=77126.058 range= 71.834  Up  0.910/ 0.920×94  Down  0.080/ 0.090×274  [盘口=WS 簿龄=0.7s/10s WS事件=1964(簿1348/增量0) 距上次WS=0.7s] [TWAP#122 age=0s]
