[01:36:10] === 5min BTC 单笔交易  [LIVE 真实资金] ===
[01:36:10] 入场过滤: 窗口TWAP波动<$30 且 冷门方ask<0.30（开窗后75-135s）｜止盈价 0.65｜未止盈拿到结算
[01:36:10] 喂价: Polymarket RTDS Chainlink TWAP-60s（结算同源）｜日志: data\logs\trade5m_20260911_013610.log
[01:39:59] [窗口 1] 起点 1789062000（本地 01:39:59），开始持续监测 …
[01:40:01] 市场: Bitcoin Up or Down - September 10, 1:40PM-1:45PM ET  (minSize=5)
[01:40:02] t+    2s  TWAP=      n/a range=    n/a  Up  0.440/ 0.450×488  Down  0.560/ 0.570×23  [盘口=REST 簿龄=0.3s/10s WS事件=0(簿0/增量0) 距上次WS=从未] [TWAP#0 age=无]
[01:40:04] t+    5s  TWAP=77338.381 range=  0.000  Up  0.430/ 0.440×303  Down  0.560/ 0.570×194  [盘口=WS 簿龄=0.4s/10s WS事件=26(簿16/增量0) 距上次WS=0.3s] [TWAP#1 age=1s]
[01:40:06] t+    7s  TWAP=77338.087 range=  0.294  Up  0.430/ 0.450×10  Down  0.550/ 0.570×1218  [盘口=WS 簿龄=0.2s/10s WS事件=70(簿46/增量0) 距上次WS=0.2s] [TWAP#3 age=1s]
[01:40:08] t+    9s  TWAP=77337.432 range=  0.949  Up  0.390/ 0.410×370  Down  0.590/ 0.610×117  [盘口=WS 簿龄=0.0s/10s WS事件=125(簿84/增量0) 距上次WS=0.0s] [TWAP#5 age=1s]
[01:40:10] t+   11s  TWAP=77336.758 range=  1.623  Up  0.380/ 0.390×159  Down  0.610/ 0.620×633  [盘口=WS 簿龄=0.0s/10s WS事件=178(簿120/增量0) 距上次WS=0.0s] [TWAP#7 age=1s]
[01:40:12] t+   13s  TWAP=77336.233 range=  2.148  Up  0.380/ 0.390×42  Down  0.610/ 0.620×35  [盘口=WS 簿龄=0.4s/10s WS事件=230(簿154/增量0) 距上次WS=0.3s] [TWAP#9 age=1s]
[01:40:14] t+   15s  TWAP=77335.606 range=  2.776  Up  0.370/ 0.380×717  Down  0.620/ 0.630×6  [盘口=WS 簿龄=0.0s/10s WS事件=268(簿180/增量0) 距上次WS=0.0s] [TWAP#12 age=0s]
[01:40:16] t+   17s  TWAP=77335.371 range=  3.010  Up  0.360/ 0.370×534  Down  0.630/ 0.640×40  [盘口=WS 簿龄=0.1s/10s WS事件=289(簿194/增量0) 距上次WS=0.1s] [TWAP#13 age=1s]
[01:40:18] t+   19s  TWAP=77334.903 range=  3.479  Up  0.360/ 0.370×712  Down  0.630/ 0.640×89  [盘口=WS 簿龄=0.3s/10s WS事件=302(簿202/增量0) 距上次WS=0.3s] [TWAP#15 age=1s]
[01:40:20] t+   21s  TWAP=77334.337 range=  4.044  Up  0.330/ 0.340×33  Down  0.660/ 0.670×90  [盘口=WS 簿龄=0.2s/10s WS事件=355(簿238/增量0) 距上次WS=0.1s] [TWAP#17 age=1s]
[01:40:22] t+   23s  TWAP=77333.258 range=  5.123  Up  0.340/ 0.350×191  Down  0.650/ 0.660×370  [盘口=WS 簿龄=0.0s/10s WS事件=389(簿262/增量0) 距上次WS=0.0s] [TWAP#19 age=0s]
[01:40:24] t+   25s  TWAP=77332.872 range=  5.509  Up  0.330/ 0.340×124  Down  0.660/ 0.670×245  [盘口=WS 簿龄=0.2s/10s WS事件=417(簿280/增量0) 距上次WS=0.1s] [TWAP#21 age=0s]
[01:40:26] t+   27s  TWAP=77332.011 range=  6.370  Up  0.370/ 0.380×305  Down  0.620/ 0.630×92  [盘口=WS 簿龄=0.0s/10s WS事件=458(簿308/增量0) 距上次WS=0.0s] [TWAP#23 age=1s]
[01:40:28] t+   29s  TWAP=77330.475 range=  7.906  Up  0.360/ 0.370×296  Down  0.630/ 0.640×275  [盘口=WS 簿龄=0.2s/10s WS事件=471(簿316/增量0) 距上次WS=0.2s] [TWAP#25 age=0s]
[01:40:30] t+   31s  TWAP=77329.974 range=  8.407  Up  0.360/ 0.370×262  Down  0.630/ 0.640×327  [盘口=WS 簿龄=0.1s/10s WS事件=486(簿326/增量0) 距上次WS=0.0s] [TWAP#27 age=1s]
[01:40:32] t+   33s  TWAP=77328.945 range=  9.436  Up  0.310/ 0.330×95  Down  0.670/ 0.690×7  [盘口=WS 簿龄=0.3s/10s WS事件=504(簿338/增量0) 距上次WS=0.1s] [TWAP#29 age=1s]
[01:40:34] t+   35s  TWAP=77327.388 range= 10.994  Up  0.260/ 0.270×258  Down  0.730/ 0.740×35  [盘口=WS 簿龄=0.0s/10s WS事件=556(簿374/增量0) 距上次WS=0.0s] [TWAP#31 age=0s]
[01:40:36] t+   37s  TWAP=77326.880 range= 11.501  Up  0.250/ 0.260×329  Down  0.740/ 0.750×48  [盘口=WS 簿龄=0.1s/10s WS事件=599(簿402/增量0) 距上次WS=0.1s] [TWAP#33 age=1s]
[01:40:38] t+   39s  TWAP=77324.750 range= 13.631  Up  0.310/ 0.320×298  Down  0.680/ 0.690×474  [盘口=WS 簿龄=0.1s/10s WS事件=635(簿427/增量0) 距上次WS=0.0s] [TWAP#35 age=1s]
[01:40:40] t+   41s  TWAP=77324.004 range= 14.378  Up  0.290/ 0.300×772  Down  0.700/ 0.710×72  [盘口=WS 簿龄=0.0s/10s WS事件=695(簿466/增量0) 距上次WS=0.0s] [TWAP#37 age=1s]
[01:40:42] t+   43s  TWAP=77322.701 range= 15.681  Up  0.220/ 0.250×954  Down  0.750/ 0.780×162  [盘口=WS 簿龄=0.1s/10s WS事件=761(簿510/增量0) 距上次WS=0.1s] [TWAP#39 age=1s]
[01:40:44] t+   45s  TWAP=77321.525 range= 16.857  Up  0.220/ 0.230×490  Down  0.770/ 0.780×31  [盘口=WS 簿龄=0.4s/10s WS事件=791(簿530/增量0) 距上次WS=0.3s] [TWAP#41 age=1s]
[01:40:46] t+   47s  TWAP=77320.298 range= 18.083  Up  0.410/ 0.430×300  Down  0.570/ 0.590×20  [盘口=WS 簿龄=0.0s/10s WS事件=951(簿642/增量0) 距上次WS=0.0s] [TWAP#43 age=1s]
[01:40:48] t+   49s  TWAP=77318.958 range= 19.423  Up  0.410/ 0.420×240  Down  0.580/ 0.590×162  [盘口=WS 簿龄=0.1s/10s WS事件=1068(簿722/增量0) 距上次WS=0.0s] [TWAP#45 age=1s]
[01:40:50] t+   51s  TWAP=77317.502 range= 20.879  Up  0.410/ 0.420×75  Down  0.580/ 0.590×932  [盘口=WS 簿龄=0.8s/10s WS事件=1088(簿736/增量0) 距上次WS=0.8s] [TWAP#47 age=1s]
[01:40:52] t+   53s  TWAP=77316.812 range= 21.569  Up  0.410/ 0.420×266  Down  0.580/ 0.590×259  [盘口=WS 簿龄=0.3s/10s WS事件=1103(簿746/增量0) 距上次WS=0.3s] [TWAP#49 age=1s]
[01:40:54] t+   55s  TWAP=77316.552 range= 21.829  Up  0.420/ 0.430×614  Down  0.570/ 0.580×38  [盘口=WS 簿龄=0.3s/10s WS事件=1124(簿760/增量0) 距上次WS=0.3s] [TWAP#51 age=0s]
[01:40:56] t+   57s  TWAP=77316.082 range= 22.299  Up  0.420/ 0.430×597  Down  0.570/ 0.580×125  [盘口=WS 簿龄=1.0s/10s WS事件=1136(簿768/增量0) 距上次WS=0.9s] [TWAP#53 age=0s]
[01:40:58] t+   59s  TWAP=77315.709 range= 22.672  Up  0.410/ 0.420×150  Down  0.580/ 0.590×297  [盘口=WS 簿龄=0.1s/10s WS事件=1169(簿790/增量0) 距上次WS=0.1s] [TWAP#55 age=0s]
[01:41:00] t+   61s  TWAP=77315.315 range= 23.066  Up  0.410/ 0.420×459  Down  0.580/ 0.590×48  [盘口=WS 簿龄=0.3s/10s WS事件=1184(簿800/增量0) 距上次WS=0.2s] [TWAP#57 age=0s]
[01:41:02] t+   63s  TWAP=77315.137 range= 23.244  Up  0.430/ 0.440×45  Down  0.560/ 0.570×937  [盘口=WS 簿龄=0.8s/10s WS事件=1201(簿812/增量0) 距上次WS=0.7s] [TWAP#58 age=1s]
[01:41:04] t+   65s  TWAP=77314.680 range= 23.701  Up  0.520/ 0.550×23  Down  0.450/ 0.480×1  [盘口=WS 簿龄=0.1s/10s WS事件=1288(簿874/增量0) 距上次WS=0.1s] [TWAP#61 age=0s]
[01:41:06] t+   67s  TWAP=77314.560 range= 23.821  Up  0.540/ 0.560×30  Down  0.440/ 0.460×1327  [盘口=WS 簿龄=0.3s/10s WS事件=1387(簿938/增量0) 距上次WS=0.3s] [TWAP#62 age=1s]
[01:41:08] t+   69s  TWAP=77314.558 range= 23.859  Up  0.590/ 0.600×120  Down  0.400/ 0.410×440  [盘口=WS 簿龄=0.1s/10s WS事件=1447(簿978/增量0) 距上次WS=0.0s] [TWAP#64 age=1s]
[01:41:10] t+   71s  TWAP=77314.946 range= 23.859  Up  0.620/ 0.630×105  Down  0.370/ 0.380×722  [盘口=WS 簿龄=0.0s/10s WS事件=1503(簿1016/增量0) 距上次WS=0.0s] [TWAP#66 age=1s]
[01:41:12] t+   73s  TWAP=77315.343 range= 23.859  Up  0.470/ 0.490×163  Down  0.510/ 0.530×70  [盘口=WS 簿龄=0.1s/10s WS事件=1567(簿1060/增量0) 距上次WS=0.1s] [TWAP#68 age=1s]
[01:41:14] t+   75s  TWAP=77315.934 range= 23.859  Up  0.520/ 0.530×225  Down  0.470/ 0.480×173  [盘口=WS 簿龄=0.2s/10s WS事件=1623(簿1098/增量0) 距上次WS=0.1s] [TWAP#70 age=1s]
[01:41:16] t+   77s  TWAP=77316.894 range= 23.859  Up  0.480/ 0.500×690  Down  0.500/ 0.520×146  [盘口=WS 簿龄=0.2s/10s WS事件=1662(簿1124/增量0) 距上次WS=0.2s] [TWAP#72 age=1s]
[01:41:16] [入场检查] … Up ask= 0.500 ≥ 0.30，观察
[01:41:18] t+   79s  TWAP=77317.483 range= 23.859  Up  0.450/ 0.460×93  Down  0.540/ 0.550×799  [盘口=WS 簿龄=0.2s/10s WS事件=1703(簿1152/增量0) 距上次WS=0.1s] [TWAP#74 age=1s]
[01:41:18] [入场检查] … Up ask= 0.460 ≥ 0.30，观察
[01:41:20] t+   81s  TWAP=77318.113 range= 23.859  Up  0.470/ 0.480×686  Down  0.520/ 0.530×15  [盘口=WS 簿龄=0.0s/10s WS事件=1718(簿1162/增量0) 距上次WS=0.0s] [TWAP#75 age=1s]
[01:41:20] [入场检查] … Up ask= 0.480 ≥ 0.30，观察
[01:41:22] t+   83s  TWAP=77319.158 range= 23.859  Up  0.480/ 0.490×38  Down  0.510/ 0.520×664  [盘口=WS 簿龄=0.1s/10s WS事件=1736(簿1174/增量0) 距上次WS=0.1s] [TWAP#78 age=0s]
[01:41:22] [入场检查] … Up ask= 0.490 ≥ 0.30，观察
[01:41:24] t+   85s  TWAP=77319.795 range= 23.859  Up  0.450/ 0.460×484  Down  0.540/ 0.550×738  [盘口=WS 簿龄=0.0s/10s WS事件=1757(簿1190/增量0) 距上次WS=0.0s] [TWAP#79 age=1s]
[01:41:24] [入场检查] … Up ask= 0.460 ≥ 0.30，观察
[01:41:26] t+   87s  TWAP=77320.152 range= 23.859  Up  0.410/ 0.420×405  Down  0.580/ 0.590×76  [盘口=WS 簿龄=0.1s/10s WS事件=1832(簿1240/增量0) 距上次WS=0.1s] [TWAP#81 age=1s]
[01:41:26] [入场检查] … Up ask= 0.420 ≥ 0.30，观察
[01:41:28] t+   89s  TWAP=77321.244 range= 23.859  Up  0.390/ 0.400×100  Down  0.600/ 0.610×771  [盘口=WS 簿龄=0.1s/10s WS事件=1859(簿1258/增量0) 距上次WS=0.1s] [TWAP#83 age=1s]
[01:41:28] [入场检查] … Up ask= 0.400 ≥ 0.30，观察
[01:41:30] t+   91s  TWAP=77321.519 range= 23.859  Up  0.440/ 0.450×10  Down  0.550/ 0.560×37  [盘口=WS 簿龄=0.0s/10s WS事件=1885(簿1276/增量0) 距上次WS=0.0s] [TWAP#85 age=1s]
[01:41:30] [入场检查] … Up ask= 0.450 ≥ 0.30，观察
[01:41:32] t+   93s  TWAP=77322.122 range= 23.859  Up  0.440/ 0.450×741  Down  0.550/ 0.560×105  [盘口=WS 簿龄=0.0s/10s WS事件=1909(簿1292/增量0) 距上次WS=0.0s] [TWAP#88 age=0s]
[01:41:34] t+   95s  TWAP=77322.600 range= 23.859  Up  0.430/ 0.440×110  Down  0.560/ 0.570×469  [盘口=WS 簿龄=0.4s/10s WS事件=1943(簿1314/增量0) 距上次WS=0.3s] [TWAP#90 age=0s]
[01:41:34] [入场检查] … Up ask= 0.440 ≥ 0.30，观察
[01:41:36] t+   97s  TWAP=77323.242 range= 23.859  Up  0.520/ 0.550×495  Down  0.450/ 0.480×135  [盘口=WS 簿龄=0.0s/10s WS事件=1993(簿1348/增量0) 距上次WS=0.0s] [TWAP#92 age=0s]
[01:41:36] [入场检查] … Down ask= 0.480 ≥ 0.30，观察
[01:41:39] t+   99s  TWAP=77324.777 range= 23.859  Up  0.680/ 0.690×250  Down  0.310/ 0.320×230  [盘口=REST 簿龄=无/10s WS事件=2070(簿1404/增量0) 距上次WS=1.6s] [TWAP#94 age=0s]
[01:41:39] [入场检查] … Down ask= 0.320 ≥ 0.30，观察
[01:41:41] t+  102s  TWAP=77325.324 range= 23.859  Up  0.670/ 0.680×497  Down  0.320/ 0.330×56  [盘口=WS 簿龄=0.0s/10s WS事件=2095(簿1422/增量0) 距上次WS=0.0s] [TWAP#96 age=1s]
[01:41:41] [入场检查] … Down ask= 0.330 ≥ 0.30，观察
[01:41:43] t+  104s  TWAP=77328.273 range= 23.859  Up  0.670/ 0.690×168  Down  0.310/ 0.330×208  [盘口=WS 簿龄=0.1s/10s WS事件=2117(簿1436/增量0) 距上次WS=0.1s] [TWAP#99 age=0s]
[01:41:45] t+  106s  TWAP=77330.487 range= 23.859  Up  0.610/ 0.620×60  Down  0.380/ 0.390×701  [盘口=WS 簿龄=0.1s/10s WS事件=2156(簿1462/增量0) 距上次WS=0.1s] [TWAP#101 age=0s]
[01:41:45] [入场检查] … Down ask= 0.390 ≥ 0.30，观察
[01:41:47] t+  108s  TWAP=77332.876 range= 23.859  Up  0.630/ 0.640×586  Down  0.360/ 0.370×120  [盘口=WS 簿龄=0.3s/10s WS事件=2191(簿1486/增量0) 距上次WS=0.3s] [TWAP#103 age=0s]
[01:41:47] [入场检查] … Down ask= 0.370 ≥ 0.30，观察
[01:41:49] t+  110s  TWAP=77335.365 range= 23.859  Up  0.610/ 0.620×389  Down  0.380/ 0.390×75  [盘口=WS 簿龄=0.1s/10s WS事件=2287(簿1552/增量0) 距上次WS=0.0s] [TWAP#105 age=0s]
[01:41:49] [入场检查] … Down ask= 0.390 ≥ 0.30，观察
[01:41:51] t+  112s  TWAP=77337.032 range= 23.859  Up  0.610/ 0.620×35  Down  0.380/ 0.390×546  [盘口=WS 簿龄=0.6s/10s WS事件=2319(簿1574/增量0) 距上次WS=0.5s] [TWAP#107 age=0s]
[01:41:53] t+  114s  TWAP=77337.646 range= 23.859  Up  0.500/ 0.510×248  Down  0.490/ 0.500×233  [盘口=WS 簿龄=0.0s/10s WS事件=2356(簿1600/增量0) 距上次WS=0.0s] [TWAP#108 age=1s]
[01:41:53] [入场检查] … Down ask= 0.500 ≥ 0.30，观察
[01:41:55] t+  116s  TWAP=77339.324 range= 24.803  Up  0.490/ 0.500×47  Down  0.500/ 0.510×672  [盘口=WS 簿龄=0.7s/10s WS事件=2401(簿1630/增量0) 距上次WS=0.6s] [TWAP#111 age=0s]
[01:41:57] t+  118s  TWAP=77339.888 range= 25.366  Up  0.490/ 0.500×389  Down  0.500/ 0.510×39  [盘口=WS 簿龄=0.3s/10s WS事件=2434(簿1652/增量0) 距上次WS=0.3s] [TWAP#112 age=1s]
[01:41:59] t+  120s  TWAP=77340.588 range= 26.067  Up  0.550/ 0.560×10  Down  0.440/ 0.450×35  [盘口=WS 簿龄=0.2s/10s WS事件=2481(簿1684/增量0) 距上次WS=0.1s] [TWAP#114 age=1s]
[01:41:59] [入场检查] … Down ask= 0.450 ≥ 0.30，观察
[01:42:01] t+  122s  TWAP=77341.063 range= 26.542  Up  0.560/ 0.570×21  Down  0.430/ 0.440×908  [盘口=WS 簿龄=0.1s/10s WS事件=2496(簿1694/增量0) 距上次WS=0.1s] [TWAP#116 age=1s]
[01:42:01] [入场检查] … Down ask= 0.440 ≥ 0.30，观察
[01:42:03] t+  124s  TWAP=77341.625 range= 27.103  Up  0.550/ 0.560×634  Down  0.440/ 0.450×59  [盘口=WS 簿龄=0.4s/10s WS事件=2511(簿1704/增量0) 距上次WS=0.4s] [TWAP#119 age=0s]
[01:42:03] [入场检查] … Down ask= 0.450 ≥ 0.30，观察
[01:42:05] t+  126s  TWAP=77342.051 range= 27.529  Up  0.550/ 0.560×11  Down  0.440/ 0.450×577  [盘口=WS 簿龄=1.0s/10s WS事件=2520(簿1710/增量0) 距上次WS=1.0s] [TWAP#121 age=0s]
[01:42:07] t+  128s  TWAP=77342.297 range= 27.776  Up  0.630/ 0.640×19  Down  0.360/ 0.370×502  [盘口=WS 簿龄=0.4s/10s WS事件=2569(簿1744/增量0) 距上次WS=0.3s] [TWAP#123 age=0s]
[01:42:07] [入场检查] … Down ask= 0.370 ≥ 0.30，观察
[01:42:09] t+  130s  TWAP=77342.211 range= 27.776  Up  0.620/ 0.630×346  Down  0.370/ 0.380×157  [盘口=WS 簿龄=0.6s/10s WS事件=2581(簿1752/增量0) 距上次WS=0.5s] [TWAP#125 age=0s]
[01:42:09] [入场检查] … Down ask= 0.380 ≥ 0.30，观察
[01:42:11] t+  132s  TWAP=77342.135 range= 27.776  Up  0.460/ 0.470×367  Down  0.530/ 0.540×58  [盘口=WS 簿龄=0.0s/10s WS事件=2647(簿1798/增量0) 距上次WS=0.0s] [TWAP#127 age=0s]
[01:42:11] [入场检查] … Up ask= 0.470 ≥ 0.30，观察
[01:42:13] t+  134s  TWAP=77342.177 range= 27.776  Up  0.450/ 0.460×68  Down  0.540/ 0.550×838  [盘口=WS 簿龄=0.3s/10s WS事件=2682(簿1820/增量0) 距上次WS=0.3s] [TWAP#128 age=1s]
[01:42:13] [入场检查] … Up ask= 0.460 ≥ 0.30，观察
[01:42:15] t+  136s  TWAP=77341.894 range= 27.776  Up  0.500/ 0.510×152  Down  0.490/ 0.500×347  [盘口=WS 簿龄=0.0s/10s WS事件=2705(簿1836/增量0) 距上次WS=0.0s] [TWAP#130 age=1s]
[01:42:17] t+  138s  TWAP=77341.894 range= 27.776  Up  0.430/ 0.440×50  Down  0.560/ 0.570×10  [盘口=WS 簿龄=0.0s/10s WS事件=2723(簿1848/增量0) 距上次WS=0.0s] [TWAP#131 age=1s]
[01:42:19] t+  140s  TWAP=77341.800 range= 27.776  Up  0.450/ 0.460×545  Down  0.540/ 0.550×108  [盘口=WS 簿龄=0.1s/10s WS事件=2753(簿1868/增量0) 距上次WS=0.0s] [TWAP#133 age=1s]
[01:42:21] t+  142s  TWAP=77341.674 range= 27.776  Up  0.410/ 0.420×88  Down  0.580/ 0.590×574  [盘口=WS 簿龄=0.1s/10s WS事件=2791(簿1894/增量0) 距上次WS=0.1s] [TWAP#135 age=0s]
[01:42:23] t+  144s  TWAP=77341.647 range= 27.776  Up  0.390/ 0.400×433  Down  0.600/ 0.610×189  [盘口=WS 簿龄=0.0s/10s WS事件=2802(簿1902/增量0) 距上次WS=0.0s] [TWAP#137 age=0s]
[01:42:25] t+  146s  TWAP=77341.474 range= 27.776  Up  0.300/ 0.330×135  Down  0.670/ 0.700×35  [盘口=WS 簿龄=0.0s/10s WS事件=2849(簿1936/增量0) 距上次WS=0.0s] [TWAP#139 age=0s]
[01:42:27] t+  148s  TWAP=77341.242 range= 27.776  Up  0.290/ 0.310×158  Down  0.690/ 0.710×1740  [盘口=WS 簿龄=0.0s/10s WS事件=2898(簿1968/增量0) 距上次WS=0.0s] [TWAP#141 age=0s]
[01:42:29] t+  150s  TWAP=77341.072 range= 27.776  Up  0.320/ 0.330×190  Down  0.670/ 0.680×779  [盘口=WS 簿龄=0.2s/10s WS事件=2932(簿1990/增量0) 距上次WS=0.1s] [TWAP#143 age=0s]
[01:42:31] t+  152s  TWAP=77340.724 range= 27.776  Up  0.250/ 0.260×261  Down  0.740/ 0.750×70  [盘口=WS 簿龄=0.1s/10s WS事件=2982(簿2026/增量0) 距上次WS=0.1s] [TWAP#145 age=0s]
[01:42:33] t+  154s  TWAP=77340.236 range= 27.776  Up  0.250/ 0.260×65  Down  0.740/ 0.750×550  [盘口=WS 簿龄=0.1s/10s WS事件=3049(簿2070/增量0) 距上次WS=0.0s] [TWAP#147 age=0s]
[01:42:35] t+  156s  TWAP=77339.727 range= 27.776  Up  0.170/ 0.190×567  Down  0.810/ 0.830×40  [盘口=WS 簿龄=0.2s/10s WS事件=3088(簿2096/增量0) 距上次WS=0.1s] [TWAP#149 age=0s]
[01:42:37] t+  158s  TWAP=77339.421 range= 27.776  Up  0.150/ 0.160×577  Down  0.840/ 0.850×16  [盘口=WS 簿龄=0.0s/10s WS事件=3197(簿2170/增量0) 距上次WS=0.0s] [TWAP#150 age=1s]
[01:42:39] t+  160s  TWAP=77338.244 range= 27.776  Up  0.140/ 0.150×283  Down  0.850/ 0.860×436  [盘口=WS 簿龄=1.2s/10s WS事件=3203(簿2174/增量0) 距上次WS=1.1s] [TWAP#153 age=0s]
[01:42:41] t+  162s  TWAP=77336.611 range= 27.776  Up  0.150/ 0.160×44  Down  0.840/ 0.850×583  [盘口=WS 簿龄=0.1s/10s WS事件=3236(簿2196/增量0) 距上次WS=0.1s] [TWAP#154 age=0s]
[01:42:43] t+  164s  TWAP=77334.190 range= 27.776  Up  0.140/ 0.150×312  Down  0.850/ 0.860×341  [盘口=WS 簿龄=0.1s/10s WS事件=3283(簿2228/增量0) 距上次WS=0.1s] [TWAP#156 age=0s]
[01:42:45] t+  166s  TWAP=77331.653 range= 27.776  Up  0.140/ 0.150×627  Down  0.850/ 0.860×27  [盘口=WS 簿龄=0.1s/10s WS事件=3316(簿2250/增量0) 距上次WS=0.1s] [TWAP#158 age=0s]
[01:42:47] t+  168s  TWAP=77329.104 range= 27.776  Up  0.140/ 0.150×309  Down  0.850/ 0.860×243  [盘口=WS 簿龄=0.1s/10s WS事件=3393(簿2302/增量0) 距上次WS=0.0s] [TWAP#160 age=0s]
[01:42:49] t+  170s  TWAP=77327.798 range= 27.776  Up  0.120/ 0.130×349  Down  0.870/ 0.880×770  [盘口=WS 簿龄=0.1s/10s WS事件=3442(簿2336/增量0) 距上次WS=0.0s] [TWAP#161 age=1s]
[01:42:51] t+  172s  TWAP=77325.333 range= 27.776  Up  0.130/ 0.150×275  Down  0.850/ 0.870×401  [盘口=WS 簿龄=0.1s/10s WS事件=3488(簿2368/增量0) 距上次WS=0.1s] [TWAP#163 age=1s]
[01:42:53] t+  174s  TWAP=77322.819 range= 27.776  Up  0.120/ 0.130×79  Down  0.870/ 0.880×645  [盘口=WS 簿龄=0.1s/10s WS事件=3538(簿2402/增量0) 距上次WS=0.0s] [TWAP#165 age=1s]
[01:42:55] t+  176s  TWAP=77320.398 range= 27.776  Up  0.140/ 0.150×137  Down  0.850/ 0.860×290  [盘口=WS 簿龄=0.1s/10s WS事件=3598(簿2442/增量0) 距上次WS=0.0s] [TWAP#167 age=1s]
[01:42:58] t+  178s  TWAP=77316.090 range= 27.776  Up  0.210/ 0.220×539  Down  0.800/ 0.840×33  [盘口=REST 簿龄=0.1s/10s WS事件=3618(簿2456/增量0) 距上次WS=0.1s] [TWAP#170 age=0s]
[01:43:00] t+  181s  TWAP=77314.417 range= 27.881  Up  0.170/ 0.180×19  Down  0.820/ 0.830×975  [盘口=WS 簿龄=0.1s/10s WS事件=3683(簿2500/增量0) 距上次WS=0.1s] [TWAP#172 age=0s]
[01:43:02] t+  183s  TWAP=77313.137 range= 29.161  Up  0.180/ 0.190×835  Down  0.810/ 0.820×148  [盘口=WS 簿龄=0.8s/10s WS事件=3724(簿2528/增量0) 距上次WS=0.7s] [TWAP#174 age=0s]
[01:43:04] t+  185s  TWAP=77312.537 range= 29.760  Up  0.170/ 0.180×247  Down  0.820/ 0.830×229  [盘口=WS 簿龄=0.8s/10s WS事件=3750(簿2546/增量0) 距上次WS=0.8s] [TWAP#175 age=1s]
[01:43:06] t+  187s  TWAP=77311.261 range= 31.037  Up  0.230/ 0.250×64  Down  0.750/ 0.770×272  [盘口=WS 簿龄=0.2s/10s WS事件=3817(簿2592/增量0) 距上次WS=0.1s] [TWAP#177 age=1s]
[01:43:08] t+  189s  TWAP=77309.342 range= 32.955  Up  0.240/ 0.250×9  Down  0.750/ 0.760×964  [盘口=WS 簿龄=0.1s/10s WS事件=3852(簿2616/增量0) 距上次WS=0.1s] [TWAP#179 age=0s]
[01:43:10] t+  191s  TWAP=77308.670 range= 33.628  Up  0.300/ 0.310×321  Down  0.690/ 0.700×286  [盘口=WS 簿龄=0.6s/10s WS事件=3940(簿2674/增量0) 距上次WS=0.5s] [TWAP#181 age=1s]
[01:43:12] t+  193s  TWAP=77307.436 range= 34.861  Up  0.280/ 0.290×62  Down  0.710/ 0.720×400  [盘口=WS 簿龄=0.2s/10s WS事件=3988(簿2706/增量0) 距上次WS=0.1s] [TWAP#183 age=1s]
[01:43:14] t+  195s  TWAP=77306.070 range= 36.227  Up  0.280/ 0.290×179  Down  0.710/ 0.720×187  [盘口=WS 簿龄=0.2s/10s WS事件=4023(簿2730/增量0) 距上次WS=0.2s] [TWAP#185 age=1s]
[01:43:16] t+  197s  TWAP=77305.140 range= 37.157  Up  0.290/ 0.300×295  Down  0.700/ 0.710×355  [盘口=WS 簿龄=0.3s/10s WS事件=4038(簿2740/增量0) 距上次WS=0.3s] [TWAP#187 age=1s]
[01:43:18] t+  199s  TWAP=77304.561 range= 37.736  Up  0.250/ 0.260×155  Down  0.740/ 0.750×886  [盘口=WS 簿龄=0.1s/10s WS事件=4064(簿2758/增量0) 距上次WS=0.0s] [TWAP#189 age=1s]
[01:43:20] t+  201s  TWAP=77303.989 range= 38.309  Up  0.300/ 0.310×150  Down  0.690/ 0.700×225  [盘口=WS 簿龄=0.3s/10s WS事件=4101(簿2784/增量0) 距上次WS=0.2s] [TWAP#191 age=0s]
[01:43:22] t+  203s  TWAP=77303.481 range= 38.816  Up  0.070/ 0.080×60  Down  0.920/ 0.930×15  [盘口=WS 簿龄=0.0s/10s WS事件=4226(簿2878/增量0) 距上次WS=0.0s] [TWAP#193 age=1s]
[01:43:24] t+  205s  TWAP=77302.982 range= 39.316  Up  0.090/ 0.100×488  Down  0.900/ 0.910×42  [盘口=WS 簿龄=0.1s/10s WS事件=4364(簿2972/增量0) 距上次WS=0.0s] [TWAP#195 age=1s]
[01:43:26] t+  207s  TWAP=77302.633 range= 39.665  Up  0.060/ 0.070×104  Down  0.930/ 0.940×1324  [盘口=WS 簿龄=0.1s/10s WS事件=4399(簿2996/增量0) 距上次WS=0.1s] [TWAP#197 age=0s]
[01:43:28] t+  209s  TWAP=77301.967 range= 40.330  Up  0.090/ 0.100×193  Down  0.900/ 0.910×452  [盘口=WS 簿龄=0.0s/10s WS事件=4460(簿3038/增量0) 距上次WS=0.0s] [TWAP#199 age=1s]
[01:43:30] t+  211s  TWAP=77300.618 range= 41.679  Up  0.080/ 0.090×704  Down  0.910/ 0.920×335  [盘口=WS 簿龄=0.6s/10s WS事件=4489(簿3058/增量0) 距上次WS=0.6s] [TWAP#202 age=0s]
[01:43:32] t+  213s  TWAP=77300.281 range= 42.016  Up  0.140/ 0.160×503  Down  0.840/ 0.860×105  [盘口=WS 簿龄=0.1s/10s WS事件=4593(簿3130/增量0) 距上次WS=0.0s] [TWAP#203 age=1s]
[01:43:34] t+  215s  TWAP=77299.729 range= 42.568  Up  0.130/ 0.140×200  Down  0.860/ 0.870×324  [盘口=WS 簿龄=0.1s/10s WS事件=4639(簿3160/增量0) 距上次WS=0.0s] [TWAP#205 age=1s]
[01:43:36] t+  217s  TWAP=77299.144 range= 43.153  Up  0.150/ 0.220×341  Down  0.780/ 0.850×95  [盘口=WS 簿龄=0.0s/10s WS事件=4685(簿3192/增量0) 距上次WS=0.0s] [TWAP#207 age=1s]
[01:43:38] t+  219s  TWAP=77298.964 range= 43.334  Up  0.190/ 0.200×302  Down  0.800/ 0.810×235  [盘口=WS 簿龄=0.0s/10s WS事件=4739(簿3228/增量0) 距上次WS=0.0s] [TWAP#209 age=1s]
[01:43:40] t+  221s  TWAP=77299.124 range= 43.334  Up  0.240/ 0.250×167  Down  0.750/ 0.760×570  [盘口=WS 簿龄=0.0s/10s WS事件=4785(簿3260/增量0) 距上次WS=0.0s] [TWAP#212 age=0s]
[01:43:42] t+  223s  TWAP=77299.758 range= 43.334  Up  0.190/ 0.200×610  Down  0.800/ 0.810×14  [盘口=WS 簿龄=0.1s/10s WS事件=4821(簿3284/增量0) 距上次WS=0.1s] [TWAP#214 age=0s]
[01:43:44] t+  225s  TWAP=77300.576 range= 43.334  Up  0.200/ 0.210×237  Down  0.790/ 0.800×355  [盘口=WS 簿龄=0.1s/10s WS事件=4845(簿3300/增量0) 距上次WS=0.0s] [TWAP#216 age=0s]
[01:43:46] t+  227s  TWAP=77300.576 range= 43.334  Up  0.170/ 0.190×356  Down  0.810/ 0.830×211  [盘口=WS 簿龄=0.2s/10s WS事件=4890(簿3330/增量0) 距上次WS=0.1s] [TWAP#216 age=2s]
[01:43:48] t+  229s  TWAP=77301.982 range= 43.334  Up  0.180/ 0.190×285  Down  0.810/ 0.820×255  [盘口=WS 簿龄=0.1s/10s WS事件=4911(簿3344/增量0) 距上次WS=0.0s] [TWAP#218 age=1s]
[01:43:50] t+  231s  TWAP=77303.399 range= 43.334  Up  0.150/ 0.160×105  Down  0.840/ 0.850×446  [盘口=WS 簿龄=0.0s/10s WS事件=4940(簿3364/增量0) 距上次WS=0.0s] [TWAP#221 age=0s]
[01:43:52] t+  233s  TWAP=77304.374 range= 43.334  Up  0.130/ 0.140×188  Down  0.860/ 0.870×344  [盘口=WS 簿龄=0.0s/10s WS事件=4964(簿3380/增量0) 距上次WS=0.0s] [TWAP#223 age=0s]
[01:43:54] t+  235s  TWAP=77305.324 range= 43.334  Up  0.130/ 0.140×413  Down  0.860/ 0.870×141  [盘口=WS 簿龄=1.9s/10s WS事件=4968(簿3382/增量0) 距上次WS=1.8s] [TWAP#225 age=0s]
[01:43:56] t+  237s  TWAP=77306.238 range= 43.334  Up  0.120/ 0.130×126  Down  0.870/ 0.880×555  [盘口=WS 簿龄=0.1s/10s WS事件=4992(簿3398/增量0) 距上次WS=0.1s] [TWAP#226 age=1s]
[01:43:59] t+  239s  TWAP=77307.557 range= 43.334  Up  0.120/ 0.130×515  Down  0.880/ 0.890×217  [盘口=REST 簿龄=0.0s/10s WS事件=5015(簿3414/增量0) 距上次WS=0.0s] [TWAP#230 age=1s]
[01:44:02] 本窗口未入场，进入下一个窗口（1/20）。
[01:44:59] [窗口 2] 起点 1789062300（本地 01:44:59），开始持续监测 …
[01:45:00] 市场: Bitcoin Up or Down - September 10, 1:45PM-1:50PM ET  (minSize=5)
[01:45:01] t+    0s  TWAP=      n/a range=    n/a  Up  0.500/ 0.510×54  Down  0.490/ 0.500×171  [盘口=REST 簿龄=0.5s/10s WS事件=0(簿0/增量0) 距上次WS=从未] [TWAP#0 age=无]
[01:45:03] t+    3s  TWAP=77326.629 range=  0.000  Up  0.550/ 0.560×286  Down  0.440/ 0.450×445  [盘口=WS 簿龄=0.1s/10s WS事件=2(簿2/增量0) 距上次WS=0.1s] [TWAP#1 age=0s]
[01:45:05] t+    5s  TWAP=77327.174 range=  0.545  Up  0.540/ 0.550×529  Down  0.450/ 0.460×43  [盘口=WS 簿龄=0.1s/10s WS事件=19(簿12/增量0) 距上次WS=0.1s] [TWAP#3 age=0s]
[01:45:07] t+    7s  TWAP=77327.684 range=  1.055  Up  0.530/ 0.540×35  Down  0.460/ 0.470×138  [盘口=WS 簿龄=0.3s/10s WS事件=40(簿26/增量0) 距上次WS=0.3s] [TWAP#5 age=0s]
[01:45:09] t+    9s  TWAP=77328.145 range=  1.516  Up  0.510/ 0.520×780  Down  0.480/ 0.490×28  [盘口=WS 簿龄=0.2s/10s WS事件=70(簿46/增量0) 距上次WS=0.2s] [TWAP#7 age=0s]
[01:45:11] t+   11s  TWAP=77328.163 range=  1.613  Up  0.480/ 0.490×371  Down  0.510/ 0.520×119  [盘口=WS 簿龄=0.1s/10s WS事件=98(簿66/增量0) 距上次WS=0.1s] [TWAP#9 age=0s]
[01:45:13] t+   13s  TWAP=77327.927 range=  1.613  Up  0.470/ 0.480×877  Down  0.520/ 0.530×179  [盘口=WS 簿龄=0.2s/10s WS事件=122(簿82/增量0) 距上次WS=0.1s] [TWAP#11 age=0s]
[01:45:15] t+   15s  TWAP=77327.659 range=  1.613  Up  0.450/ 0.460×73  Down  0.540/ 0.550×421  [盘口=WS 簿龄=0.8s/10s WS事件=150(簿102/增量0) 距上次WS=0.8s] [TWAP#13 age=0s]
[01:45:17] t+   17s  TWAP=77327.361 range=  1.613  Up  0.470/ 0.480×196  Down  0.520/ 0.530×385  [盘口=WS 簿龄=0.5s/10s WS事件=182(簿124/增量0) 距上次WS=0.4s] [TWAP#15 age=0s]
[01:45:19] t+   19s  TWAP=77326.943 range=  1.613  Up  0.460/ 0.470×5  Down  0.530/ 0.540×88  [盘口=WS 簿龄=0.1s/10s WS事件=223(簿154/增量0) 距上次WS=0.1s] [TWAP#17 age=0s]
[01:45:21] t+   21s  TWAP=77326.738 range=  1.613  Up  0.470/ 0.480×185  Down  0.520/ 0.530×710  [盘口=WS 簿龄=0.1s/10s WS事件=279(簿190/增量0) 距上次WS=0.1s] [TWAP#18 age=1s]
[01:45:23] t+   23s  TWAP=77326.238 range=  2.004  Up  0.450/ 0.470×1028  Down  0.530/ 0.550×133  [盘口=WS 簿龄=0.3s/10s WS事件=306(簿208/增量0) 距上次WS=0.3s] [TWAP#20 age=1s]
[01:45:25] t+   26s  TWAP=77325.405 range=  2.837  Up  0.450/ 0.460×296  Down  0.540/ 0.550×201  [盘口=WS 簿龄=0.3s/10s WS事件=330(簿224/增量0) 距上次WS=0.2s] [TWAP#23 age=0s]
[01:45:27] t+   28s  TWAP=77324.868 range=  3.374  Up  0.450/ 0.460×746  Down  0.540/ 0.550×118  [盘口=WS 簿龄=0.1s/10s WS事件=345(簿234/增量0) 距上次WS=0.1s] [TWAP#25 age=0s]
[01:45:29] t+   30s  TWAP=77324.653 range=  3.588  Up  0.480/ 0.490×24  Down  0.510/ 0.520×509  [盘口=WS 簿龄=0.3s/10s WS事件=395(簿268/增量0) 距上次WS=0.3s] [TWAP#26 age=1s]
[01:45:31] t+   32s  TWAP=77324.180 range=  4.062  Up  0.490/ 0.500×84  Down  0.500/ 0.510×718  [盘口=WS 簿龄=1.0s/10s WS事件=418(簿284/增量0) 距上次WS=0.9s] [TWAP#28 age=1s]
[01:45:33] t+   34s  TWAP=77323.501 range=  4.740  Up  0.480/ 0.490×814  Down  0.510/ 0.520×368  [盘口=WS 簿龄=0.9s/10s WS事件=429(簿292/增量0) 距上次WS=0.8s] [TWAP#31 age=0s]
[01:45:35] t+   36s  TWAP=77323.206 range=  5.035  Up  0.510/ 0.520×685  Down  0.480/ 0.490×23  [盘口=WS 簿龄=0.1s/10s WS事件=476(簿324/增量0) 距上次WS=0.1s] [TWAP#33 age=0s]
[01:45:37] t+   38s  TWAP=77322.982 range=  5.260  Up  0.430/ 0.450×78  Down  0.550/ 0.570×624  [盘口=WS 簿龄=0.2s/10s WS事件=515(簿350/增量0) 距上次WS=0.1s] [TWAP#34 age=1s]
[01:45:39] t+   40s  TWAP=77323.022 range=  5.260  Up  0.430/ 0.440×255  Down  0.560/ 0.570×807  [盘口=WS 簿龄=0.2s/10s WS事件=562(簿382/增量0) 距上次WS=0.1s] [TWAP#36 age=1s]
[01:45:41] t+   42s  TWAP=77323.413 range=  5.260  Up  0.450/ 0.460×765  Down  0.540/ 0.550×160  [盘口=WS 簿龄=0.0s/10s WS事件=597(簿406/增量0) 距上次WS=0.0s] [TWAP#39 age=0s]
[01:45:43] t+   44s  TWAP=77323.393 range=  5.260  Up  0.490/ 0.500×585  Down  0.500/ 0.510×26  [盘口=WS 簿龄=0.2s/10s WS事件=618(簿420/增量0) 距上次WS=0.2s] [TWAP#40 age=1s]
[01:45:45] t+   46s  TWAP=77323.349 range=  5.260  Up  0.470/ 0.480×943  Down  0.520/ 0.530×150  [盘口=WS 簿龄=0.7s/10s WS事件=644(簿438/增量0) 距上次WS=0.6s] [TWAP#42 age=0s]
[01:45:47] t+   48s  TWAP=77323.307 range=  5.260  Up  0.520/ 0.530×555  Down  0.470/ 0.480×210  [盘口=WS 簿龄=0.8s/10s WS事件=677(簿460/增量0) 距上次WS=0.7s] [TWAP#44 age=0s]
[01:45:49] t+   50s  TWAP=77323.312 range=  5.260  Up  0.500/ 0.510×632  Down  0.490/ 0.500×173  [盘口=WS 簿龄=1.0s/10s WS事件=686(簿466/增量0) 距上次WS=0.9s] [TWAP#46 age=1s]
[01:45:51] t+   52s  TWAP=77323.445 range=  5.260  Up  0.470/ 0.500×1081  Down  0.500/ 0.530×392  [盘口=WS 簿龄=0.3s/10s WS事件=701(簿476/增量0) 距上次WS=0.3s] [TWAP#48 age=1s]
[01:45:53] t+   54s  TWAP=77323.688 range=  5.260  Up  0.500/ 0.510×890  Down  0.490/ 0.500×116  [盘口=WS 簿龄=0.5s/10s WS事件=725(簿492/增量0) 距上次WS=0.4s] [TWAP#50 age=1s]
[01:45:55] t+   56s  TWAP=77323.744 range=  5.260  Up  0.520/ 0.550×537  Down  0.450/ 0.480×320  [盘口=WS 簿龄=0.4s/10s WS事件=749(簿508/增量0) 距上次WS=0.2s] [TWAP#52 age=1s]
[01:45:57] t+   58s  TWAP=77323.568 range=  5.260  Up  0.540/ 0.550×1185  Down  0.450/ 0.460×90  [盘口=WS 簿龄=0.3s/10s WS事件=761(簿516/增量0) 距上次WS=0.2s] [TWAP#55 age=0s]
[01:45:59] t+   60s  TWAP=77323.568 range=  5.260  Up  0.540/ 0.550×887  Down  0.450/ 0.460×69  [盘口=WS 簿龄=2.0s/10s WS事件=763(簿518/增量0) 距上次WS=2.0s] [TWAP#55 age=2s]
[01:46:01] t+   62s  TWAP=77323.568 range=  5.260  Up  0.540/ 0.550×887  Down  0.450/ 0.460×69  [盘口=WS 簿龄=4.0s/10s WS事件=763(簿518/增量0) 距上次WS=4.0s] [TWAP#55 age=4s]
[01:46:03] t+   64s  TWAP=77323.568 range=  5.260  Up  0.540/ 0.550×887  Down  0.450/ 0.460×69  [盘口=WS 簿龄=6.0s/10s WS事件=763(簿518/增量0) 距上次WS=6.0s] [TWAP#55 age=6s]
[01:46:05] t+   66s  TWAP=77323.568 range=  5.260  Up  0.540/ 0.550×887  Down  0.450/ 0.460×69  [盘口=WS 簿龄=8.0s/10s WS事件=763(簿518/增量0) 距上次WS=8.0s] [TWAP#55 age=8s]
