[00:02:20] === 5min BTC 单笔交易  [DRY-RUN] ===
[00:02:20] 入场过滤: 窗口TWAP波动<$25 且 冷门方ask<0.30（开窗后105-135s）｜止盈 +100%｜未止盈拿到结算
[00:02:20] 喂价: Polymarket RTDS Chainlink TWAP-60s（结算同源）｜日志: data\logs\trade5m_20260911_000220.log
[00:04:59] [窗口 1] 起点 1789056300（本地 00:04:59），开始持续监测 …
[00:05:00] 市场: Bitcoin Up or Down - September 10, 12:05PM-12:10PM ET  (minSize=5)
[00:05:01] t+    0s  TWAP=      n/a range=    n/a  Up  0.360/ 0.370  Down  0.630/ 0.640  [盘口=REST 簿龄=无/10s WS事件=0(簿0/增量0) 距上次WS=从未] [TWAP#0 age=无]
[00:05:03] t+    3s  TWAP=77091.523 range=  0.000  Up  0.360/ 0.370  Down  0.630/ 0.640  [盘口=WS 簿龄=0.2s/10s WS事件=2(簿2/增量0) 距上次WS=0.2s] [TWAP#1 age=0s]
[00:05:05] t+    5s  TWAP=77091.275 range=  0.248  Up  0.370/ 0.390  Down  0.610/ 0.630  [盘口=WS 簿龄=0.0s/10s WS事件=35(簿26/增量0) 距上次WS=0.0s] [TWAP#3 age=0s]
[00:05:07] t+    7s  TWAP=77090.708 range=  0.816  Up  0.330/ 0.340  Down  0.660/ 0.670  [盘口=WS 簿龄=0.0s/10s WS事件=113(簿76/增量0) 距上次WS=0.0s] [TWAP#5 age=1s]
[00:05:09] t+    9s  TWAP=77090.400 range=  1.123  Up  0.350/ 0.360  Down  0.640/ 0.650  [盘口=WS 簿龄=0.7s/10s WS事件=146(簿98/增量0) 距上次WS=0.6s] [TWAP#6 age=2s]
[00:05:11] t+   11s  TWAP=77089.001 range=  2.522  Up  0.350/ 0.360  Down  0.640/ 0.650  [盘口=WS 簿龄=0.8s/10s WS事件=164(簿110/增量0) 距上次WS=0.6s] [TWAP#8 age=1s]
[00:05:13] t+   13s  TWAP=77087.893 range=  3.630  Up  0.350/ 0.360  Down  0.640/ 0.650  [盘口=WS 簿龄=0.5s/10s WS事件=173(簿116/增量0) 距上次WS=0.5s] [TWAP#10 age=0s]
[00:05:15] t+   15s  TWAP=77086.810 range=  4.713  Up  0.370/ 0.380  Down  0.620/ 0.630  [盘口=WS 簿龄=0.0s/10s WS事件=200(簿134/增量0) 距上次WS=0.0s] [TWAP#12 age=1s]
[00:05:17] t+   17s  TWAP=77085.526 range=  5.997  Up  0.370/ 0.380  Down  0.620/ 0.630  [盘口=WS 簿龄=0.5s/10s WS事件=227(簿152/增量0) 距上次WS=0.4s] [TWAP#14 age=1s]
[00:05:19] t+   19s  TWAP=77084.754 range=  6.769  Up  0.400/ 0.410  Down  0.590/ 0.600  [盘口=WS 簿龄=0.4s/10s WS事件=253(簿170/增量0) 距上次WS=0.3s] [TWAP#15 age=2s]
[00:05:21] t+   21s  TWAP=77083.236 range=  8.287  Up  0.270/ 0.280  Down  0.720/ 0.730  [盘口=WS 簿龄=0.1s/10s WS事件=332(簿224/增量0) 距上次WS=0.0s] [TWAP#17 age=2s]
[00:05:23] t+   23s  TWAP=77080.991 range= 10.532  Up  0.310/ 0.320  Down  0.680/ 0.690  [盘口=WS 簿龄=0.3s/10s WS事件=430(簿290/增量0) 距上次WS=0.3s] [TWAP#20 age=0s]
[00:05:25] t+   25s  TWAP=77079.508 range= 12.015  Up  0.310/ 0.320  Down  0.680/ 0.690  [盘口=WS 簿龄=0.2s/10s WS事件=454(簿306/增量0) 距上次WS=0.1s] [TWAP#22 age=1s]
[00:05:27] t+   27s  TWAP=77078.009 range= 13.514  Up  0.330/ 0.340  Down  0.660/ 0.670  [盘口=WS 簿龄=0.0s/10s WS事件=474(簿320/增量0) 距上次WS=0.0s] [TWAP#24 age=0s]
[00:05:29] t+   29s  TWAP=77075.854 range= 15.669  Up  0.330/ 0.340  Down  0.660/ 0.670  [盘口=WS 簿龄=0.3s/10s WS事件=484(簿326/增量0) 距上次WS=0.3s] [TWAP#26 age=0s]
[00:05:31] t+   31s  TWAP=77075.151 range= 16.372  Up  0.260/ 0.270  Down  0.730/ 0.740  [盘口=WS 簿龄=0.3s/10s WS事件=544(簿366/增量0) 距上次WS=0.2s] [TWAP#28 age=0s]
[00:05:34] t+   33s  TWAP=77072.370 range= 19.153  Up  0.310/ 0.320  Down  0.680/ 0.690  [盘口=REST 簿龄=无/10s WS事件=544(簿366/增量0) 距上次WS=3.4s] [TWAP#31 age=1s]
[00:05:36] t+   37s  TWAP=77071.594 range= 19.929  Up  0.310/ 0.320  Down  0.680/ 0.690  [盘口=WS 簿龄=0.2s/10s WS事件=576(簿388/增量0) 距上次WS=0.1s] [TWAP#33 age=1s]
[00:05:38] t+   39s  TWAP=77069.307 range= 22.216  Up  0.310/ 0.320  Down  0.680/ 0.690  [盘口=WS 簿龄=0.9s/10s WS事件=591(簿398/增量0) 距上次WS=0.8s] [TWAP#35 age=0s]
[00:05:40] t+   41s  TWAP=77067.854 range= 23.669  Up  0.310/ 0.320  Down  0.680/ 0.690  [盘口=WS 簿龄=0.1s/10s WS事件=597(簿402/增量0) 距上次WS=0.0s] [TWAP#38 age=0s]
[00:05:42] t+   43s  TWAP=77067.156 range= 24.367  Up  0.270/ 0.300  Down  0.700/ 0.730  [盘口=WS 簿龄=0.0s/10s WS事件=614(簿414/增量0) 距上次WS=0.0s] [TWAP#39 age=1s]
[00:05:44] t+   45s  TWAP=77065.192 range= 26.331  Up  0.300/ 0.310  Down  0.690/ 0.720  [盘口=WS 簿龄=0.4s/10s WS事件=637(簿429/增量0) 距上次WS=0.0s] [TWAP#41 age=1s]
[00:05:46] t+   47s  TWAP=77064.556 range= 26.967  Up  0.390/ 0.400  Down  0.600/ 0.610  [盘口=WS 簿龄=0.0s/10s WS事件=756(簿512/增量0) 距上次WS=0.0s] [TWAP#43 age=0s]
[00:05:48] t+   49s  TWAP=77063.490 range= 28.033  Up  0.400/ 0.410  Down  0.590/ 0.600  [盘口=WS 簿龄=0.0s/10s WS事件=862(簿582/增量0) 距上次WS=0.0s] [TWAP#45 age=1s]
[00:05:50] t+   51s  TWAP=77062.800 range= 28.724  Up  0.410/ 0.420  Down  0.580/ 0.590  [盘口=WS 簿龄=0.3s/10s WS事件=881(簿594/增量0) 距上次WS=0.3s] [TWAP#47 age=0s]
[00:05:52] t+   53s  TWAP=77062.367 range= 29.157  Up  0.430/ 0.440  Down  0.560/ 0.570  [盘口=WS 簿龄=0.1s/10s WS事件=922(簿622/增量0) 距上次WS=0.1s] [TWAP#49 age=0s]
[00:05:54] t+   55s  TWAP=77062.103 range= 29.420  Up  0.430/ 0.440  Down  0.560/ 0.570  [盘口=WS 簿龄=0.7s/10s WS事件=953(簿642/增量0) 距上次WS=0.7s] [TWAP#51 age=0s]
[00:05:56] t+   57s  TWAP=77062.038 range= 29.485  Up  0.430/ 0.440  Down  0.560/ 0.570  [盘口=WS 簿龄=0.1s/10s WS事件=987(簿666/增量0) 距上次WS=0.1s] [TWAP#53 age=0s]
[00:05:58] t+   59s  TWAP=77062.013 range= 29.510  Up  0.440/ 0.450  Down  0.550/ 0.560  [盘口=WS 簿龄=0.1s/10s WS事件=1031(簿696/增量0) 距上次WS=0.1s] [TWAP#54 age=1s]
[00:06:00] t+   61s  TWAP=77061.949 range= 29.574  Up  0.420/ 0.430  Down  0.570/ 0.580  [盘口=WS 簿龄=0.2s/10s WS事件=1061(簿716/增量0) 距上次WS=0.2s] [TWAP#56 age=1s]
[00:06:02] t+   63s  TWAP=77062.365 range= 29.574  Up  0.430/ 0.440  Down  0.560/ 0.570  [盘口=WS 簿龄=0.1s/10s WS事件=1084(簿732/增量0) 距上次WS=0.1s] [TWAP#58 age=0s]
[00:06:04] t+   65s  TWAP=77062.702 range= 29.574  Up  0.420/ 0.430  Down  0.570/ 0.580  [盘口=WS 簿龄=0.9s/10s WS事件=1100(簿742/增量0) 距上次WS=0.9s] [TWAP#60 age=0s]
[00:06:06] t+   67s  TWAP=77062.865 range= 29.574  Up  0.400/ 0.420  Down  0.580/ 0.600  [盘口=WS 簿龄=0.2s/10s WS事件=1124(簿758/增量0) 距上次WS=0.2s] [TWAP#61 age=1s]
[00:06:08] t+   69s  TWAP=77063.220 range= 29.574  Up  0.430/ 0.440  Down  0.560/ 0.570  [盘口=WS 簿龄=0.1s/10s WS事件=1145(簿772/增量0) 距上次WS=0.0s] [TWAP#63 age=1s]
[00:06:10] t+   71s  TWAP=77063.597 range= 29.574  Up  0.420/ 0.430  Down  0.570/ 0.580  [盘口=WS 簿龄=0.4s/10s WS事件=1160(簿782/增量0) 距上次WS=0.4s] [TWAP#65 age=1s]
[00:06:12] t+   73s  TWAP=77064.134 range= 29.574  Up  0.420/ 0.430  Down  0.570/ 0.580  [盘口=WS 簿龄=2.0s/10s WS事件=1163(簿784/增量0) 距上次WS=2.0s] [TWAP#67 age=1s]
[00:06:14] t+   75s  TWAP=77064.922 range= 29.574  Up  0.420/ 0.430  Down  0.570/ 0.580  [盘口=WS 簿龄=0.8s/10s WS事件=1166(簿786/增量0) 距上次WS=0.8s] [TWAP#69 age=1s]
[00:06:16] t+   77s  TWAP=77065.181 range= 29.574  Up  0.320/ 0.330  Down  0.660/ 0.670  [盘口=WS 簿龄=0.1s/10s WS事件=1213(簿819/增量0) 距上次WS=0.0s] [TWAP#71 age=1s]
[00:06:18] t+   79s  TWAP=77065.933 range= 29.574  Up  0.350/ 0.370  Down  0.630/ 0.650  [盘口=WS 簿龄=0.2s/10s WS事件=1280(簿864/增量0) 距上次WS=0.1s] [TWAP#74 age=0s]
[00:06:20] t+   81s  TWAP=77066.375 range= 29.574  Up  0.340/ 0.350  Down  0.650/ 0.660  [盘口=WS 簿龄=0.3s/10s WS事件=1307(簿882/增量0) 距上次WS=0.3s] [TWAP#76 age=0s]
[00:06:22] t+   83s  TWAP=77066.454 range= 29.574  Up  0.330/ 0.340  Down  0.660/ 0.670  [盘口=WS 簿龄=0.0s/10s WS事件=1342(簿906/增量0) 距上次WS=0.0s] [TWAP#77 age=0s]
[00:06:24] t+   85s  TWAP=77066.606 range= 29.574  Up  0.330/ 0.340  Down  0.660/ 0.670  [盘口=WS 簿龄=0.3s/10s WS事件=1369(簿924/增量0) 距上次WS=0.2s] [TWAP#79 age=1s]
[00:06:26] t+   87s  TWAP=77067.418 range= 29.574  Up  0.330/ 0.340  Down  0.660/ 0.670  [盘口=WS 簿龄=0.4s/10s WS事件=1384(簿934/增量0) 距上次WS=0.4s] [TWAP#81 age=1s]
[00:06:28] t+   89s  TWAP=77067.884 range= 29.574  Up  0.330/ 0.340  Down  0.660/ 0.670  [盘口=WS 簿龄=0.2s/10s WS事件=1423(簿960/增量0) 距上次WS=0.2s] [TWAP#83 age=1s]
[00:06:30] t+   91s  TWAP=77068.342 range= 29.574  Up  0.270/ 0.280  Down  0.720/ 0.730  [盘口=WS 簿龄=0.0s/10s WS事件=1475(簿996/增量0) 距上次WS=0.0s] [TWAP#85 age=1s]
[00:06:33] t+   93s  TWAP=77068.950 range= 29.574  Up  0.250/ 0.260  Down  0.740/ 0.750  [盘口=REST 簿龄=无/10s WS事件=1476(簿996/增量0) 距上次WS=2.9s] [TWAP#88 age=1s]
[00:06:35] t+   96s  TWAP=77069.295 range= 29.574  Up  0.250/ 0.260  Down  0.740/ 0.750  [盘口=WS 簿龄=0.1s/10s WS事件=1493(簿1008/增量0) 距上次WS=0.1s] [TWAP#90 age=1s]
[00:06:37] t+   98s  TWAP=77069.625 range= 29.574  Up  0.240/ 0.250  Down  0.750/ 0.760  [盘口=WS 簿龄=0.7s/10s WS事件=1502(簿1014/增量0) 距上次WS=0.6s] [TWAP#92 age=0s]
[00:06:39] t+  100s  TWAP=77069.729 range= 29.574  Up  0.240/ 0.250  Down  0.750/ 0.760  [盘口=WS 簿龄=0.4s/10s WS事件=1526(簿1030/增量0) 距上次WS=0.4s] [TWAP#95 age=0s]
[00:06:41] t+  102s  TWAP=77069.772 range= 29.574  Up  0.250/ 0.260  Down  0.740/ 0.750  [盘口=WS 簿龄=0.2s/10s WS事件=1547(簿1044/增量0) 距上次WS=0.2s] [TWAP#97 age=0s]
[00:06:43] t+  104s  TWAP=77069.728 range= 29.574  Up  0.250/ 0.260  Down  0.740/ 0.750  [盘口=WS 簿龄=1.1s/10s WS事件=1550(簿1046/增量0) 距上次WS=1.0s] [TWAP#98 age=1s]
[00:06:45] t+  106s  TWAP=77069.662 range= 29.574  Up  0.250/ 0.260  Down  0.740/ 0.750  [盘口=WS 簿龄=1.1s/10s WS事件=1556(簿1050/增量0) 距上次WS=1.1s] [TWAP#101 age=0s]
[00:06:45] [入场检查] ❌ 波动 $29.57 ≥ $25，放弃。
[00:06:48] t+  108s  TWAP=77069.710 range= 29.574  Up  0.250/ 0.260  Down  0.740/ 0.750  [盘口=REST 簿龄=无/10s WS事件=1556(簿1050/增量0) 距上次WS=4.1s] [TWAP#104 age=0s]
[00:06:50] t+  111s  TWAP=77069.174 range= 29.574  Up  0.310/ 0.320  Down  0.680/ 0.690  [盘口=WS 簿龄=0.1s/10s WS事件=1581(簿1070/增量0) 距上次WS=0.1s] [TWAP#106 age=0s]
[00:06:52] t+  113s  TWAP=77068.581 range= 29.574  Up  0.300/ 0.310  Down  0.690/ 0.700  [盘口=WS 簿龄=0.1s/10s WS事件=1623(簿1098/增量0) 距上次WS=0.1s] [TWAP#107 age=0s]
[00:06:54] t+  115s  TWAP=77068.077 range= 29.574  Up  0.280/ 0.300  Down  0.700/ 0.720  [盘口=WS 簿龄=0.3s/10s WS事件=1638(簿1108/增量0) 距上次WS=0.3s] [TWAP#110 age=0s]
[00:06:56] t+  117s  TWAP=77067.810 range= 29.574  Up  0.260/ 0.280  Down  0.720/ 0.740  [盘口=WS 簿龄=0.3s/10s WS事件=1653(簿1118/增量0) 距上次WS=0.2s] [TWAP#111 age=1s]
[00:06:58] t+  119s  TWAP=77067.259 range= 29.574  Up  0.260/ 0.270  Down  0.730/ 0.740  [盘口=WS 簿龄=0.5s/10s WS事件=1674(簿1132/增量0) 距上次WS=0.5s] [TWAP#113 age=1s]
[00:07:00] t+  121s  TWAP=77066.468 range= 29.574  Up  0.220/ 0.230  Down  0.770/ 0.780  [盘口=WS 簿龄=0.1s/10s WS事件=1691(簿1144/增量0) 距上次WS=0.1s] [TWAP#116 age=0s]
[00:07:02] t+  123s  TWAP=77065.891 range= 29.574  Up  0.220/ 0.230  Down  0.770/ 0.780  [盘口=WS 簿龄=0.8s/10s WS事件=1697(簿1148/增量0) 距上次WS=0.8s] [TWAP#118 age=0s]
[00:07:04] t+  125s  TWAP=77065.559 range= 29.574  Up  0.170/ 0.180  Down  0.820/ 0.830  [盘口=WS 簿龄=0.1s/10s WS事件=1735(簿1174/增量0) 距上次WS=0.0s] [TWAP#119 age=1s]
[00:07:06] t+  127s  TWAP=77064.819 range= 29.574  Up  0.130/ 0.140  Down  0.860/ 0.870  [盘口=WS 簿龄=0.1s/10s WS事件=1794(簿1214/增量0) 距上次WS=0.1s] [TWAP#121 age=1s]
[00:07:08] t+  129s  TWAP=77063.630 range= 29.574  Up  0.140/ 0.150  Down  0.850/ 0.860  [盘口=WS 簿龄=0.3s/10s WS事件=1848(簿1250/增量0) 距上次WS=0.2s] [TWAP#124 age=1s]
[00:07:10] t+  131s  TWAP=77062.391 range= 29.574  Up  0.140/ 0.150  Down  0.850/ 0.860  [盘口=WS 簿龄=0.6s/10s WS事件=1860(簿1258/增量0) 距上次WS=0.4s] [TWAP#126 age=0s]
[00:07:12] t+  133s  TWAP=77061.000 range= 30.524  Up  0.170/ 0.180  Down  0.820/ 0.830  [盘口=WS 簿龄=0.0s/10s WS事件=1894(簿1282/增量0) 距上次WS=0.0s] [TWAP#128 age=0s]
[00:07:14] t+  135s  TWAP=77059.596 range= 31.927  Up  0.140/ 0.150  Down  0.850/ 0.860  [盘口=WS 簿龄=0.2s/10s WS事件=1934(簿1308/增量0) 距上次WS=0.2s] [TWAP#130 age=0s]
[00:07:16] t+  137s  TWAP=77058.903 range= 32.620  Up  0.140/ 0.150  Down  0.850/ 0.860  [盘口=WS 簿龄=2.2s/10s WS事件=1934(簿1308/增量0) 距上次WS=2.2s] [TWAP#131 age=1s]
[00:07:18] t+  139s  TWAP=77056.933 range= 34.590  Up  0.130/ 0.140  Down  0.860/ 0.870  [盘口=WS 簿龄=0.5s/10s WS事件=1954(簿1322/增量0) 距上次WS=0.4s] [TWAP#134 age=0s]
[00:07:20] t+  141s  TWAP=77056.278 range= 35.246  Up  0.130/ 0.140  Down  0.860/ 0.870  [盘口=WS 簿龄=0.0s/10s WS事件=1969(簿1332/增量0) 距上次WS=0.0s] [TWAP#135 age=1s]
[00:07:22] t+  143s  TWAP=77054.603 range= 36.920  Up  0.130/ 0.140  Down  0.860/ 0.870  [盘口=WS 簿龄=0.5s/10s WS事件=1984(簿1342/增量0) 距上次WS=0.5s] [TWAP#137 age=0s]
[00:07:24] t+  145s  TWAP=77054.088 range= 37.435  Up  0.130/ 0.140  Down  0.860/ 0.870  [盘口=WS 簿龄=0.7s/10s WS事件=1987(簿1344/增量0) 距上次WS=0.7s] [TWAP#138 age=1s]
[00:07:27] t+  147s  TWAP=77052.478 range= 39.045  Up  0.100/ 0.110  Down  0.890/ 0.900  [盘口=WS 簿龄=0.0s/10s WS事件=2087(簿1412/增量0) 距上次WS=0.0s] [TWAP#141 age=0s]
[00:07:29] t+  149s  TWAP=77051.414 range= 40.109  Up  0.110/ 0.120  Down  0.880/ 0.890  [盘口=WS 簿龄=0.0s/10s WS事件=2141(簿1450/增量0) 距上次WS=0.0s] [TWAP#143 age=0s]
[00:07:31] t+  151s  TWAP=77050.218 range= 41.305  Up  0.080/ 0.100  Down  0.900/ 0.920  [盘口=WS 簿龄=0.0s/10s WS事件=2171(簿1470/增量0) 距上次WS=0.0s] [TWAP#144 age=0s]
[00:07:33] t+  153s  TWAP=77049.065 range= 42.458  Up  0.100/ 0.110  Down  0.890/ 0.900  [盘口=WS 簿龄=0.2s/10s WS事件=2231(簿1510/增量0) 距上次WS=0.2s] [TWAP#145 age=1s]
[00:07:35] t+  155s  TWAP=77047.791 range= 43.733  Up  0.080/ 0.090  Down  0.910/ 0.920  [盘口=WS 簿龄=0.3s/10s WS事件=2260(簿1530/增量0) 距上次WS=0.3s] [TWAP#148 age=0s]
[00:07:37] t+  157s  TWAP=77046.708 range= 44.816  Up  0.080/ 0.090  Down  0.910/ 0.920  [盘口=WS 簿龄=0.3s/10s WS事件=2275(簿1540/增量0) 距上次WS=0.3s] [TWAP#150 age=0s]
[00:07:39] t+  159s  TWAP=77045.736 range= 45.787  Up  0.080/ 0.090  Down  0.910/ 0.920  [盘口=WS 簿龄=0.0s/10s WS事件=2283(簿1546/增量0) 距上次WS=0.0s] [TWAP#152 age=0s]
[00:07:41] t+  161s  TWAP=77044.842 range= 46.681  Up  0.070/ 0.090  Down  0.910/ 0.930  [盘口=WS 簿龄=0.4s/10s WS事件=2290(簿1550/增量0) 距上次WS=0.0s] [TWAP#154 age=0s]
[00:07:43] t+  163s  TWAP=77043.949 range= 47.574  Up  0.060/ 0.070  Down  0.930/ 0.940  [盘口=WS 簿龄=0.5s/10s WS事件=2304(簿1560/增量0) 距上次WS=0.5s] [TWAP#156 age=0s]
[00:07:45] t+  165s  TWAP=77043.520 range= 48.004  Up  0.050/ 0.060  Down  0.940/ 0.950  [盘口=WS 簿龄=0.2s/10s WS事件=2326(簿1574/增量0) 距上次WS=0.0s] [TWAP#157 age=1s]
[00:07:47] t+  167s  TWAP=77042.633 range= 48.890  Up  0.050/ 0.060  Down  0.940/ 0.950  [盘口=WS 簿龄=0.5s/10s WS事件=2365(簿1600/增量0) 距上次WS=0.5s] [TWAP#159 age=1s]
[00:07:49] t+  169s  TWAP=77041.098 range= 50.425  Up  0.040/ 0.050  Down  0.950/ 0.960  [盘口=WS 簿龄=0.4s/10s WS事件=2389(簿1616/增量0) 距上次WS=0.3s] [TWAP#162 age=1s]
[00:07:51] t+  171s  TWAP=77039.955 range= 51.568  Up  0.040/ 0.050  Down  0.950/ 0.960  [盘口=WS 簿龄=0.0s/10s WS事件=2409(簿1630/增量0) 距上次WS=0.0s] [TWAP#163 age=1s]
[00:07:53] t+  173s  TWAP=77038.759 range= 52.764  Up  0.030/ 0.040  Down  0.960/ 0.970  [盘口=WS 簿龄=0.0s/10s WS事件=2428(簿1642/增量0) 距上次WS=0.0s] [TWAP#166 age=0s]
[00:07:56] t+  175s  TWAP=77035.719 range= 55.804  Up  0.030/ 0.040  Down  0.960/ 0.970  [盘口=REST 簿龄=0.1s/10s WS事件=2433(簿1646/增量0) 距上次WS=0.1s] [TWAP#169 age=0s]
[00:07:58] t+  178s  TWAP=77034.922 range= 56.601  Up  0.020/ 0.030  Down  0.970/ 0.980  [盘口=WS 簿龄=0.0s/10s WS事件=2486(簿1682/增量0) 距上次WS=0.0s] [TWAP#171 age=1s]
[00:08:00] t+  180s  TWAP=77034.124 range= 57.400  Up  0.020/ 0.030  Down  0.970/ 0.980  [盘口=WS 簿龄=0.3s/10s WS事件=2499(簿1690/增量0) 距上次WS=0.3s] [TWAP#172 age=2s]
[00:08:02] t+  182s  TWAP=77031.680 range= 59.843  Up  0.020/ 0.030  Down  0.970/ 0.980  [盘口=WS 簿龄=0.8s/10s WS事件=2502(簿1692/增量0) 距上次WS=0.8s] [TWAP#175 age=0s]
[00:08:04] t+  184s  TWAP=77029.734 range= 61.789  Up  0.010/ 0.030  Down  0.970/ 0.990  [盘口=WS 簿龄=0.2s/10s WS事件=2528(簿1710/增量0) 距上次WS=0.2s] [TWAP#177 age=1s]
[00:08:06] t+  186s  TWAP=77027.824 range= 63.699  Up  0.010/ 0.020  Down  0.980/ 0.990  [盘口=WS 簿龄=0.0s/10s WS事件=2577(簿1742/增量0) 距上次WS=0.0s] [TWAP#178 age=1s]
[00:08:08] t+  188s  TWAP=77025.579 range= 65.944  Up  0.010/ 0.020  Down  0.980/ 0.990  [盘口=WS 簿龄=0.1s/10s WS事件=2607(簿1762/增量0) 距上次WS=0.1s] [TWAP#181 age=0s]
[00:08:10] t+  190s  TWAP=77023.325 range= 68.198  Up  0.010/ 0.020  Down  0.980/ 0.990  [盘口=WS 簿龄=0.1s/10s WS事件=2625(簿1774/增量0) 距上次WS=0.1s] [TWAP#183 age=0s]
[00:08:12] t+  192s  TWAP=77021.536 range= 69.987  Up  0.010/ 0.020  Down  0.980/ 0.990  [盘口=WS 簿龄=0.2s/10s WS事件=2675(簿1808/增量0) 距上次WS=0.2s] [TWAP#185 age=1s]
[00:08:14] t+  194s  TWAP=77019.657 range= 71.866  Up    n/a/ 0.010  Down  0.990/   n/a  [盘口=WS 簿龄=0.1s/10s WS事件=2700(簿1824/增量0) 距上次WS=0.1s] [TWAP#187 age=0s]
[00:08:16] t+  196s  TWAP=77017.722 range= 73.801  Up    n/a/ 0.010  Down  0.990/   n/a  [盘口=WS 簿龄=0.5s/10s WS事件=2709(簿1830/增量0) 距上次WS=0.5s] [TWAP#188 age=0s]
[00:08:18] t+  198s  TWAP=77016.650 range= 74.873  Up    n/a/ 0.010  Down  0.990/   n/a  [盘口=WS 簿龄=0.1s/10s WS事件=2715(簿1834/增量0) 距上次WS=0.1s] [TWAP#189 age=1s]
[00:08:20] t+  200s  TWAP=77014.487 range= 77.036  Up    n/a/ 0.010  Down  0.990/   n/a  [盘口=WS 簿龄=0.2s/10s WS事件=2721(簿1838/增量0) 距上次WS=0.2s] [TWAP#191 age=1s]
[00:08:22] t+  202s  TWAP=77011.173 range= 80.350  Up    n/a/ 0.010  Down  0.990/   n/a  [盘口=WS 簿龄=2.2s/10s WS事件=2721(簿1838/增量0) 距上次WS=2.2s] [TWAP#194 age=1s]
[00:08:24] t+  204s  TWAP=77008.995 range= 82.528  Up    n/a/ 0.010  Down  0.990/   n/a  [盘口=WS 簿龄=0.4s/10s WS事件=2729(簿1844/增量0) 距上次WS=0.4s] [TWAP#196 age=1s]
[00:08:26] t+  206s  TWAP=77005.610 range= 85.913  Up    n/a/ 0.010  Down  0.990/   n/a  [盘口=WS 簿龄=0.9s/10s WS事件=2735(簿1848/增量0) 距上次WS=0.8s] [TWAP#198 age=0s]
[00:08:28] t+  208s  TWAP=77004.439 range= 87.084  Up    n/a/ 0.010  Down  0.990/   n/a  [盘口=WS 簿龄=0.9s/10s WS事件=2741(簿1852/增量0) 距上次WS=0.9s] [TWAP#200 age=1s]
[00:08:30] t+  210s  TWAP=77002.167 range= 89.356  Up    n/a/ 0.010  Down  0.990/   n/a  [盘口=WS 簿龄=2.9s/10s WS事件=2741(簿1852/增量0) 距上次WS=2.9s] [TWAP#201 age=1s]
[00:08:32] t+  212s  TWAP=76999.226 range= 92.297  Up    n/a/ 0.010  Down  0.990/   n/a  [盘口=WS 簿龄=5.0s/10s WS事件=2741(簿1852/增量0) 距上次WS=5.0s] [TWAP#204 age=0s]
[00:08:35] t+  214s  TWAP=76996.984 range= 94.540  Up    n/a/ 0.010  Down  0.990/   n/a  [盘口=REST 簿龄=无/10s WS事件=2741(簿1852/增量0) 距上次WS=8.3s] [TWAP#208 age=0s]
[00:08:37] t+  218s  TWAP=76996.230 range= 95.293  Up    n/a/ 0.010  Down  0.990/   n/a  [盘口=WS 簿龄=1.0s/10s WS事件=2746(簿1856/增量0) 距上次WS=1.0s] [TWAP#209 age=0s]
[00:08:39] t+  220s  TWAP=76994.697 range= 96.826  Up    n/a/ 0.010  Down  0.990/   n/a  [盘口=WS 簿龄=3.0s/10s WS事件=2746(簿1856/增量0) 距上次WS=3.0s] [TWAP#211 age=1s]
[00:08:41] t+  222s  TWAP=76993.050 range= 98.473  Up    n/a/ 0.010  Down  0.990/   n/a  [盘口=WS 簿龄=5.0s/10s WS事件=2746(簿1856/增量0) 距上次WS=5.0s] [TWAP#213 age=1s]
[00:08:43] t+  224s  TWAP=76991.425 range=100.098  Up    n/a/ 0.010  Down  0.990/   n/a  [盘口=WS 簿龄=0.7s/10s WS事件=2752(簿1860/增量0) 距上次WS=0.6s] [TWAP#215 age=1s]
[00:08:45] t+  226s  TWAP=76989.715 range=101.808  Up    n/a/ 0.010  Down  0.990/   n/a  [盘口=WS 簿龄=2.7s/10s WS事件=2752(簿1860/增量0) 距上次WS=2.6s] [TWAP#217 age=1s]
[00:08:47] t+  228s  TWAP=76987.267 range=104.256  Up    n/a/ 0.010  Down  0.990/   n/a  [盘口=WS 簿龄=4.7s/10s WS事件=2752(簿1860/增量0) 距上次WS=4.6s] [TWAP#219 age=0s]
[00:08:49] t+  230s  TWAP=76985.671 range=105.852  Up    n/a/ 0.010  Down  0.990/   n/a  [盘口=WS 簿龄=6.7s/10s WS事件=2752(簿1860/增量0) 距上次WS=6.6s] [TWAP#222 age=0s]
[00:08:51] t+  232s  TWAP=76983.827 range=107.696  Up    n/a/ 0.010  Down  0.990/   n/a  [盘口=WS 簿龄=8.7s/10s WS事件=2752(簿1860/增量0) 距上次WS=8.6s] [TWAP#224 age=0s]
[00:08:54] t+  234s  TWAP=76981.999 range=109.525  Up    n/a/ 0.010  Down  0.990/   n/a  [盘口=REST 簿龄=12.0s/10s WS事件=2752(簿1860/增量0) 距上次WS=11.9s] [TWAP#226 age=1s]
[00:08:57] t+  237s  TWAP=76979.391 range=112.132  Up    n/a/ 0.010  Down  0.990/   n/a  [盘口=REST 簿龄=无/10s WS事件=2752(簿1860/增量0) 距上次WS=14.5s] [TWAP#229 age=1s]
[00:09:00] t+  239s  TWAP=76976.591 range=114.932  Up    n/a/ 0.010  Down  0.990/   n/a  [盘口=REST 簿龄=0.2s/10s WS事件=2757(簿1864/增量0) 距上次WS=0.2s] [TWAP#232 age=0s]
[00:09:02] t+  242s  TWAP=76974.535 range=116.988  Up    n/a/ 0.010  Down  0.990/   n/a  [盘口=WS 簿龄=2.2s/10s WS事件=2757(簿1864/增量0) 距上次WS=2.2s] [TWAP#234 age=1s]
[00:09:04] t+  244s  TWAP=76972.146 range=119.377  Up    n/a/ 0.010  Down  0.990/   n/a  [盘口=WS 簿龄=4.2s/10s WS事件=2757(簿1864/增量0) 距上次WS=4.2s] [TWAP#236 age=1s]
[00:09:06] t+  246s  TWAP=76969.804 range=121.720  Up    n/a/ 0.010  Down  0.990/   n/a  [盘口=WS 簿龄=6.2s/10s WS事件=2757(簿1864/增量0) 距上次WS=6.2s] [TWAP#238 age=1s]
[00:09:08] t+  248s  TWAP=76967.994 range=123.529  Up    n/a/ 0.010  Down  0.990/   n/a  [盘口=WS 簿龄=8.2s/10s WS事件=2757(簿1864/增量0) 距上次WS=8.2s] [TWAP#240 age=0s]
[00:09:14] t+  250s  TWAP=76962.703 range=128.820  Up    n/a/ 0.010  Down  0.990/   n/a  [盘口=REST 簿龄=3.7s/10s WS事件=2760(簿1866/增量0) 距上次WS=3.7s] [TWAP#246 age=0s]
[00:09:16] t+  256s  TWAP=76961.168 range=130.355  Up    n/a/ 0.010  Down  0.990/   n/a  [盘口=WS 簿龄=0.1s/10s WS事件=2763(簿1868/增量0) 距上次WS=0.1s] [TWAP#248 age=0s]
[00:09:18] t+  258s  TWAP=76960.428 range=131.096  Up    n/a/ 0.010  Down  0.990/   n/a  [盘口=WS 簿龄=2.1s/10s WS事件=2763(簿1868/增量0) 距上次WS=2.1s] [TWAP#249 age=1s]
[00:09:20] t+  260s  TWAP=76958.946 range=132.577  Up    n/a/ 0.010  Down  0.990/   n/a  [盘口=WS 簿龄=0.6s/10s WS事件=2766(簿1870/增量0) 距上次WS=0.3s] [TWAP#251 age=1s]
[00:09:22] t+  262s  TWAP=76957.499 range=134.024  Up    n/a/ 0.010  Down  0.990/   n/a  [盘口=WS 簿龄=2.6s/10s WS事件=2766(簿1870/增量0) 距上次WS=2.3s] [TWAP#253 age=1s]
[00:09:24] t+  264s  TWAP=76956.084 range=135.439  Up    n/a/ 0.010  Down  0.990/   n/a  [盘口=WS 簿龄=4.6s/10s WS事件=2766(簿1870/增量0) 距上次WS=4.3s] [TWAP#255 age=1s]
[00:09:26] t+  266s  TWAP=76954.755 range=136.768  Up    n/a/ 0.010  Down  0.990/   n/a  [盘口=WS 簿龄=1.3s/10s WS事件=2772(簿1874/增量0) 距上次WS=1.3s] [TWAP#256 age=1s]
[00:09:28] t+  268s  TWAP=76953.403 range=138.121  Up    n/a/ 0.010  Down  0.990/   n/a  [盘口=WS 簿龄=3.3s/10s WS事件=2772(簿1874/增量0) 距上次WS=3.3s] [TWAP#259 age=0s]
[00:09:30] t+  270s  TWAP=76951.968 range=139.555  Up    n/a/ 0.010  Down  0.990/   n/a  [盘口=WS 簿龄=5.3s/10s WS事件=2772(簿1874/增量0) 距上次WS=5.3s] [TWAP#261 age=0s]
[00:09:32] t+  272s  TWAP=76950.452 range=141.071  Up    n/a/ 0.010  Down  0.990/   n/a  [盘口=WS 簿龄=0.1s/10s WS事件=2775(簿1876/增量0) 距上次WS=0.0s] [TWAP#263 age=1s]
[00:09:34] t+  274s  TWAP=76948.601 range=142.922  Up    n/a/ 0.010  Down  0.990/   n/a  [盘口=WS 簿龄=2.1s/10s WS事件=2775(簿1876/增量0) 距上次WS=2.0s] [TWAP#265 age=0s]
[00:09:36] t+  276s  TWAP=76946.658 range=144.865  Up    n/a/ 0.010  Down  0.990/   n/a  [盘口=WS 簿龄=1.1s/10s WS事件=2778(簿1878/增量0) 距上次WS=1.1s] [TWAP#267 age=0s]
[00:09:38] t+  278s  TWAP=76944.798 range=146.726  Up    n/a/ 0.010  Down  0.990/   n/a  [盘口=WS 簿龄=3.1s/10s WS事件=2778(簿1878/增量0) 距上次WS=3.1s] [TWAP#269 age=0s]
[00:09:40] 本窗口未入场，进入下一个窗口（1/1）。
[00:09:40] 1 个窗口均未满足入场条件，未交易。
