[01:52:35] === 5min BTC 单笔交易  [LIVE 真实资金] ===
[01:52:35] 入场过滤: 窗口TWAP波动<$33 且 冷门方ask<0.30（开窗后60-135s）｜止盈价 0.65｜未止盈拿到结算
[01:52:35] 喂价: Polymarket RTDS Chainlink TWAP-60s（结算同源）｜日志: data\logs\trade5m_20260911_015235.log
[01:54:58] [窗口 1] 起点 1789062900（本地 01:54:58），开始持续监测 …
[01:55:00] 市场: Bitcoin Up or Down - September 10, 1:55PM-2:00PM ET  (minSize=5)
[01:55:02] t+    0s  TWAP=      n/a range=    n/a  Up  0.460/ 0.470×5  Down  0.530/ 0.540×725  [盘口=REST 簿龄=无/10s WS事件=0(簿0/增量0) 距上次WS=从未] [TWAP#0 age=无]
[01:55:04] t+    4s  TWAP=      n/a range=    n/a  Up  0.460/ 0.470×5  Down  0.520/ 0.530×583  [盘口=WS 簿龄=2.5s/10s WS事件=0(簿0/增量0) 距上次WS=从未] [TWAP#0 age=无]
[01:55:06] t+    6s  TWAP=77373.040 range=  0.011  Up  0.470/ 0.480×181  Down  0.520/ 0.530×547  [盘口=WS 簿龄=0.6s/10s WS事件=11(簿8/增量0) 距上次WS=0.6s] [TWAP#3 age=0s]
[01:55:08] t+    8s  TWAP=77373.029 range=  0.022  Up  0.440/ 0.450×283  Down  0.550/ 0.560×524  [盘口=WS 簿龄=0.1s/10s WS事件=64(簿46/增量0) 距上次WS=0.0s] [TWAP#4 age=1s]
[01:55:10] t+   10s  TWAP=77372.978 range=  0.073  Up  0.440/ 0.450×420  Down  0.550/ 0.560×218  [盘口=WS 簿龄=0.0s/10s WS事件=70(簿50/增量0) 距上次WS=0.0s] [TWAP#6 age=1s]
[01:55:12] t+   12s  TWAP=77372.883 range=  0.168  Up  0.430/ 0.440×742  Down  0.560/ 0.570×102  [盘口=WS 簿龄=0.5s/10s WS事件=88(簿62/增量0) 距上次WS=0.5s] [TWAP#8 age=1s]
[01:55:14] t+   14s  TWAP=77372.690 range=  0.361  Up  0.430/ 0.440×641  Down  0.560/ 0.570×107  [盘口=WS 簿龄=1.7s/10s WS事件=94(簿66/增量0) 距上次WS=1.6s] [TWAP#10 age=0s]
[01:55:16] t+   16s  TWAP=77372.657 range=  0.394  Up  0.400/ 0.410×489  Down  0.590/ 0.600×315  [盘口=WS 簿龄=0.4s/10s WS事件=121(簿84/增量0) 距上次WS=0.2s] [TWAP#12 age=1s]
[01:55:18] t+   18s  TWAP=77372.613 range=  0.438  Up  0.350/ 0.360×188  Down  0.640/ 0.650×669  [盘口=WS 簿龄=0.4s/10s WS事件=185(簿128/增量0) 距上次WS=0.3s] [TWAP#13 age=1s]
[01:55:20] t+   20s  TWAP=77372.564 range=  0.488  Up  0.280/ 0.290×485  Down  0.710/ 0.720×115  [盘口=WS 簿龄=0.0s/10s WS事件=237(簿164/增量0) 距上次WS=0.0s] [TWAP#15 age=0s]
[01:55:22] t+   22s  TWAP=77372.526 range=  0.541  Up  0.270/ 0.280×980  Down  0.720/ 0.730×12  [盘口=WS 簿龄=0.3s/10s WS事件=268(簿184/增量0) 距上次WS=0.3s] [TWAP#17 age=0s]
[01:55:24] t+   24s  TWAP=77371.672 range=  1.379  Up  0.240/ 0.270×615  Down  0.730/ 0.760×117  [盘口=WS 簿龄=0.2s/10s WS事件=296(簿204/增量0) 距上次WS=0.2s] [TWAP#19 age=0s]
[01:55:26] t+   26s  TWAP=77369.827 range=  3.225  Up  0.260/ 0.270×353  Down  0.730/ 0.740×291  [盘口=WS 簿龄=0.1s/10s WS事件=349(簿238/增量0) 距上次WS=0.1s] [TWAP#21 age=0s]
[01:55:28] t+   28s  TWAP=77369.121 range=  3.930  Up  0.270/ 0.280×156  Down  0.720/ 0.730×320  [盘口=WS 簿龄=0.4s/10s WS事件=376(簿256/增量0) 距上次WS=0.3s] [TWAP#22 age=1s]
[01:55:30] t+   30s  TWAP=77367.542 range=  5.509  Up  0.260/ 0.270×704  Down  0.730/ 0.740×39  [盘口=WS 簿龄=0.0s/10s WS事件=421(簿286/增量0) 距上次WS=0.0s] [TWAP#24 age=1s]
[01:55:32] t+   32s  TWAP=77365.862 range=  7.190  Up  0.250/ 0.260×93  Down  0.740/ 0.750×1073  [盘口=WS 簿龄=0.4s/10s WS事件=451(簿306/增量0) 距上次WS=0.3s] [TWAP#26 age=0s]
[01:55:34] t+   34s  TWAP=77364.195 range=  8.856  Up  0.250/ 0.260×14  Down  0.740/ 0.750×1309  [盘口=WS 簿龄=0.2s/10s WS事件=475(簿322/增量0) 距上次WS=0.2s] [TWAP#28 age=0s]
[01:55:36] t+   36s  TWAP=77361.672 range= 11.379  Up  0.260/ 0.270×153  Down  0.730/ 0.740×258  [盘口=WS 簿龄=0.0s/10s WS事件=487(簿332/增量0) 距上次WS=0.0s] [TWAP#30 age=0s]
[01:55:38] t+   38s  TWAP=77360.942 range= 12.109  Up  0.260/ 0.270×501  Down  0.730/ 0.740×363  [盘口=WS 簿龄=0.3s/10s WS事件=507(簿344/增量0) 距上次WS=0.3s] [TWAP#31 age=1s]
[01:55:40] t+   40s  TWAP=77359.674 range= 13.377  Up  0.250/ 0.260×652  Down  0.740/ 0.750×220  [盘口=WS 簿龄=0.3s/10s WS事件=552(簿376/增量0) 距上次WS=0.2s] [TWAP#33 age=0s]
[01:55:42] t+   42s  TWAP=77358.568 range= 14.483  Up  0.260/ 0.270×104  Down  0.730/ 0.740×796  [盘口=WS 簿龄=0.1s/10s WS事件=596(簿406/增量0) 距上次WS=0.1s] [TWAP#35 age=0s]
[01:55:44] t+   44s  TWAP=77357.504 range= 15.547  Up  0.260/ 0.270×458  Down  0.730/ 0.740×234  [盘口=WS 簿龄=1.7s/10s WS事件=602(簿410/增量0) 距上次WS=1.7s] [TWAP#37 age=1s]
[01:55:46] t+   46s  TWAP=77356.420 range= 16.631  Up  0.280/ 0.290×92  Down  0.710/ 0.720×413  [盘口=WS 簿龄=0.0s/10s WS事件=616(簿420/增量0) 距上次WS=0.0s] [TWAP#39 age=0s]
[01:55:48] t+   48s  TWAP=77355.337 range= 17.714  Up  0.270/ 0.280×509  Down  0.720/ 0.730×18  [盘口=WS 簿龄=0.1s/10s WS事件=669(簿456/增量0) 距上次WS=0.0s] [TWAP#41 age=1s]
[01:55:50] t+   51s  TWAP=77354.274 range= 18.778  Up  0.250/ 0.260×130  Down  0.740/ 0.750×389  [盘口=WS 簿龄=0.0s/10s WS事件=692(簿472/增量0) 距上次WS=0.0s] [TWAP#43 age=1s]
[01:55:52] t+   53s  TWAP=77353.070 range= 19.981  Up  0.250/ 0.260×81  Down  0.740/ 0.750×761  [盘口=WS 簿龄=0.3s/10s WS事件=723(簿492/增量0) 距上次WS=0.2s] [TWAP#45 age=1s]
[01:55:54] t+   55s  TWAP=77351.901 range= 21.150  Up  0.260/ 0.270×309  Down  0.730/ 0.740×150  [盘口=WS 簿龄=0.2s/10s WS事件=750(簿510/增量0) 距上次WS=0.1s] [TWAP#47 age=1s]
[01:55:56] t+   57s  TWAP=77350.747 range= 22.304  Up  0.260/ 0.270×529  Down  0.730/ 0.740×81  [盘口=WS 簿龄=1.6s/10s WS事件=759(簿516/增量0) 距上次WS=1.5s] [TWAP#49 age=0s]
[01:55:58] t+   59s  TWAP=77349.602 range= 23.449  Up  0.260/ 0.270×408  Down  0.730/ 0.740×283  [盘口=WS 簿龄=0.1s/10s WS事件=774(簿526/增量0) 距上次WS=0.0s] [TWAP#51 age=1s]
[01:56:00] t+   61s  TWAP=77348.443 range= 24.608  Up  0.270/ 0.280×461  Down  0.720/ 0.730×391  [盘口=WS 簿龄=0.0s/10s WS事件=792(簿538/增量0) 距上次WS=0.0s] [TWAP#53 age=0s]
[01:56:00] [入场检查] ✅ Up ask= 0.280（档深461份） 波动$24.61 → 市价买 ≈ $2.00，止盈  0.650
[01:56:03] 买单: FILLED 
[01:56:03] 成交: 0.0000 份 @ 0.2799999664000040319995161601（≈$0.00）
[01:56:05] t+   66s  TWAP=77345.509 range= 27.542  Up  0.270/ 0.280×354  Down  0.720/ 0.730×109  [盘口=WS 簿龄=0.1s/10s WS事件=833(簿566/增量0) 距上次WS=0.1s] [TWAP#57 age=0s]  [持仓 Up @0.2799999664000040319995161601 浮动 -0.010]
[01:56:07] t+   68s  TWAP=77344.357 range= 28.694  Up  0.270/ 0.280×782  Down  0.720/ 0.730×5  [盘口=WS 簿龄=0.7s/10s WS事件=839(簿570/增量0) 距上次WS=0.6s] [TWAP#58 age=1s]  [持仓 Up @0.2799999664000040319995161601 浮动 -0.010]
[01:56:09] t+   70s  TWAP=77343.213 range= 29.838  Up  0.260/ 0.270×345  Down  0.730/ 0.740×225  [盘口=WS 簿龄=0.2s/10s WS事件=848(簿576/增量0) 距上次WS=0.2s] [TWAP#60 age=0s]  [持仓 Up @0.2799999664000040319995161601 浮动 -0.020]
[01:56:11] t+   72s  TWAP=77342.642 range= 30.410  Up  0.260/ 0.270×275  Down  0.730/ 0.740×193  [盘口=WS 簿龄=0.4s/10s WS事件=872(簿592/增量0) 距上次WS=0.3s] [TWAP#61 age=1s]  [持仓 Up @0.2799999664000040319995161601 浮动 -0.020]
[01:56:13] t+   74s  TWAP=77341.015 range= 32.036  Up  0.260/ 0.270×643  Down  0.730/ 0.740×55  [盘口=WS 簿龄=0.6s/10s WS事件=878(簿596/增量0) 距上次WS=0.5s] [TWAP#63 age=1s]  [持仓 Up @0.2799999664000040319995161601 浮动 -0.020]
[01:56:15] t+   76s  TWAP=77339.963 range= 33.088  Up  0.250/ 0.260×703  Down  0.740/ 0.750×71  [盘口=WS 簿龄=0.3s/10s WS事件=890(簿604/增量0) 距上次WS=0.2s] [TWAP#65 age=1s]  [持仓 Up @0.2799999664000040319995161601 浮动 -0.030]
[01:56:17] t+   78s  TWAP=77338.895 range= 34.156  Up  0.230/ 0.260×730  Down  0.740/ 0.770×239  [盘口=WS 簿龄=1.2s/10s WS事件=899(簿610/增量0) 距上次WS=1.2s] [TWAP#67 age=1s]  [持仓 Up @0.2799999664000040319995161601 浮动 -0.050]
[01:56:19] t+   80s  TWAP=77337.847 range= 35.205  Up  0.230/ 0.240×320  Down  0.760/ 0.770×229  [盘口=WS 簿龄=0.7s/10s WS事件=902(簿612/增量0) 距上次WS=0.7s] [TWAP#69 age=1s]  [持仓 Up @0.2799999664000040319995161601 浮动 -0.050]
[01:56:21] t+   82s  TWAP=77336.381 range= 36.670  Up  0.230/ 0.240×450  Down  0.760/ 0.770×328  [盘口=WS 簿龄=0.9s/10s WS事件=908(簿616/增量0) 距上次WS=0.8s] [TWAP#71 age=0s]  [持仓 Up @0.2799999664000040319995161601 浮动 -0.050]
[01:56:23] t+   84s  TWAP=77336.023 range= 37.029  Up  0.290/ 0.300×225  Down  0.700/ 0.710×140  [盘口=WS 簿龄=0.4s/10s WS事件=957(簿650/增量0) 距上次WS=0.4s] [TWAP#73 age=1s]  [持仓 Up @0.2799999664000040319995161601 浮动 +0.010]
[01:56:25] t+   86s  TWAP=77335.431 range= 37.620  Up  0.290/ 0.300×374  Down  0.700/ 0.710×238  [盘口=WS 簿龄=1.9s/10s WS事件=960(簿652/增量0) 距上次WS=1.8s] [TWAP#75 age=1s]  [持仓 Up @0.2799999664000040319995161601 浮动 +0.010]
[01:56:27] t+   88s  TWAP=77335.262 range= 37.810  Up  0.250/ 0.260×48  Down  0.740/ 0.750×324  [盘口=WS 簿龄=0.2s/10s WS事件=993(簿674/增量0) 距上次WS=0.1s] [TWAP#78 age=0s]  [持仓 Up @0.2799999664000040319995161601 浮动 -0.030]
[01:56:29] t+   90s  TWAP=77335.262 range= 37.810  Up  0.250/ 0.260×18  Down  0.740/ 0.750×594  [盘口=WS 簿龄=0.4s/10s WS事件=996(簿676/增量0) 距上次WS=0.4s] [TWAP#78 age=2s]  [持仓 Up @0.2799999664000040319995161601 浮动 -0.030]
[01:56:31] t+   92s  TWAP=77335.637 range= 37.810  Up  0.250/ 0.260×18  Down  0.740/ 0.750×638  [盘口=WS 簿龄=0.0s/10s WS事件=1010(簿686/增量0) 距上次WS=0.0s] [TWAP#80 age=1s]  [持仓 Up @0.2799999664000040319995161601 浮动 -0.030]
[01:56:33] t+   94s  TWAP=77336.083 range= 37.810  Up  0.220/ 0.230×43  Down  0.770/ 0.780×350  [盘口=WS 簿龄=0.4s/10s WS事件=1035(簿702/增量0) 距上次WS=0.1s] [TWAP#83 age=0s]  [持仓 Up @0.2799999664000040319995161601 浮动 -0.060]
[01:56:35] t+   96s  TWAP=77336.311 range= 37.810  Up  0.250/ 0.260×915  Down  0.740/ 0.750×87  [盘口=WS 簿龄=0.1s/10s WS事件=1065(簿722/增量0) 距上次WS=0.0s] [TWAP#84 age=0s]  [持仓 Up @0.2799999664000040319995161601 浮动 -0.030]
[01:56:37] t+   98s  TWAP=77336.622 range= 37.810  Up  0.240/ 0.250×591  Down  0.750/ 0.760×234  [盘口=WS 簿龄=0.1s/10s WS事件=1083(簿734/增量0) 距上次WS=0.1s] [TWAP#87 age=0s]  [持仓 Up @0.2799999664000040319995161601 浮动 -0.040]
[01:56:39] t+  100s  TWAP=77336.903 range= 37.810  Up  0.280/ 0.290×357  Down  0.710/ 0.720×50  [盘口=WS 簿龄=0.2s/10s WS事件=1107(簿752/增量0) 距上次WS=0.2s] [TWAP#88 age=1s]  [持仓 Up @0.2799999664000040319995161601 浮动 +0.000]
[01:56:41] t+  102s  TWAP=77337.045 range= 37.810  Up  0.280/ 0.290×584  Down  0.710/ 0.720×172  [盘口=WS 簿龄=1.7s/10s WS事件=1112(簿754/增量0) 距上次WS=1.7s] [TWAP#90 age=1s]  [持仓 Up @0.2799999664000040319995161601 浮动 +0.000]
[01:56:43] t+  104s  TWAP=77337.262 range= 37.810  Up  0.270/ 0.280×40  Down  0.720/ 0.730×162  [盘口=WS 簿龄=0.0s/10s WS事件=1118(簿758/增量0) 距上次WS=0.0s] [TWAP#92 age=1s]  [持仓 Up @0.2799999664000040319995161601 浮动 -0.010]
[01:56:45] t+  106s  TWAP=77337.492 range= 37.810  Up  0.270/ 0.280×181  Down  0.720/ 0.730×471  [盘口=WS 簿龄=0.1s/10s WS事件=1148(簿778/增量0) 距上次WS=0.0s] [TWAP#94 age=1s]  [持仓 Up @0.2799999664000040319995161601 浮动 -0.010]
[01:56:47] t+  108s  TWAP=77337.933 range= 37.810  Up  0.270/ 0.280×424  Down  0.720/ 0.730×151  [盘口=WS 簿龄=1.0s/10s WS事件=1154(簿782/增量0) 距上次WS=1.0s] [TWAP#97 age=0s]  [持仓 Up @0.2799999664000040319995161601 浮动 -0.010]
[01:56:49] t+  110s  TWAP=77338.202 range= 37.810  Up  0.240/ 0.250×58  Down  0.750/ 0.760×680  [盘口=WS 簿龄=0.1s/10s WS事件=1184(簿802/增量0) 距上次WS=0.1s] [TWAP#98 age=1s]  [持仓 Up @0.2799999664000040319995161601 浮动 -0.040]
[01:56:51] t+  112s  TWAP=77338.345 range= 37.810  Up  0.260/ 0.270×308  Down  0.730/ 0.740×161  [盘口=WS 簿龄=0.1s/10s WS事件=1189(簿806/增量0) 距上次WS=0.1s] [TWAP#100 age=1s]  [持仓 Up @0.2799999664000040319995161601 浮动 -0.020]
[01:56:53] t+  114s  TWAP=77338.642 range= 37.810  Up  0.210/ 0.220×671  Down  0.780/ 0.790×103  [盘口=WS 簿龄=0.1s/10s WS事件=1227(簿832/增量0) 距上次WS=0.1s] [TWAP#102 age=1s]  [持仓 Up @0.2799999664000040319995161601 浮动 -0.070]
[01:56:55] t+  116s  TWAP=77338.734 range= 37.810  Up  0.210/ 0.220×642  Down  0.780/ 0.790×94  [盘口=WS 簿龄=0.0s/10s WS事件=1239(簿840/增量0) 距上次WS=0.0s] [TWAP#104 age=1s]  [持仓 Up @0.2799999664000040319995161601 浮动 -0.070]
[01:56:57] t+  118s  TWAP=77339.014 range= 37.810  Up  0.190/ 0.200×10  Down  0.800/ 0.810×487  [盘口=WS 簿龄=0.0s/10s WS事件=1250(簿848/增量0) 距上次WS=0.0s] [TWAP#107 age=0s]  [持仓 Up @0.2799999664000040319995161601 浮动 -0.090]
[01:56:59] t+  120s  TWAP=77339.144 range= 37.810  Up  0.170/ 0.180×175  Down  0.820/ 0.830×174  [盘口=WS 簿龄=0.4s/10s WS事件=1275(簿864/增量0) 距上次WS=0.3s] [TWAP#109 age=0s]  [持仓 Up @0.2799999664000040319995161601 浮动 -0.110]
[01:57:01] t+  122s  TWAP=77339.229 range= 37.810  Up  0.150/ 0.160×35  Down  0.840/ 0.850×716  [盘口=WS 簿龄=0.1s/10s WS事件=1311(簿888/增量0) 距上次WS=0.0s] [TWAP#110 age=1s]  [持仓 Up @0.2799999664000040319995161601 浮动 -0.130]
[01:57:03] t+  124s  TWAP=77339.401 range= 37.810  Up  0.150/ 0.160×115  Down  0.840/ 0.850×742  [盘口=WS 簿龄=1.8s/10s WS事件=1314(簿890/增量0) 距上次WS=1.8s] [TWAP#113 age=0s]  [持仓 Up @0.2799999664000040319995161601 浮动 -0.130]
[01:57:05] t+  126s  TWAP=77339.355 range= 37.810  Up  0.150/ 0.160×681  Down  0.840/ 0.850×67  [盘口=WS 簿龄=0.2s/10s WS事件=1335(簿904/增量0) 距上次WS=0.1s] [TWAP#115 age=0s]  [持仓 Up @0.2799999664000040319995161601 浮动 -0.130]
[01:57:07] t+  128s  TWAP=77339.231 range= 37.810  Up  0.140/ 0.150×400  Down  0.850/ 0.860×579  [盘口=WS 簿龄=0.2s/10s WS事件=1362(簿922/增量0) 距上次WS=0.2s] [TWAP#117 age=0s]  [持仓 Up @0.2799999664000040319995161601 浮动 -0.140]
[01:57:09] t+  130s  TWAP=77339.080 range= 37.810  Up  0.140/ 0.150×511  Down  0.850/ 0.860×561  [盘口=WS 簿龄=1.4s/10s WS事件=1368(簿926/增量0) 距上次WS=1.4s] [TWAP#119 age=0s]  [持仓 Up @0.2799999664000040319995161601 浮动 -0.140]
[01:57:11] t+  132s  TWAP=77338.963 range= 37.810  Up  0.140/ 0.150×537  Down  0.850/ 0.860×425  [盘口=WS 簿龄=0.4s/10s WS事件=1374(簿930/增量0) 距上次WS=0.4s] [TWAP#120 age=1s]  [持仓 Up @0.2799999664000040319995161601 浮动 -0.140]
[01:57:13] t+  134s  TWAP=77338.589 range= 37.810  Up  0.150/ 0.160×610  Down  0.840/ 0.850×237  [盘口=WS 簿龄=0.3s/10s WS事件=1435(簿972/增量0) 距上次WS=0.3s] [TWAP#123 age=0s]  [持仓 Up @0.2799999664000040319995161601 浮动 -0.130]
[01:57:15] t+  136s  TWAP=77338.357 range= 37.810  Up  0.150/ 0.160×730  Down  0.840/ 0.850×140  [盘口=WS 簿龄=0.8s/10s WS事件=1446(簿980/增量0) 距上次WS=0.8s] [TWAP#125 age=0s]  [持仓 Up @0.2799999664000040319995161601 浮动 -0.130]
[01:57:17] t+  138s  TWAP=77338.230 range= 37.810  Up  0.130/ 0.140×213  Down  0.860/ 0.870×715  [盘口=WS 簿龄=0.3s/10s WS事件=1494(簿1014/增量0) 距上次WS=0.2s] [TWAP#126 age=1s]  [持仓 Up @0.2799999664000040319995161601 浮动 -0.150]
[01:57:19] t+  140s  TWAP=77337.972 range= 37.810  Up  0.180/ 0.190×15  Down  0.810/ 0.820×20  [盘口=WS 簿龄=0.1s/10s WS事件=1512(簿1026/增量0) 距上次WS=0.0s] [TWAP#128 age=1s]  [持仓 Up @0.2799999664000040319995161601 浮动 -0.100]
[01:57:21] t+  142s  TWAP=77337.494 range= 37.810  Up  0.230/ 0.240×59  Down  0.760/ 0.770×444  [盘口=WS 簿龄=0.0s/10s WS事件=1583(簿1076/增量0) 距上次WS=0.0s] [TWAP#131 age=0s]  [持仓 Up @0.2799999664000040319995161601 浮动 -0.050]
[01:57:23] t+  144s  TWAP=77337.207 range= 37.810  Up  0.280/ 0.290×223  Down  0.710/ 0.720×115  [盘口=WS 簿龄=0.0s/10s WS事件=1649(簿1120/增量0) 距上次WS=0.0s] [TWAP#133 age=0s]  [持仓 Up @0.2799999664000040319995161601 浮动 +0.000]
[01:57:25] t+  146s  TWAP=77337.081 range= 37.810  Up  0.270/ 0.280×624  Down  0.720/ 0.730×22  [盘口=WS 簿龄=0.3s/10s WS事件=1688(簿1146/增量0) 距上次WS=0.2s] [TWAP#134 age=1s]  [持仓 Up @0.2799999664000040319995161601 浮动 -0.010]
[01:57:27] t+  148s  TWAP=77337.110 range= 37.810  Up  0.260/ 0.270×281  Down  0.730/ 0.740×261  [盘口=WS 簿龄=0.5s/10s WS事件=1703(簿1156/增量0) 距上次WS=0.5s] [TWAP#136 age=1s]  [持仓 Up @0.2799999664000040319995161601 浮动 -0.020]
[01:57:29] t+  150s  TWAP=77337.158 range= 37.810  Up  0.250/ 0.260×167  Down  0.750/ 0.760×580  [盘口=WS 簿龄=1.0s/10s WS事件=1721(簿1169/增量0) 距上次WS=0.1s] [TWAP#137 age=1s]  [持仓 Up @0.2799999664000040319995161601 浮动 -0.030]
[01:57:31] t+  152s  TWAP=77337.249 range= 37.810  Up  0.250/ 0.260×167  Down  0.740/ 0.750×33  [盘口=WS 簿龄=2.1s/10s WS事件=1723(簿1170/增量0) 距上次WS=1.1s] [TWAP#140 age=0s]  [持仓 Up @0.2799999664000040319995161601 浮动 -0.030]
[01:57:33] t+  154s  TWAP=77337.334 range= 37.810  Up  0.250/ 0.260×203  Down  0.740/ 0.750×72  [盘口=WS 簿龄=0.2s/10s WS事件=1755(簿1192/增量0) 距上次WS=0.2s] [TWAP#141 age=0s]  [持仓 Up @0.2799999664000040319995161601 浮动 -0.030]
[01:57:35] t+  156s  TWAP=77337.484 range= 37.810  Up  0.220/ 0.230×310  Down  0.770/ 0.780×78  [盘口=WS 簿龄=0.7s/10s WS事件=1790(簿1216/增量0) 距上次WS=0.6s] [TWAP#144 age=1s]  [持仓 Up @0.2799999664000040319995161601 浮动 -0.060]
[01:57:37] t+  158s  TWAP=77337.524 range= 37.810  Up  0.220/ 0.230×548  Down  0.770/ 0.780×6  [盘口=WS 簿龄=0.2s/10s WS事件=1799(簿1222/增量0) 距上次WS=0.2s] [TWAP#145 age=1s]  [持仓 Up @0.2799999664000040319995161601 浮动 -0.060]
[01:57:39] t+  160s  TWAP=77337.714 range= 37.810  Up  0.210/ 0.220×208  Down  0.780/ 0.790×91  [盘口=WS 簿龄=0.3s/10s WS事件=1820(簿1236/增量0) 距上次WS=0.0s] [TWAP#148 age=0s]  [持仓 Up @0.2799999664000040319995161601 浮动 -0.070]
[01:57:41] t+  162s  TWAP=77337.875 range= 37.810  Up  0.130/ 0.140×29  Down  0.860/ 0.870×608  [盘口=WS 簿龄=0.2s/10s WS事件=1873(簿1272/增量0) 距上次WS=0.1s] [TWAP#149 age=1s]  [持仓 Up @0.2799999664000040319995161601 浮动 -0.150]
[01:57:43] t+  164s  TWAP=77337.950 range= 37.810  Up  0.130/ 0.140×241  Down  0.860/ 0.870×304  [盘口=WS 簿龄=0.4s/10s WS事件=1894(簿1286/增量0) 距上次WS=0.4s] [TWAP#151 age=1s]  [持仓 Up @0.2799999664000040319995161601 浮动 -0.150]
[01:57:45] t+  166s  TWAP=77338.048 range= 37.810  Up  0.110/ 0.120×571  Down  0.880/ 0.890×214  [盘口=WS 簿龄=0.0s/10s WS事件=1951(簿1326/增量0) 距上次WS=0.0s] [TWAP#153 age=1s]  [持仓 Up @0.2799999664000040319995161601 浮动 -0.170]
[01:57:47] t+  168s  TWAP=77337.907 range= 37.810  Up  0.090/ 0.120×652  Down  0.880/ 0.910×281  [盘口=WS 簿龄=0.1s/10s WS事件=1990(簿1352/增量0) 距上次WS=0.1s] [TWAP#154 age=2s]  [持仓 Up @0.2799999664000040319995161601 浮动 -0.190]
[01:57:49] t+  170s  TWAP=77337.604 range= 37.810  Up  0.080/ 0.090×387  Down  0.910/ 0.920×155  [盘口=WS 簿龄=0.0s/10s WS事件=2020(簿1372/增量0) 距上次WS=0.0s] [TWAP#157 age=0s]  [持仓 Up @0.2799999664000040319995161601 浮动 -0.200]
[01:57:51] t+  172s  TWAP=77337.377 range= 37.810  Up  0.060/ 0.070×385  Down  0.930/ 0.940×175  [盘口=WS 簿龄=0.3s/10s WS事件=2047(簿1390/增量0) 距上次WS=0.3s] [TWAP#158 age=1s]  [持仓 Up @0.2799999664000040319995161601 浮动 -0.220]
[01:57:53] t+  174s  TWAP=77336.943 range= 37.810  Up  0.050/ 0.060×442  Down  0.940/ 0.950×418  [盘口=WS 簿龄=0.0s/10s WS事件=2094(簿1424/增量0) 距上次WS=0.0s] [TWAP#160 age=1s]  [持仓 Up @0.2799999664000040319995161601 浮动 -0.230]
[01:57:55] t+  176s  TWAP=77336.469 range= 37.810  Up  0.050/ 0.060×160  Down  0.940/ 0.950×565  [盘口=WS 簿龄=1.5s/10s WS事件=2108(簿1432/增量0) 距上次WS=1.5s] [TWAP#162 age=1s]  [持仓 Up @0.2799999664000040319995161601 浮动 -0.230]
[01:57:57] t+  178s  TWAP=77335.769 range= 37.810  Up  0.050/ 0.060×538  Down  0.940/ 0.950×387  [盘口=WS 簿龄=0.9s/10s WS事件=2126(簿1444/增量0) 距上次WS=0.9s] [TWAP#164 age=1s]  [持仓 Up @0.2799999664000040319995161601 浮动 -0.230]
[01:57:59] t+  180s  TWAP=77334.904 range= 38.147  Up  0.050/ 0.060×425  Down  0.940/ 0.950×530  [盘口=WS 簿龄=0.1s/10s WS事件=2153(簿1462/增量0) 距上次WS=0.0s] [TWAP#166 age=0s]  [持仓 Up @0.2799999664000040319995161601 浮动 -0.230]
[01:58:01] t+  182s  TWAP=77333.568 range= 39.483  Up  0.030/ 0.040×372  Down  0.960/ 0.970×869  [盘口=WS 簿龄=0.7s/10s WS事件=2186(簿1484/增量0) 距上次WS=0.5s] [TWAP#168 age=0s]  [持仓 Up @0.2799999664000040319995161601 浮动 -0.250]
[01:58:03] t+  184s  TWAP=77333.102 range= 39.950  Up  0.050/ 0.060×258  Down  0.940/ 0.950×447  [盘口=WS 簿龄=0.1s/10s WS事件=2244(簿1524/增量0) 距上次WS=0.1s] [TWAP#170 age=0s]  [持仓 Up @0.2799999664000040319995161601 浮动 -0.230]
[01:58:05] t+  186s  TWAP=77331.930 range= 41.121  Up  0.050/ 0.060×319  Down  0.940/ 0.950×227  [盘口=WS 簿龄=0.1s/10s WS事件=2275(簿1546/增量0) 距上次WS=0.1s] [TWAP#172 age=0s]  [持仓 Up @0.2799999664000040319995161601 浮动 -0.230]
[01:58:07] t+  188s  TWAP=77331.244 range= 41.807  Up  0.040/ 0.060×499  Down  0.940/ 0.960×224  [盘口=WS 簿龄=0.2s/10s WS事件=2299(簿1562/增量0) 距上次WS=0.2s] [TWAP#174 age=0s]  [持仓 Up @0.2799999664000040319995161601 浮动 -0.240]
[01:58:09] t+  190s  TWAP=77330.664 range= 42.387  Up  0.040/ 0.050×347  Down  0.950/ 0.960×279  [盘口=WS 簿龄=0.5s/10s WS事件=2311(簿1570/增量0) 距上次WS=0.5s] [TWAP#176 age=0s]  [持仓 Up @0.2799999664000040319995161601 浮动 -0.240]
[01:58:11] t+  192s  TWAP=77330.077 range= 42.974  Up  0.040/ 0.050×133  Down  0.950/ 0.960×583  [盘口=WS 簿龄=0.7s/10s WS事件=2320(簿1576/增量0) 距上次WS=0.6s] [TWAP#178 age=0s]  [持仓 Up @0.2799999664000040319995161601 浮动 -0.240]
[01:58:13] t+  194s  TWAP=77329.567 range= 43.484  Up  0.040/ 0.050×113  Down  0.950/ 0.960×437  [盘口=WS 簿龄=0.1s/10s WS事件=2332(簿1584/增量0) 距上次WS=0.1s] [TWAP#180 age=0s]  [持仓 Up @0.2799999664000040319995161601 浮动 -0.240]
[01:58:15] t+  196s  TWAP=77329.066 range= 43.985  Up  0.030/ 0.040×21  Down  0.960/ 0.970×711  [盘口=WS 簿龄=0.2s/10s WS事件=2365(簿1606/增量0) 距上次WS=0.2s] [TWAP#181 age=0s]  [持仓 Up @0.2799999664000040319995161601 浮动 -0.250]
[01:58:17] t+  198s  TWAP=77328.849 range= 44.202  Up  0.030/ 0.040×60  Down  0.960/ 0.970×574  [盘口=WS 簿龄=0.1s/10s WS事件=2383(簿1618/增量0) 距上次WS=0.1s] [TWAP#183 age=1s]  [持仓 Up @0.2799999664000040319995161601 浮动 -0.250]
[01:58:19] t+  200s  TWAP=77328.165 range= 44.886  Up  0.040/ 0.050×640  Down  0.950/ 0.960×54  [盘口=WS 簿龄=0.2s/10s WS事件=2404(簿1632/增量0) 距上次WS=0.2s] [TWAP#186 age=0s]  [持仓 Up @0.2799999664000040319995161601 浮动 -0.240]
[01:58:21] t+  202s  TWAP=77327.767 range= 45.284  Up  0.040/ 0.050×640  Down  0.950/ 0.960×54  [盘口=WS 簿龄=2.2s/10s WS事件=2404(簿1632/增量0) 距上次WS=2.2s] [TWAP#187 age=0s]  [持仓 Up @0.2799999664000040319995161601 浮动 -0.240]
[01:58:23] t+  204s  TWAP=77327.351 range= 45.700  Up  0.040/ 0.050×609  Down  0.950/ 0.960×39  [盘口=WS 簿龄=0.4s/10s WS事件=2422(簿1644/增量0) 距上次WS=0.4s] [TWAP#190 age=0s]  [持仓 Up @0.2799999664000040319995161601 浮动 -0.240]
[01:58:25] t+  206s  TWAP=77326.764 range= 46.288  Up  0.030/ 0.040×105  Down  0.960/ 0.970×414  [盘口=WS 簿龄=0.4s/10s WS事件=2431(簿1650/增量0) 距上次WS=0.3s] [TWAP#191 age=0s]  [持仓 Up @0.2799999664000040319995161601 浮动 -0.250]
[01:58:27] t+  208s  TWAP=77325.877 range= 47.175  Up  0.020/ 0.030×7  Down  0.970/ 0.980×1906  [盘口=WS 簿龄=1.4s/10s WS事件=2452(簿1664/增量0) 距上次WS=1.3s] [TWAP#194 age=0s]  [持仓 Up @0.2799999664000040319995161601 浮动 -0.260]
[01:58:29] t+  210s  TWAP=77324.931 range= 48.120  Up  0.020/ 0.030×369  Down  0.970/ 0.980×1945  [盘口=WS 簿龄=0.3s/10s WS事件=2464(簿1672/增量0) 距上次WS=0.2s] [TWAP#195 age=1s]  [持仓 Up @0.2799999664000040319995161601 浮动 -0.260]
[01:58:31] t+  212s  TWAP=77324.027 range= 49.024  Up  0.020/ 0.030×129  Down  0.970/ 0.980×1611  [盘口=WS 簿龄=0.4s/10s WS事件=2501(簿1698/增量0) 距上次WS=0.4s] [TWAP#198 age=0s]  [持仓 Up @0.2799999664000040319995161601 浮动 -0.260]
[01:58:33] t+  214s  TWAP=77323.580 range= 49.471  Up  0.020/ 0.030×77  Down  0.970/ 0.980×602  [盘口=WS 簿龄=0.7s/10s WS事件=2531(簿1718/增量0) 距上次WS=0.7s] [TWAP#199 age=1s]  [持仓 Up @0.2799999664000040319995161601 浮动 -0.260]
[01:58:35] t+  216s  TWAP=77322.182 range= 50.869  Up  0.010/ 0.020×323  Down  0.980/ 0.990×5313  [盘口=WS 簿龄=0.1s/10s WS事件=2575(簿1748/增量0) 距上次WS=0.1s] [TWAP#202 age=0s]  [持仓 Up @0.2799999664000040319995161601 浮动 -0.270]
[01:58:37] t+  218s  TWAP=77321.716 range= 51.335  Up  0.010/ 0.020×314  Down  0.980/ 0.990×5434  [盘口=WS 簿龄=0.8s/10s WS事件=2592(簿1760/增量0) 距上次WS=0.7s] [TWAP#203 age=1s]  [持仓 Up @0.2799999664000040319995161601 浮动 -0.270]
[01:58:39] t+  220s  TWAP=77320.347 range= 52.704  Up  0.010/ 0.020×624  Down  0.980/ 0.990×4148  [盘口=WS 簿龄=0.3s/10s WS事件=2616(簿1776/增量0) 距上次WS=0.3s] [TWAP#206 age=0s]  [持仓 Up @0.2799999664000040319995161601 浮动 -0.270]
[01:58:41] t+  222s  TWAP=77319.366 range= 53.686  Up  0.010/ 0.020×709  Down  0.980/ 0.990×4888  [盘口=WS 簿龄=0.2s/10s WS事件=2631(簿1786/增量0) 距上次WS=0.2s] [TWAP#208 age=0s]  [持仓 Up @0.2799999664000040319995161601 浮动 -0.270]
[01:58:43] t+  224s  TWAP=77318.387 range= 54.664  Up  0.010/ 0.020×549  Down  0.980/ 0.990×4462  [盘口=WS 簿龄=0.9s/10s WS事件=2643(簿1794/增量0) 距上次WS=0.9s] [TWAP#210 age=0s]  [持仓 Up @0.2799999664000040319995161601 浮动 -0.270]
[01:58:45] t+  226s  TWAP=77317.555 range= 55.496  Up  0.010/ 0.020×684  Down  0.980/ 0.990×3818  [盘口=WS 簿龄=0.2s/10s WS事件=2670(簿1812/增量0) 距上次WS=0.2s] [TWAP#212 age=0s]  [持仓 Up @0.2799999664000040319995161601 浮动 -0.270]
[01:58:47] t+  228s  TWAP=77317.192 range= 55.859  Up    n/a/ 0.010×4547  Down  0.990/   n/a  [盘口=WS 簿龄=0.1s/10s WS事件=2714(簿1842/增量0) 距上次WS=0.1s] [TWAP#213 age=1s]  [持仓 Up @0.2799999664000040319995161601 浮动 +0.000]
[01:58:49] t+  230s  TWAP=77316.178 range= 56.873  Up    n/a/ 0.010×4669  Down  0.990/   n/a  [盘口=WS 簿龄=0.7s/10s WS事件=2729(簿1852/增量0) 距上次WS=0.6s] [TWAP#216 age=0s]  [持仓 Up @0.2799999664000040319995161601 浮动 +0.000]
[01:58:52] t+  232s  TWAP=77315.634 range= 57.417  Up    n/a/ 0.010×4675  Down  0.990/   n/a  [盘口=WS 簿龄=0.7s/10s WS事件=2738(簿1858/增量0) 距上次WS=0.6s] [TWAP#217 age=0s]  [持仓 Up @0.2799999664000040319995161601 浮动 +0.000]
[01:58:54] t+  234s  TWAP=77315.346 range= 57.706  Up    n/a/ 0.010×3452  Down  0.990/   n/a  [盘口=WS 簿龄=0.9s/10s WS事件=2747(簿1864/增量0) 距上次WS=0.9s] [TWAP#218 age=0s]  [持仓 Up @0.2799999664000040319995161601 浮动 +0.000]
[01:58:56] t+  236s  TWAP=77314.550 range= 58.502  Up    n/a/ 0.010×2630  Down  0.990/   n/a  [盘口=WS 簿龄=0.6s/10s WS事件=2756(簿1870/增量0) 距上次WS=0.6s] [TWAP#219 age=0s]  [持仓 Up @0.2799999664000040319995161601 浮动 +0.000]
[01:58:58] t+  238s  TWAP=77314.453 range= 58.599  Up    n/a/ 0.010×2602  Down  0.990/   n/a  [盘口=WS 簿龄=0.9s/10s WS事件=2759(簿1872/增量0) 距上次WS=0.9s] [TWAP#222 age=0s]  [持仓 Up @0.2799999664000040319995161601 浮动 +0.000]
[01:59:00] 到点未止盈（TWAP=77314.461 range= 58.599）。持有到结算：对赎 $1/份，错归 $0。
