[00:30:07] === 5min BTC 单笔交易  [LIVE 真实资金] ===
[00:30:07] 入场过滤: 窗口TWAP波动<$25 且 冷门方ask<0.30（开窗后75-135s）｜止盈价 0.65｜未止盈拿到结算
[00:30:07] 喂价: Polymarket RTDS Chainlink TWAP-60s（结算同源）｜日志: data\logs\trade5m_20260911_003007.log
[00:34:58] [窗口 1] 起点 1789058100（本地 00:34:58），开始持续监测 …
[00:34:59] 市场: Bitcoin Up or Down - September 10, 12:35PM-12:40PM ET  (minSize=5)
[00:35:01] t+   -0s  TWAP=      n/a range=    n/a  Up  0.310/ 0.320×911  Down  0.550/ 0.640×94  [盘口=REST 簿龄=1.1s/10s WS事件=0(簿0/增量0) 距上次WS=从未] [TWAP#0 age=无]
[00:35:03] t+    4s  TWAP=76848.010 range=  0.000  Up  0.270/ 0.290×529  Down  0.710/ 0.730×185  [盘口=WS 簿龄=0.1s/10s WS事件=4(簿4/增量0) 距上次WS=0.1s] [TWAP#1 age=1s]
[00:35:05] t+    6s  TWAP=76844.365 range=  3.645  Up  0.280/ 0.290×215  Down  0.710/ 0.720×340  [盘口=WS 簿龄=0.2s/10s WS事件=78(簿54/增量0) 距上次WS=0.2s] [TWAP#4 age=0s]
[00:35:07] t+    8s  TWAP=76841.359 range=  6.652  Up  0.310/ 0.320×45  Down  0.680/ 0.690×35  [盘口=WS 簿龄=0.0s/10s WS事件=131(簿90/增量0) 距上次WS=0.0s] [TWAP#6 age=0s]
[00:35:09] t+   10s  TWAP=76839.888 range=  8.123  Up  0.280/ 0.300×32  Down  0.700/ 0.720×29  [盘口=WS 簿龄=1.4s/10s WS事件=149(簿102/增量0) 距上次WS=1.4s] [TWAP#7 age=0s]
[00:35:11] t+   12s  TWAP=76837.090 range= 10.921  Up  0.270/ 0.280×663  Down  0.720/ 0.730×32  [盘口=WS 簿龄=0.0s/10s WS事件=154(簿106/增量0) 距上次WS=0.0s] [TWAP#9 age=0s]
[00:35:13] t+   14s  TWAP=76833.018 range= 14.992  Up  0.260/ 0.270×783  Down  0.730/ 0.740×39  [盘口=WS 簿龄=0.1s/10s WS事件=226(簿155/增量0) 距上次WS=0.0s] [TWAP#12 age=0s]
[00:35:15] t+   16s  TWAP=76830.187 range= 17.824  Up  0.200/ 0.210×769  Down  0.790/ 0.800×418  [盘口=WS 簿龄=0.0s/10s WS事件=375(簿258/增量0) 距上次WS=0.0s] [TWAP#13 age=1s]
[00:35:17] t+   18s  TWAP=76827.085 range= 20.925  Up  0.200/ 0.210×564  Down  0.790/ 0.800×272  [盘口=WS 簿龄=0.2s/10s WS事件=431(簿296/增量0) 距上次WS=0.2s] [TWAP#16 age=0s]
[00:35:19] t+   20s  TWAP=76825.404 range= 22.606  Up  0.210/ 0.220×405  Down  0.780/ 0.790×367  [盘口=WS 簿龄=0.0s/10s WS事件=468(簿320/增量0) 距上次WS=0.0s] [TWAP#17 age=0s]
[00:35:21] t+   22s  TWAP=76822.004 range= 26.006  Up  0.200/ 0.210×137  Down  0.790/ 0.800×528  [盘口=WS 簿龄=0.2s/10s WS事件=526(簿360/增量0) 距上次WS=0.2s] [TWAP#19 age=0s]
[00:35:23] t+   24s  TWAP=76821.092 range= 26.919  Up  0.220/ 0.230×387  Down  0.770/ 0.780×486  [盘口=WS 簿龄=0.2s/10s WS事件=582(簿398/增量0) 距上次WS=0.1s] [TWAP#21 age=1s]
[00:35:25] t+   26s  TWAP=76819.280 range= 28.730  Up  0.220/ 0.230×210  Down  0.770/ 0.780×45  [盘口=WS 簿龄=0.0s/10s WS事件=606(簿414/增量0) 距上次WS=0.0s] [TWAP#23 age=1s]
[00:35:27] t+   28s  TWAP=76817.279 range= 30.731  Up  0.210/ 0.220×789  Down  0.780/ 0.790×20  [盘口=WS 簿龄=0.1s/10s WS事件=627(簿428/增量0) 距上次WS=0.1s] [TWAP#25 age=1s]
[00:35:29] t+   30s  TWAP=76813.594 range= 34.416  Up  0.200/ 0.210×447  Down  0.790/ 0.800×241  [盘口=WS 簿龄=0.6s/10s WS事件=639(簿436/增量0) 距上次WS=0.6s] [TWAP#28 age=0s]
[00:35:31] t+   32s  TWAP=76810.890 range= 37.121  Up  0.200/ 0.210×5  Down  0.790/ 0.800×602  [盘口=WS 簿龄=0.0s/10s WS事件=663(簿454/增量0) 距上次WS=0.0s] [TWAP#30 age=0s]
[00:35:33] t+   34s  TWAP=76809.613 range= 38.397  Up  0.180/ 0.200×735  Down  0.800/ 0.820×964  [盘口=WS 簿龄=0.2s/10s WS事件=724(簿494/增量0) 距上次WS=0.1s] [TWAP#31 age=0s]
[00:35:35] t+   36s  TWAP=76806.202 range= 41.808  Up  0.190/ 0.200×583  Down  0.800/ 0.810×109  [盘口=WS 簿龄=0.6s/10s WS事件=751(簿512/增量0) 距上次WS=0.6s] [TWAP#33 age=0s]
[00:35:37] t+   38s  TWAP=76805.112 range= 42.898  Up  0.190/ 0.200×432  Down  0.800/ 0.810×153  [盘口=WS 簿龄=0.1s/10s WS事件=769(簿524/增量0) 距上次WS=0.0s] [TWAP#35 age=1s]
[00:35:39] t+   40s  TWAP=76801.454 range= 46.556  Up  0.210/ 0.220×318  Down  0.780/ 0.790×66  [盘口=WS 簿龄=0.2s/10s WS事件=804(簿546/增量0) 距上次WS=0.1s] [TWAP#38 age=0s]
[00:35:41] t+   42s  TWAP=76799.020 range= 48.991  Up  0.190/ 0.200×156  Down  0.800/ 0.810×688  [盘口=WS 簿龄=0.0s/10s WS事件=846(簿574/增量0) 距上次WS=0.0s] [TWAP#40 age=0s]
[00:35:43] t+   44s  TWAP=76796.673 range= 51.337  Up  0.190/ 0.200×73  Down  0.800/ 0.810×745  [盘口=WS 簿龄=0.0s/10s WS事件=868(簿590/增量0) 距上次WS=0.0s] [TWAP#42 age=0s]
[00:35:45] t+   46s  TWAP=76795.505 range= 52.505  Up  0.200/ 0.210×435  Down  0.790/ 0.800×91  [盘口=WS 簿龄=0.1s/10s WS事件=881(簿598/增量0) 距上次WS=0.1s] [TWAP#43 age=1s]
[00:35:47] t+   48s  TWAP=76792.020 range= 55.990  Up  0.200/ 0.210×533  Down  0.790/ 0.800×0  [盘口=WS 簿龄=0.0s/10s WS事件=907(簿616/增量0) 距上次WS=0.0s] [TWAP#46 age=0s]
[00:35:49] t+   50s  TWAP=76790.854 range= 57.157  Up  0.200/ 0.210×361  Down  0.790/ 0.800×238  [盘口=WS 簿龄=1.0s/10s WS事件=968(簿656/增量0) 距上次WS=1.0s] [TWAP#47 age=1s]
[00:35:51] t+   52s  TWAP=76788.852 range= 59.159  Up  0.210/ 0.220×12  Down  0.780/ 0.790×543  [盘口=WS 簿龄=0.1s/10s WS事件=1013(簿686/增量0) 距上次WS=0.1s] [TWAP#48 age=1s]
[00:35:53] t+   54s  TWAP=76787.095 range= 60.915  Up  0.210/ 0.220×173  Down  0.780/ 0.790×288  [盘口=WS 簿龄=0.0s/10s WS事件=1066(簿722/增量0) 距上次WS=0.0s] [TWAP#49 age=1s]
[00:35:55] t+   56s  TWAP=76785.532 range= 62.479  Up  0.200/ 0.210×957  Down  0.790/ 0.800×75  [盘口=WS 簿龄=0.2s/10s WS事件=1078(簿730/增量0) 距上次WS=0.1s] [TWAP#51 age=1s]
[00:35:57] t+   58s  TWAP=76784.318 range= 63.692  Up  0.180/ 0.190×255  Down  0.810/ 0.820×665  [盘口=WS 簿龄=0.4s/10s WS事件=1117(簿756/增量0) 距上次WS=0.4s] [TWAP#53 age=1s]
[00:35:59] t+   60s  TWAP=76782.599 range= 65.411  Up  0.180/ 0.190×343  Down  0.810/ 0.820×460  [盘口=WS 簿龄=0.5s/10s WS事件=1175(簿796/增量0) 距上次WS=0.5s] [TWAP#56 age=0s]
[00:36:01] t+   62s  TWAP=76782.599 range= 65.411  Up  0.180/ 0.190×593  Down  0.810/ 0.820×331  [盘口=WS 簿龄=2.0s/10s WS事件=1184(簿802/增量0) 距上次WS=1.9s] [TWAP#56 age=2s]
[00:36:03] t+   64s  TWAP=76780.713 range= 67.297  Up  0.180/ 0.190×96  Down  0.810/ 0.820×497  [盘口=WS 簿龄=0.2s/10s WS事件=1241(簿840/增量0) 距上次WS=0.2s] [TWAP#59 age=1s]
[00:36:06] t+   66s  TWAP=76778.422 range= 69.589  Up  0.210/ 0.220×278  Down  0.780/ 0.790×20  [盘口=REST 簿龄=无/10s WS事件=1241(簿840/增量0) 距上次WS=3.4s] [TWAP#63 age=0s]
[00:36:09] t+   69s  TWAP=76777.614 range= 70.396  Up  0.200/ 0.210×25  Down  0.790/ 0.800×458  [盘口=WS 簿龄=0.3s/10s WS事件=1270(簿860/增量0) 距上次WS=0.3s] [TWAP#65 age=0s]
[00:36:11] t+   71s  TWAP=76776.888 range= 71.123  Up  0.190/ 0.200×487  Down  0.800/ 0.810×32  [盘口=WS 簿龄=0.1s/10s WS事件=1288(簿872/增量0) 距上次WS=0.1s] [TWAP#67 age=1s]
[00:36:13] t+   73s  TWAP=76776.217 range= 71.793  Up  0.250/ 0.280×11  Down  0.720/ 0.750×53  [盘口=WS 簿龄=0.0s/10s WS事件=1311(簿890/增量0) 距上次WS=0.0s] [TWAP#69 age=0s]
[00:36:15] t+   75s  TWAP=76775.695 range= 72.315  Up  0.370/ 0.380×6  Down  0.620/ 0.630×78  [盘口=WS 簿龄=0.2s/10s WS事件=1455(簿988/增量0) 距上次WS=0.1s] [TWAP#71 age=0s]
[00:36:15] [入场检查] ❌ 波动 $72.32 ≥ $25，放弃。
[00:36:17] t+   77s  TWAP=76775.274 range= 72.736  Up  0.400/ 0.410×132  Down  0.590/ 0.600×598  [盘口=WS 簿龄=0.1s/10s WS事件=1530(簿1040/增量0) 距上次WS=0.1s] [TWAP#73 age=0s]
[00:36:19] t+   79s  TWAP=76776.629 range= 72.736  Up  0.420/ 0.440×592  Down  0.560/ 0.580×59  [盘口=WS 簿龄=0.3s/10s WS事件=1591(簿1080/增量0) 距上次WS=0.2s] [TWAP#75 age=0s]
[00:36:21] t+   81s  TWAP=76776.629 range= 72.736  Up  0.370/ 0.400×215  Down  0.600/ 0.630×290  [盘口=WS 簿龄=0.1s/10s WS事件=1651(簿1122/增量0) 距上次WS=0.1s] [TWAP#76 age=2s]
[00:36:23] t+   83s  TWAP=76778.297 range= 72.736  Up  0.410/ 0.420×228  Down  0.580/ 0.590×305  [盘口=WS 簿龄=0.1s/10s WS事件=1707(簿1158/增量0) 距上次WS=0.0s] [TWAP#78 age=1s]
[00:36:25] t+   85s  TWAP=76780.922 range= 72.736  Up  0.450/ 0.460×266  Down  0.540/ 0.550×417  [盘口=WS 簿龄=0.2s/10s WS事件=1756(簿1192/增量0) 距上次WS=0.2s] [TWAP#81 age=1s]
[00:36:27] t+   87s  TWAP=76782.598 range= 72.736  Up  0.490/ 0.500×602  Down  0.500/ 0.510×207  [盘口=WS 簿龄=0.1s/10s WS事件=1827(簿1241/增量0) 距上次WS=0.0s] [TWAP#83 age=0s]
[00:36:29] t+   89s  TWAP=76784.231 range= 72.736  Up  0.510/ 0.520×267  Down  0.480/ 0.490×52  [盘口=WS 簿龄=0.4s/10s WS事件=1878(簿1274/增量0) 距上次WS=0.3s] [TWAP#85 age=0s]
[00:36:31] t+   91s  TWAP=76785.108 range= 72.736  Up  0.460/ 0.470×168  Down  0.530/ 0.540×151  [盘口=WS 簿龄=0.3s/10s WS事件=1948(簿1320/增量0) 距上次WS=0.3s] [TWAP#86 age=2s]
[00:36:33] t+   93s  TWAP=76788.164 range= 72.736  Up  0.410/ 0.440×559  Down  0.560/ 0.590×27  [盘口=WS 簿龄=0.0s/10s WS事件=1985(簿1346/增量0) 距上次WS=0.0s] [TWAP#88 age=0s]
[00:36:35] t+   95s  TWAP=76789.246 range= 72.736  Up  0.380/ 0.390×825  Down  0.600/ 0.620×15  [盘口=WS 簿龄=0.4s/10s WS事件=2023(簿1371/增量0) 距上次WS=0.0s] [TWAP#89 age=1s]
[00:36:37] t+   97s  TWAP=76792.461 range= 72.736  Up  0.460/ 0.470×30  Down  0.530/ 0.540×28  [盘口=WS 簿龄=0.1s/10s WS事件=2101(簿1424/增量0) 距上次WS=0.0s] [TWAP#91 age=1s]
[00:36:39] t+   99s  TWAP=76794.428 range= 72.736  Up  0.470/ 0.480×561  Down  0.520/ 0.530×121  [盘口=WS 簿龄=0.4s/10s WS事件=2169(簿1468/增量0) 距上次WS=0.3s] [TWAP#93 age=0s]
[00:36:41] t+  101s  TWAP=76796.468 range= 72.736  Up  0.440/ 0.450×291  Down  0.550/ 0.560×278  [盘口=WS 簿龄=0.0s/10s WS事件=2203(簿1492/增量0) 距上次WS=0.0s] [TWAP#95 age=1s]
[00:36:43] t+  103s  TWAP=76797.780 range= 72.736  Up  0.440/ 0.450×164  Down  0.550/ 0.560×454  [盘口=WS 簿龄=0.5s/10s WS事件=2219(簿1502/增量0) 距上次WS=0.4s] [TWAP#96 age=1s]
[00:36:45] t+  105s  TWAP=76800.057 range= 72.736  Up  0.400/ 0.410×45  Down  0.590/ 0.600×595  [盘口=WS 簿龄=0.1s/10s WS事件=2250(簿1524/增量0) 距上次WS=0.1s] [TWAP#98 age=1s]
[00:36:47] t+  107s  TWAP=76803.421 range= 72.736  Up  0.400/ 0.410×527  Down  0.590/ 0.600×86  [盘口=WS 簿龄=0.9s/10s WS事件=2259(簿1530/增量0) 距上次WS=0.8s] [TWAP#100 age=0s]
[00:36:49] t+  109s  TWAP=76805.627 range= 72.736  Up  0.410/ 0.420×170  Down  0.580/ 0.590×20  [盘口=WS 簿龄=0.6s/10s WS事件=2295(簿1554/增量0) 距上次WS=0.4s] [TWAP#102 age=0s]
[00:36:51] t+  111s  TWAP=76807.798 range= 72.736  Up  0.450/ 0.460×5  Down  0.540/ 0.550×230  [盘口=WS 簿龄=0.0s/10s WS事件=2303(簿1560/增量0) 距上次WS=0.0s] [TWAP#104 age=0s]
[00:36:53] t+  113s  TWAP=76809.922 range= 72.736  Up  0.490/ 0.500×432  Down  0.500/ 0.510×29  [盘口=WS 簿龄=0.2s/10s WS事件=2333(簿1580/增量0) 距上次WS=0.0s] [TWAP#106 age=0s]
[00:36:55] t+  115s  TWAP=76811.975 range= 72.736  Up  0.530/ 0.540×199  Down  0.460/ 0.470×162  [盘口=WS 簿龄=0.2s/10s WS事件=2381(簿1612/增量0) 距上次WS=0.1s] [TWAP#108 age=0s]
[00:36:57] t+  117s  TWAP=76812.962 range= 72.736  Up  0.460/ 0.470×550  Down  0.530/ 0.540×97  [盘口=WS 簿龄=0.5s/10s WS事件=2449(簿1658/增量0) 距上次WS=0.5s] [TWAP#109 age=1s]
[00:36:59] t+  119s  TWAP=76814.999 range= 72.736  Up  0.530/ 0.540×27  Down  0.460/ 0.470×663  [盘口=WS 簿龄=0.1s/10s WS事件=2481(簿1680/增量0) 距上次WS=0.1s] [TWAP#111 age=0s]
[00:37:01] t+  121s  TWAP=76818.264 range= 72.736  Up  0.550/ 0.560×1  Down  0.440/ 0.450×28  [盘口=WS 簿龄=0.1s/10s WS事件=2537(簿1718/增量0) 距上次WS=0.1s] [TWAP#113 age=0s]
[00:37:03] t+  123s  TWAP=76820.608 range= 72.736  Up  0.660/ 0.670×115  Down  0.330/ 0.340×122  [盘口=WS 簿龄=0.0s/10s WS事件=2652(簿1796/增量0) 距上次WS=0.0s] [TWAP#115 age=0s]
[00:37:06] t+  125s  TWAP=76824.589 range= 72.736  Up  0.740/ 0.760×73  Down  0.230/ 0.240×303  [盘口=REST 簿龄=无/10s WS事件=2672(簿1810/增量0) 距上次WS=2.1s] [TWAP#118 age=0s]
[00:37:08] t+  128s  TWAP=76827.567 range= 72.736  Up  0.750/ 0.760×269  Down  0.240/ 0.250×378  [盘口=WS 簿龄=0.0s/10s WS事件=2733(簿1852/增量0) 距上次WS=0.0s] [TWAP#119 age=1s]
[00:37:10] t+  130s  TWAP=76829.126 range= 72.736  Up  0.790/ 0.810×211  Down  0.190/ 0.210×613  [盘口=WS 簿龄=0.4s/10s WS事件=2792(簿1892/增量0) 距上次WS=0.4s] [TWAP#121 age=1s]
[00:37:12] t+  132s  TWAP=76834.143 range= 72.736  Up  0.840/ 0.850×86  Down  0.150/ 0.160×214  [盘口=WS 簿龄=0.3s/10s WS事件=2870(簿1944/增量0) 距上次WS=0.2s] [TWAP#123 age=1s]
[00:37:14] t+  134s  TWAP=76837.528 range= 72.736  Up  0.820/ 0.830×461  Down  0.170/ 0.180×181  [盘口=WS 簿龄=0.6s/10s WS事件=2900(簿1964/增量0) 距上次WS=0.6s] [TWAP#126 age=1s]
[00:37:16] t+  136s  TWAP=76841.461 range= 72.736  Up  0.820/ 0.860×205  Down  0.140/ 0.180×125  [盘口=WS 簿龄=0.2s/10s WS事件=2968(簿2010/增量0) 距上次WS=0.2s] [TWAP#128 age=0s]
[00:37:18] t+  138s  TWAP=76843.486 range= 72.736  Up  0.830/ 0.840×17  Down  0.160/ 0.170×472  [盘口=WS 簿龄=0.1s/10s WS事件=3007(簿2036/增量0) 距上次WS=0.1s] [TWAP#129 age=1s]
[00:37:20] t+  140s  TWAP=76846.714 range= 72.736  Up  0.840/ 0.850×123  Down  0.150/ 0.160×252  [盘口=WS 簿龄=0.0s/10s WS事件=3041(簿2060/增量0) 距上次WS=0.0s] [TWAP#131 age=1s]
[00:37:23] t+  142s  TWAP=76851.607 range= 76.333  Up  0.780/ 0.790×226  Down  0.210/ 0.220×120  [盘口=REST 簿龄=无/10s WS事件=3084(簿2088/增量0) 距上次WS=2.0s] [TWAP#133 age=0s]
[00:37:25] t+  145s  TWAP=76854.078 range= 78.804  Up  0.780/ 0.790×316  Down  0.210/ 0.220×165  [盘口=WS 簿龄=0.1s/10s WS事件=3114(簿2108/增量0) 距上次WS=0.1s] [TWAP#135 age=1s]
[00:37:27] t+  147s  TWAP=76856.403 range= 81.129  Up  0.780/ 0.790×459  Down  0.210/ 0.220×92  [盘口=WS 簿龄=0.0s/10s WS事件=3135(簿2122/增量0) 距上次WS=0.0s] [TWAP#137 age=0s]
[00:37:29] t+  149s  TWAP=76858.444 range= 83.169  Up  0.830/ 0.840×121  Down  0.160/ 0.170×244  [盘口=WS 簿龄=0.1s/10s WS事件=3190(簿2160/增量0) 距上次WS=0.0s] [TWAP#139 age=1s]
[00:37:31] t+  151s  TWAP=76860.332 range= 85.057  Up  0.810/ 0.820×393  Down  0.180/ 0.190×214  [盘口=WS 簿龄=0.1s/10s WS事件=3224(簿2182/增量0) 距上次WS=0.1s] [TWAP#141 age=1s]
[00:37:33] t+  153s  TWAP=76861.795 range= 86.521  Up  0.820/ 0.830×43  Down  0.170/ 0.180×621  [盘口=WS 簿龄=0.0s/10s WS事件=3260(簿2206/增量0) 距上次WS=0.0s] [TWAP#143 age=0s]
[00:37:35] t+  155s  TWAP=76863.228 range= 87.953  Up  0.830/ 0.840×9  Down  0.160/ 0.170×667  [盘口=WS 簿龄=0.6s/10s WS事件=3286(簿2224/增量0) 距上次WS=0.6s] [TWAP#145 age=0s]
[00:37:37] t+  157s  TWAP=76864.812 range= 89.537  Up  0.910/ 0.920×57  Down  0.080/ 0.090×505  [盘口=WS 簿龄=0.0s/10s WS事件=3381(簿2290/增量0) 距上次WS=0.0s] [TWAP#147 age=0s]
[00:37:39] t+  159s  TWAP=76866.722 range= 91.448  Up  0.910/ 0.920×208  Down  0.080/ 0.090×456  [盘口=WS 簿龄=0.3s/10s WS事件=3426(簿2320/增量0) 距上次WS=0.3s] [TWAP#149 age=0s]
[00:37:41] t+  161s  TWAP=76869.601 range= 94.327  Up  0.870/ 0.880×149  Down  0.120/ 0.130×426  [盘口=WS 簿龄=0.0s/10s WS事件=3487(簿2362/增量0) 距上次WS=0.0s] [TWAP#151 age=0s]
[00:37:43] t+  163s  TWAP=76871.888 range= 96.613  Up  0.900/ 0.910×414  Down  0.090/ 0.100×10  [盘口=WS 簿龄=0.3s/10s WS事件=3518(簿2382/增量0) 距上次WS=0.1s] [TWAP#153 age=0s]
[00:37:45] t+  165s  TWAP=76873.054 range= 97.779  Up  0.900/ 0.910×220  Down  0.090/ 0.100×10  [盘口=WS 簿龄=1.1s/10s WS事件=3521(簿2384/增量0) 距上次WS=0.2s] [TWAP#155 age=0s]
[00:37:47] t+  167s  TWAP=76874.197 range= 98.923  Up  0.920/ 0.930×102  Down  0.070/ 0.080×5  [盘口=WS 簿龄=0.1s/10s WS事件=3560(簿2411/增量0) 距上次WS=0.0s] [TWAP#156 age=1s]
[00:37:49] t+  169s  TWAP=76878.932 range=103.658  Up  0.940/ 0.950×879  Down  0.050/ 0.060×1  [盘口=WS 簿龄=0.2s/10s WS事件=3604(簿2440/增量0) 距上次WS=0.1s] [TWAP#158 age=0s]
[00:37:51] t+  171s  TWAP=76880.137 range=104.863  Up  0.940/ 0.950×84  Down  0.050/ 0.060×770  [盘口=WS 簿龄=0.0s/10s WS事件=3644(簿2468/增量0) 距上次WS=0.0s] [TWAP#160 age=0s]
[00:37:53] t+  173s  TWAP=76882.563 range=107.289  Up  0.960/ 0.970×1519  Down  0.030/ 0.040×251  [盘口=WS 簿龄=0.4s/10s WS事件=3703(簿2506/增量0) 距上次WS=0.3s] [TWAP#162 age=0s]
[00:37:55] t+  175s  TWAP=76884.998 range=109.723  Up  0.970/ 0.980×1970  Down  0.020/ 0.030×528  [盘口=WS 簿龄=0.1s/10s WS事件=3733(簿2526/增量0) 距上次WS=0.1s] [TWAP#164 age=1s]
[00:37:57] t+  177s  TWAP=76887.558 range=112.284  Up  0.970/ 0.980×1463  Down  0.020/ 0.030×1149  [盘口=WS 簿龄=0.8s/10s WS事件=3736(簿2528/增量0) 距上次WS=0.7s] [TWAP#166 age=1s]
[00:37:59] t+  179s  TWAP=76890.158 range=114.883  Up  0.980/ 0.990×10675  Down  0.010/ 0.020×131  [盘口=WS 簿龄=0.1s/10s WS事件=3817(簿2582/增量0) 距上次WS=0.1s] [TWAP#168 age=0s]
[00:38:01] t+  181s  TWAP=76894.278 range=119.004  Up  0.970/ 0.980×554  Down  0.020/ 0.030×513  [盘口=WS 簿龄=0.5s/10s WS事件=3841(簿2598/增量0) 距上次WS=0.5s] [TWAP#170 age=0s]
[00:38:03] t+  183s  TWAP=76895.868 range=120.594  Up  0.980/ 0.990×10540  Down  0.010/ 0.020×393  [盘口=WS 簿龄=0.2s/10s WS事件=3886(簿2628/增量0) 距上次WS=0.0s] [TWAP#172 age=0s]
[00:38:05] t+  185s  TWAP=76899.077 range=123.802  Up  0.980/ 0.990×10355  Down  0.010/ 0.020×30  [盘口=WS 簿龄=0.3s/10s WS事件=3916(簿2648/增量0) 距上次WS=0.2s] [TWAP#174 age=1s]
[00:38:07] t+  187s  TWAP=76902.003 range=126.728  Up  0.970/ 0.980×819  Down  0.020/ 0.030×227  [盘口=WS 簿龄=0.1s/10s WS事件=3976(簿2690/增量0) 距上次WS=0.1s] [TWAP#176 age=1s]
[00:38:09] t+  189s  TWAP=76903.201 range=127.926  Up  0.980/ 0.990×11005  Down  0.010/ 0.030×922  [盘口=WS 簿龄=0.8s/10s WS事件=3995(簿2703/增量0) 距上次WS=0.1s] [TWAP#177 age=2s]
[00:38:11] t+  191s  TWAP=76906.422 range=131.148  Up  0.980/ 0.990×9940  Down  0.010/ 0.020×511  [盘口=WS 簿龄=0.0s/10s WS事件=4023(簿2722/增量0) 距上次WS=0.0s] [TWAP#179 age=1s]
[00:38:13] t+  193s  TWAP=76907.977 range=132.703  Up  0.980/ 0.990×4461  Down  0.010/ 0.020×232  [盘口=WS 簿龄=0.0s/10s WS事件=4047(簿2738/增量0) 距上次WS=0.0s] [TWAP#181 age=1s]
[00:38:15] t+  195s  TWAP=76909.246 range=133.971  Up  0.970/ 0.980×535  Down  0.020/ 0.030×187  [盘口=WS 簿龄=0.4s/10s WS事件=4062(簿2748/增量0) 距上次WS=0.2s] [TWAP#183 age=0s]
[00:38:17] t+  197s  TWAP=76910.297 range=135.023  Up  0.970/ 0.980×506  Down  0.020/ 0.030×169  [盘口=WS 簿龄=0.3s/10s WS事件=4074(簿2756/增量0) 距上次WS=0.2s] [TWAP#185 age=1s]
[00:38:19] t+  199s  TWAP=76911.697 range=136.422  Up  0.980/ 0.990×4522  Down  0.010/ 0.020×408  [盘口=WS 簿龄=1.3s/10s WS事件=4077(簿2758/增量0) 距上次WS=1.3s] [TWAP#187 age=1s]
[00:38:21] t+  201s  TWAP=76912.821 range=137.547  Up  0.970/ 0.990×4854  Down  0.010/ 0.030×643  [盘口=WS 簿龄=0.3s/10s WS事件=4083(簿2762/增量0) 距上次WS=0.2s] [TWAP#189 age=0s]
[00:38:23] t+  203s  TWAP=76914.350 range=139.075  Up  0.960/ 0.970×901  Down  0.030/ 0.040×272  [盘口=WS 簿龄=0.0s/10s WS事件=4116(簿2784/增量0) 距上次WS=0.0s] [TWAP#191 age=0s]
[00:38:25] t+  206s  TWAP=76914.890 range=139.615  Up  0.950/ 0.960×188  Down  0.040/ 0.050×426  [盘口=WS 簿龄=0.1s/10s WS事件=4131(簿2794/增量0) 距上次WS=0.1s] [TWAP#193 age=1s]
[00:38:27] t+  208s  TWAP=76915.991 range=140.717  Up  0.970/ 0.980×214  Down  0.020/ 0.030×662  [盘口=WS 簿龄=0.4s/10s WS事件=4143(簿2802/增量0) 距上次WS=0.4s] [TWAP#195 age=1s]
[00:38:31] t+  210s  TWAP=76917.883 range=142.608  Up  0.980/ 0.990×3989  Down  0.010/ 0.020×813  [盘口=REST 簿龄=无/10s WS事件=4155(簿2810/增量0) 距上次WS=3.1s] [TWAP#199 age=1s]
[00:38:33] t+  214s  TWAP=76919.267 range=143.992  Up  0.980/ 0.990×3412  Down  0.010/ 0.020×802  [盘口=WS 簿龄=0.3s/10s WS事件=4194(簿2836/增量0) 距上次WS=0.3s] [TWAP#201 age=0s]
[00:38:35] t+  216s  TWAP=76919.794 range=144.520  Up  0.990/   n/a  Down    n/a/ 0.010×3352  [盘口=WS 簿龄=0.2s/10s WS事件=4227(簿2858/增量0) 距上次WS=0.2s] [TWAP#203 age=1s]
[00:38:37] t+  218s  TWAP=76921.133 range=145.858  Up  0.990/   n/a  Down    n/a/ 0.010×3601  [盘口=WS 簿龄=1.5s/10s WS事件=4230(簿2860/增量0) 距上次WS=1.5s] [TWAP#205 age=1s]
[00:38:39] t+  220s  TWAP=76922.553 range=147.279  Up  0.990/   n/a  Down    n/a/ 0.010×3763  [盘口=WS 簿龄=0.7s/10s WS事件=4239(簿2866/增量0) 距上次WS=0.7s] [TWAP#207 age=1s]
[00:38:41] t+  222s  TWAP=76924.950 range=149.676  Up  0.990/   n/a  Down    n/a/ 0.010×3763  [盘口=WS 簿龄=2.7s/10s WS事件=4239(簿2866/增量0) 距上次WS=2.7s] [TWAP#209 age=1s]
[00:38:43] t+  224s  TWAP=76925.633 range=150.358  Up  0.990/   n/a  Down    n/a/ 0.010×16998  [盘口=WS 簿龄=0.5s/10s WS事件=4248(簿2872/增量0) 距上次WS=0.5s] [TWAP#211 age=1s]
[00:38:45] t+  226s  TWAP=76926.880 range=151.606  Up  0.990/   n/a  Down    n/a/ 0.010×17155  [盘口=WS 簿龄=0.1s/10s WS事件=4251(簿2874/增量0) 距上次WS=0.1s] [TWAP#213 age=1s]
[00:38:47] t+  228s  TWAP=76928.716 range=153.442  Up  0.990/   n/a  Down    n/a/ 0.010×15765  [盘口=WS 簿龄=0.3s/10s WS事件=4254(簿2876/增量0) 距上次WS=0.3s] [TWAP#215 age=0s]
[00:38:49] t+  230s  TWAP=76929.314 range=154.040  Up  0.990/   n/a  Down    n/a/ 0.010×15765  [盘口=WS 簿龄=2.3s/10s WS事件=4254(簿2876/增量0) 距上次WS=2.3s] [TWAP#217 age=1s]
[00:38:51] t+  232s  TWAP=76930.497 range=155.223  Up  0.990/   n/a  Down    n/a/ 0.010×16791  [盘口=WS 簿龄=0.9s/10s WS事件=4257(簿2878/增量0) 距上次WS=0.9s] [TWAP#219 age=1s]
[00:38:53] t+  234s  TWAP=76931.475 range=156.200  Up  0.990/   n/a  Down    n/a/ 0.010×16791  [盘口=WS 簿龄=2.9s/10s WS事件=4257(簿2878/增量0) 距上次WS=2.9s] [TWAP#221 age=1s]
[00:38:55] t+  236s  TWAP=76932.750 range=157.476  Up  0.990/   n/a  Down    n/a/ 0.010×16791  [盘口=WS 簿龄=4.9s/10s WS事件=4257(簿2878/增量0) 距上次WS=4.9s] [TWAP#223 age=1s]
[00:38:57] t+  238s  TWAP=76933.011 range=157.736  Up  0.990/   n/a  Down    n/a/ 0.010×16791  [盘口=WS 簿龄=6.9s/10s WS事件=4257(簿2878/增量0) 距上次WS=6.9s] [TWAP#225 age=1s]
[00:38:59] t+  240s  TWAP=76933.483 range=158.209  Up  0.990/   n/a  Down    n/a/ 0.010×16791  [盘口=WS 簿龄=8.9s/10s WS事件=4257(簿2878/增量0) 距上次WS=8.9s] [TWAP#227 age=1s]
[00:39:02] 本窗口未入场，进入下一个窗口（1/1）。
[00:39:02] 1 个窗口均未满足入场条件，未交易。
