[01:06:51] === 5min BTC 单笔交易  [LIVE 真实资金] ===
[01:06:51] 入场过滤: 窗口TWAP波动<$30 且 冷门方ask<0.30（开窗后75-135s）｜止盈价 0.65｜未止盈拿到结算
[01:06:51] 喂价: Polymarket RTDS Chainlink TWAP-60s（结算同源）｜日志: data\logs\trade5m_20260911_010651.log
[01:09:59] [窗口 1] 起点 1789060200（本地 01:09:59），开始持续监测 …
[01:10:02] 市场: Bitcoin Up or Down - September 10, 1:10PM-1:15PM ET  (minSize=5)
[01:10:03] t+    2s  TWAP=      n/a range=    n/a  Up  0.530/ 0.540×355  Down  0.460/ 0.470×339  [盘口=REST 簿龄=0.3s/10s WS事件=0(簿0/增量0) 距上次WS=从未] [TWAP#0 age=无]
[01:10:05] t+    5s  TWAP=      n/a range=    n/a  Up  0.540/ 0.550×56  Down  0.450/ 0.460×27  [盘口=WS 簿龄=0.4s/10s WS事件=8(簿6/增量0) 距上次WS=0.1s] [TWAP#0 age=无]
[01:10:07] t+    7s  TWAP=      n/a range=    n/a  Up  0.540/ 0.550×53  Down  0.450/ 0.460×622  [盘口=WS 簿龄=0.4s/10s WS事件=37(簿26/增量0) 距上次WS=0.2s] [TWAP#0 age=无]
[01:10:09] t+    9s  TWAP=      n/a range=    n/a  Up  0.620/ 0.630×315  Down  0.370/ 0.380×271  [盘口=WS 簿龄=0.1s/10s WS事件=134(簿92/增量0) 距上次WS=0.1s] [TWAP#0 age=无]
[01:10:11] t+   11s  TWAP=77109.865 range=  0.000  Up  0.610/ 0.620×915  Down  0.380/ 0.390×171  [盘口=WS 簿龄=0.2s/10s WS事件=169(簿116/增量0) 距上次WS=0.1s] [TWAP#1 age=1s]
[01:10:13] t+   13s  TWAP=77110.121 range=  0.256  Up  0.600/ 0.610×582  Down  0.390/ 0.400×112  [盘口=WS 簿龄=0.2s/10s WS事件=184(簿126/增量0) 距上次WS=0.2s] [TWAP#3 age=1s]
[01:10:15] t+   15s  TWAP=77110.630 range=  0.764  Up  0.600/ 0.610×527  Down  0.390/ 0.400×156  [盘口=WS 簿龄=0.2s/10s WS事件=205(簿140/增量0) 距上次WS=0.2s] [TWAP#4 age=1s]
[01:10:17] t+   17s  TWAP=77111.107 range=  1.242  Up  0.600/ 0.610×44  Down  0.390/ 0.400×779  [盘口=WS 簿龄=0.1s/10s WS事件=225(簿154/增量0) 距上次WS=0.1s] [TWAP#6 age=1s]
[01:10:19] t+   19s  TWAP=77111.805 range=  1.940  Up  0.620/ 0.630×213  Down  0.370/ 0.380×402  [盘口=WS 簿龄=0.2s/10s WS事件=259(簿178/增量0) 距上次WS=0.2s] [TWAP#8 age=1s]
[01:10:21] t+   21s  TWAP=77112.033 range=  2.168  Up  0.610/ 0.620×573  Down  0.380/ 0.390×85  [盘口=WS 簿龄=0.0s/10s WS事件=280(簿194/增量0) 距上次WS=0.0s] [TWAP#10 age=0s]
[01:10:23] t+   23s  TWAP=77112.739 range=  2.873  Up  0.610/ 0.620×466  Down  0.380/ 0.390×142  [盘口=WS 簿龄=0.0s/10s WS事件=300(簿208/增量0) 距上次WS=0.0s] [TWAP#12 age=0s]
[01:10:25] t+   25s  TWAP=77112.978 range=  3.113  Up  0.610/ 0.620×190  Down  0.380/ 0.390×340  [盘口=WS 簿龄=0.7s/10s WS事件=322(簿222/增量0) 距上次WS=0.6s] [TWAP#13 age=1s]
[01:10:27] t+   27s  TWAP=77113.461 range=  3.596  Up  0.590/ 0.620×417  Down  0.380/ 0.410×743  [盘口=WS 簿龄=0.1s/10s WS事件=349(簿240/增量0) 距上次WS=0.1s] [TWAP#15 age=0s]
[01:10:29] t+   29s  TWAP=77113.959 range=  4.093  Up  0.640/ 0.650×56  Down  0.350/ 0.360×35  [盘口=WS 簿龄=0.1s/10s WS事件=387(簿266/增量0) 距上次WS=0.1s] [TWAP#17 age=0s]
[01:10:31] t+   31s  TWAP=77114.453 range=  4.588  Up  0.690/ 0.700×130  Down  0.300/ 0.310×462  [盘口=WS 簿龄=0.5s/10s WS事件=448(簿306/增量0) 距上次WS=0.5s] [TWAP#19 age=0s]
[01:10:34] t+   33s  TWAP=77115.220 range=  5.354  Up  0.760/ 0.770×167  Down  0.230/ 0.240×444  [盘口=REST 簿龄=无/10s WS事件=496(簿338/增量0) 距上次WS=1.9s] [TWAP#21 age=1s]
[01:10:36] t+   36s  TWAP=77116.164 range=  6.298  Up  0.770/ 0.800×553  Down  0.200/ 0.230×423  [盘口=WS 簿龄=0.2s/10s WS事件=565(簿386/增量0) 距上次WS=0.1s] [TWAP#23 age=1s]
[01:10:38] t+   38s  TWAP=77117.406 range=  7.541  Up  0.730/ 0.740×672  Down  0.260/ 0.270×254  [盘口=WS 簿龄=0.4s/10s WS事件=646(簿442/增量0) 距上次WS=0.3s] [TWAP#25 age=1s]
[01:10:40] t+   40s  TWAP=77118.819 range=  8.954  Up  0.690/ 0.700×342  Down  0.300/ 0.310×151  [盘口=WS 簿龄=0.3s/10s WS事件=669(簿458/增量0) 距上次WS=0.3s] [TWAP#27 age=1s]
[01:10:42] t+   42s  TWAP=77120.404 range= 10.538  Up  0.690/ 0.700×168  Down  0.300/ 0.310×435  [盘口=WS 簿龄=0.2s/10s WS事件=700(簿478/增量0) 距上次WS=0.1s] [TWAP#29 age=1s]
[01:10:44] t+   44s  TWAP=77121.811 range= 11.945  Up  0.710/ 0.720×157  Down  0.280/ 0.290×392  [盘口=WS 簿龄=0.4s/10s WS事件=724(簿494/增量0) 距上次WS=0.4s] [TWAP#31 age=1s]
[01:10:46] t+   46s  TWAP=77123.066 range= 13.201  Up  0.710/ 0.720×19  Down  0.280/ 0.290×449  [盘口=WS 簿龄=0.1s/10s WS事件=744(簿508/增量0) 距上次WS=0.1s] [TWAP#33 age=1s]
[01:10:48] t+   48s  TWAP=77124.026 range= 14.161  Up  0.730/ 0.750×296  Down  0.250/ 0.270×663  [盘口=WS 簿龄=0.6s/10s WS事件=768(簿524/增量0) 距上次WS=0.6s] [TWAP#35 age=0s]
[01:10:50] t+   50s  TWAP=77124.916 range= 15.051  Up  0.750/ 0.770×224  Down  0.230/ 0.250×16  [盘口=WS 簿龄=0.1s/10s WS事件=791(簿540/增量0) 距上次WS=0.1s] [TWAP#36 age=1s]
[01:10:52] t+   52s  TWAP=77125.805 range= 15.939  Up  0.750/ 0.760×398  Down  0.240/ 0.250×196  [盘口=WS 簿龄=0.7s/10s WS事件=804(簿548/增量0) 距上次WS=0.7s] [TWAP#38 age=1s]
[01:10:54] t+   54s  TWAP=77126.770 range= 16.905  Up  0.700/ 0.710×299  Down  0.290/ 0.300×346  [盘口=WS 簿龄=0.4s/10s WS事件=868(簿592/增量0) 距上次WS=0.4s] [TWAP#40 age=1s]
[01:10:56] t+   56s  TWAP=77128.570 range= 18.705  Up  0.760/ 0.770×8  Down  0.230/ 0.240×543  [盘口=WS 簿龄=0.1s/10s WS事件=915(簿624/增量0) 距上次WS=0.0s] [TWAP#43 age=0s]
[01:10:58] t+   58s  TWAP=77129.118 range= 19.253  Up  0.760/ 0.770×597  Down  0.230/ 0.240×50  [盘口=WS 簿龄=0.5s/10s WS事件=924(簿630/增量0) 距上次WS=0.5s] [TWAP#44 age=1s]
[01:11:00] t+   60s  TWAP=77130.147 range= 20.282  Up  0.770/ 0.780×256  Down  0.220/ 0.230×455  [盘口=WS 簿龄=0.0s/10s WS事件=962(簿656/增量0) 距上次WS=0.0s] [TWAP#46 age=1s]
[01:11:02] t+   62s  TWAP=77131.332 range= 21.467  Up  0.780/ 0.790×252  Down  0.210/ 0.220×89  [盘口=WS 簿龄=0.0s/10s WS事件=998(簿682/增量0) 距上次WS=0.0s] [TWAP#48 age=0s]
[01:11:04] t+   64s  TWAP=77132.630 range= 22.765  Up  0.780/ 0.790×107  Down  0.210/ 0.220×271  [盘口=WS 簿龄=0.1s/10s WS事件=1019(簿696/增量0) 距上次WS=0.1s] [TWAP#50 age=1s]
[01:11:06] t+   66s  TWAP=77133.966 range= 24.101  Up  0.780/ 0.800×245  Down  0.200/ 0.220×1172  [盘口=WS 簿龄=0.3s/10s WS事件=1032(簿704/增量0) 距上次WS=0.3s] [TWAP#52 age=1s]
[01:11:08] t+   68s  TWAP=77135.320 range= 25.455  Up  0.780/ 0.800×245  Down  0.200/ 0.220×1172  [盘口=WS 簿龄=2.3s/10s WS事件=1032(簿704/增量0) 距上次WS=2.3s] [TWAP#54 age=1s]
[01:11:10] t+   70s  TWAP=77136.668 range= 26.803  Up  0.780/ 0.790×484  Down  0.210/ 0.220×134  [盘口=WS 簿龄=0.2s/10s WS事件=1044(簿712/增量0) 距上次WS=0.1s] [TWAP#55 age=1s]
[01:11:12] t+   72s  TWAP=77137.990 range= 28.124  Up  0.790/ 0.800×482  Down  0.200/ 0.210×103  [盘口=WS 簿龄=0.3s/10s WS事件=1068(簿728/增量0) 距上次WS=0.3s] [TWAP#57 age=0s]
[01:11:14] t+   74s  TWAP=77138.994 range= 29.129  Up  0.780/ 0.790×419  Down  0.210/ 0.220×55  [盘口=WS 簿龄=0.4s/10s WS事件=1083(簿738/增量0) 距上次WS=0.4s] [TWAP#59 age=1s]
[01:11:16] t+   76s  TWAP=77140.400 range= 30.535  Up  0.770/ 0.780×18  Down  0.220/ 0.230×582  [盘口=WS 簿龄=0.3s/10s WS事件=1098(簿748/增量0) 距上次WS=0.3s] [TWAP#61 age=0s]
[01:11:16] [入场检查] ❌ 波动 $30.54 ≥ $30，放弃。
[01:11:18] t+   78s  TWAP=77140.861 range= 30.995  Up  0.800/ 0.810×152  Down  0.190/ 0.200×27  [盘口=WS 簿龄=0.2s/10s WS事件=1125(簿766/增量0) 距上次WS=0.2s] [TWAP#63 age=1s]
[01:11:20] t+   80s  TWAP=77141.781 range= 31.915  Up  0.790/ 0.800×407  Down  0.200/ 0.210×34  [盘口=WS 簿龄=1.0s/10s WS事件=1134(簿772/增量0) 距上次WS=1.0s] [TWAP#65 age=1s]
[01:11:22] t+   82s  TWAP=77142.683 range= 32.817  Up  0.780/ 0.790×16  Down  0.210/ 0.220×208  [盘口=WS 簿龄=0.9s/10s WS事件=1140(簿776/增量0) 距上次WS=0.8s] [TWAP#67 age=1s]
[01:11:24] t+   84s  TWAP=77143.593 range= 33.728  Up  0.790/ 0.800×59  Down  0.200/ 0.210×95  [盘口=WS 簿龄=0.8s/10s WS事件=1152(簿784/增量0) 距上次WS=0.8s] [TWAP#69 age=1s]
[01:11:26] t+   86s  TWAP=77144.495 range= 34.630  Up  0.790/ 0.800×307  Down  0.200/ 0.210×60  [盘口=WS 簿龄=0.9s/10s WS事件=1167(簿794/增量0) 距上次WS=0.9s] [TWAP#71 age=1s]
[01:11:28] t+   88s  TWAP=77145.396 range= 35.530  Up  0.710/ 0.750×103  Down  0.250/ 0.290×120  [盘口=WS 簿龄=0.1s/10s WS事件=1179(簿802/增量0) 距上次WS=0.1s] [TWAP#73 age=1s]
[01:11:30] t+   90s  TWAP=77146.289 range= 36.424  Up  0.810/ 0.820×24  Down  0.180/ 0.190×491  [盘口=WS 簿龄=0.1s/10s WS事件=1259(簿856/增量0) 距上次WS=0.1s] [TWAP#74 age=1s]
[01:11:32] t+   92s  TWAP=77147.091 range= 37.226  Up  0.810/ 0.820×64  Down  0.180/ 0.190×333  [盘口=WS 簿龄=0.3s/10s WS事件=1268(簿862/增量0) 距上次WS=0.3s] [TWAP#76 age=1s]
[01:11:37] t+   94s  TWAP=77148.487 range= 38.621  Up  0.810/ 0.820×488  Down  0.180/ 0.190×90  [盘口=REST 簿龄=0.1s/10s WS事件=1295(簿880/增量0) 距上次WS=0.1s] [TWAP#81 age=1s]
[01:11:39] t+  100s  TWAP=77148.859 range= 38.994  Up  0.810/ 0.820×473  Down  0.180/ 0.190×75  [盘口=WS 簿龄=2.1s/10s WS事件=1295(簿880/增量0) 距上次WS=2.1s] [TWAP#84 age=0s]
[01:11:41] t+  102s  TWAP=77148.835 range= 38.994  Up  0.810/ 0.820×245  Down  0.180/ 0.190×234  [盘口=WS 簿龄=1.4s/10s WS事件=1304(簿886/增量0) 距上次WS=1.3s] [TWAP#85 age=1s]
[01:11:43] t+  104s  TWAP=77149.012 range= 39.147  Up  0.830/ 0.840×173  Down  0.160/ 0.170×255  [盘口=WS 簿龄=0.1s/10s WS事件=1319(簿896/增量0) 距上次WS=0.1s] [TWAP#87 age=1s]
[01:11:45] t+  106s  TWAP=77149.155 range= 39.290  Up  0.830/ 0.840×23  Down  0.160/ 0.170×459  [盘口=WS 簿龄=0.7s/10s WS事件=1322(簿898/增量0) 距上次WS=0.7s] [TWAP#89 age=1s]
[01:11:47] t+  108s  TWAP=77149.691 range= 39.826  Up  0.840/ 0.850×426  Down  0.150/ 0.160×166  [盘口=WS 簿龄=0.1s/10s WS事件=1358(簿922/增量0) 距上次WS=0.1s] [TWAP#92 age=0s]
[01:11:49] t+  110s  TWAP=77150.037 range= 40.172  Up  0.840/ 0.850×460  Down  0.150/ 0.160×206  [盘口=WS 簿龄=1.2s/10s WS事件=1361(簿924/增量0) 距上次WS=1.1s] [TWAP#93 age=0s]
[01:11:51] t+  112s  TWAP=77150.218 range= 40.352  Up  0.850/ 0.860×151  Down  0.140/ 0.150×330  [盘口=WS 簿龄=0.3s/10s WS事件=1396(簿948/增量0) 距上次WS=0.2s] [TWAP#95 age=1s]
[01:11:53] t+  114s  TWAP=77150.620 range= 40.755  Up  0.850/ 0.860×102  Down  0.140/ 0.150×395  [盘口=WS 簿龄=1.4s/10s WS事件=1399(簿950/增量0) 距上次WS=1.4s] [TWAP#97 age=1s]
[01:11:55] t+  116s  TWAP=77150.788 range= 40.922  Up  0.850/ 0.860×107  Down  0.140/ 0.150×313  [盘口=WS 簿龄=0.1s/10s WS事件=1408(簿956/增量0) 距上次WS=0.1s] [TWAP#99 age=1s]
[01:11:57] t+  118s  TWAP=77151.142 range= 41.277  Up  0.870/ 0.880×863  Down  0.120/ 0.130×648  [盘口=WS 簿龄=0.1s/10s WS事件=1448(簿984/增量0) 距上次WS=0.1s] [TWAP#102 age=0s]
[01:11:59] t+  120s  TWAP=77151.333 range= 41.468  Up  0.870/ 0.880×822  Down  0.120/ 0.130×965  [盘口=WS 簿龄=0.1s/10s WS事件=1466(簿996/增量0) 距上次WS=0.1s] [TWAP#103 age=1s]
[01:12:01] t+  122s  TWAP=77151.699 range= 41.834  Up  0.870/ 0.880×200  Down  0.120/ 0.130×1363  [盘口=WS 簿龄=0.1s/10s WS事件=1524(簿1038/增量0) 距上次WS=0.1s] [TWAP#105 age=1s]
[01:12:03] t+  124s  TWAP=77152.185 range= 42.319  Up  0.900/ 0.910×174  Down  0.090/ 0.100×499  [盘口=WS 簿龄=0.1s/10s WS事件=1584(簿1076/增量0) 距上次WS=0.1s] [TWAP#108 age=0s]
[01:12:05] t+  126s  TWAP=77152.397 range= 42.532  Up  0.910/ 0.920×67  Down  0.080/ 0.090×440  [盘口=WS 簿龄=0.4s/10s WS事件=1610(簿1094/增量0) 距上次WS=0.4s] [TWAP#109 age=1s]
[01:12:07] t+  128s  TWAP=77152.893 range= 43.027  Up  0.930/ 0.940×18  Down  0.060/ 0.070×1209  [盘口=WS 簿龄=0.2s/10s WS事件=1660(簿1128/增量0) 距上次WS=0.2s] [TWAP#111 age=1s]
[01:12:09] t+  130s  TWAP=77153.529 range= 43.664  Up  0.940/ 0.950×200  Down  0.050/ 0.060×450  [盘口=WS 簿龄=0.1s/10s WS事件=1719(簿1168/增量0) 距上次WS=0.1s] [TWAP#112 age=1s]
[01:12:11] t+  132s  TWAP=77154.687 range= 44.822  Up  0.940/ 0.950×64  Down  0.050/ 0.060×935  [盘口=WS 簿龄=0.0s/10s WS事件=1751(簿1190/增量0) 距上次WS=0.0s] [TWAP#115 age=0s]
[01:12:13] t+  134s  TWAP=77155.871 range= 46.006  Up  0.940/ 0.970×1024  Down  0.030/ 0.060×886  [盘口=WS 簿龄=0.6s/10s WS事件=1776(簿1206/增量0) 距上次WS=0.6s] [TWAP#116 age=1s]
[01:12:15] t+  136s  TWAP=77157.150 range= 47.285  Up  0.960/ 0.970×1398  Down  0.030/ 0.040×213  [盘口=WS 簿龄=0.6s/10s WS事件=1803(簿1224/增量0) 距上次WS=0.6s] [TWAP#119 age=0s]
[01:12:17] t+  138s  TWAP=77158.512 range= 48.646  Up  0.960/ 0.970×472  Down  0.030/ 0.040×125  [盘口=WS 簿龄=0.1s/10s WS事件=1833(簿1244/增量0) 距上次WS=0.0s] [TWAP#120 age=0s]
[01:12:19] t+  140s  TWAP=77159.864 range= 49.999  Up  0.960/ 0.970×552  Down  0.030/ 0.040×109  [盘口=WS 簿龄=0.9s/10s WS事件=1845(簿1252/增量0) 距上次WS=0.9s] [TWAP#122 age=1s]
[01:12:21] t+  142s  TWAP=77161.193 range= 51.327  Up  0.960/ 0.970×331  Down  0.030/ 0.040×204  [盘口=WS 簿龄=1.1s/10s WS事件=1860(簿1262/增量0) 距上次WS=1.1s] [TWAP#125 age=0s]
[01:12:23] t+  144s  TWAP=77162.563 range= 52.698  Up  0.960/ 0.970×337  Down  0.030/ 0.040×130  [盘口=WS 簿龄=0.2s/10s WS事件=1878(簿1274/增量0) 距上次WS=0.2s] [TWAP#126 age=1s]
[01:12:25] t+  146s  TWAP=77163.943 range= 54.077  Up  0.960/ 0.970×298  Down  0.030/ 0.040×301  [盘口=WS 簿龄=0.7s/10s WS事件=1884(簿1278/增量0) 距上次WS=0.6s] [TWAP#129 age=0s]
[01:12:27] t+  148s  TWAP=77165.338 range= 55.472  Up  0.970/ 0.980×1922  Down  0.020/ 0.030×18  [盘口=WS 簿龄=0.1s/10s WS事件=1896(簿1286/增量0) 距上次WS=0.1s] [TWAP#131 age=0s]
[01:12:29] t+  150s  TWAP=77166.719 range= 56.854  Up  0.970/ 0.980×1925  Down  0.020/ 0.030×364  [盘口=WS 簿龄=0.5s/10s WS事件=1907(簿1294/增量0) 距上次WS=0.5s] [TWAP#132 age=0s]
[01:12:31] t+  152s  TWAP=77168.217 range= 58.352  Up  0.970/ 0.980×1859  Down  0.020/ 0.030×324  [盘口=WS 簿龄=0.7s/10s WS事件=1925(簿1306/增量0) 距上次WS=0.6s] [TWAP#133 age=1s]
[01:12:33] t+  154s  TWAP=77169.681 range= 59.816  Up  0.970/ 0.980×1746  Down  0.020/ 0.030×310  [盘口=WS 簿龄=0.3s/10s WS事件=1934(簿1312/增量0) 距上次WS=0.2s] [TWAP#135 age=1s]
[01:12:35] t+  156s  TWAP=77170.343 range= 60.477  Up  0.970/ 0.980×1195  Down  0.020/ 0.030×588  [盘口=WS 簿龄=0.3s/10s WS事件=1946(簿1320/增量0) 距上次WS=0.3s] [TWAP#137 age=1s]
[01:12:37] t+  158s  TWAP=77172.205 range= 62.339  Up  0.970/ 0.980×714  Down  0.020/ 0.030×614  [盘口=WS 簿龄=0.2s/10s WS事件=1964(簿1332/增量0) 距上次WS=0.1s] [TWAP#140 age=0s]
[01:12:39] t+  160s  TWAP=77172.760 range= 62.895  Up  0.970/ 0.980×151  Down  0.020/ 0.030×716  [盘口=WS 簿龄=0.1s/10s WS事件=2048(簿1390/增量0) 距上次WS=0.1s] [TWAP#141 age=1s]
[01:12:41] t+  162s  TWAP=77174.500 range= 64.634  Up  0.980/ 0.990×5345  Down  0.010/ 0.020×629  [盘口=WS 簿龄=0.4s/10s WS事件=2066(簿1402/增量0) 距上次WS=0.4s] [TWAP#144 age=0s]
[01:12:43] t+  164s  TWAP=77175.867 range= 66.001  Up  0.980/ 0.990×5329  Down  0.010/ 0.020×239  [盘口=WS 簿龄=0.2s/10s WS事件=2075(簿1408/增量0) 距上次WS=0.1s] [TWAP#146 age=0s]
[01:12:45] t+  166s  TWAP=77176.605 range= 66.739  Up  0.980/ 0.990×5111  Down  0.010/ 0.020×126  [盘口=WS 簿龄=0.3s/10s WS事件=2102(簿1426/增量0) 距上次WS=0.1s] [TWAP#147 age=1s]
[01:12:47] t+  168s  TWAP=77176.605 range= 66.739  Up  0.980/ 0.990×4959  Down  0.010/ 0.020×88  [盘口=WS 簿龄=0.9s/10s WS事件=2108(簿1430/增量0) 距上次WS=0.9s] [TWAP#147 age=3s]
[01:12:49] t+  170s  TWAP=77176.605 range= 66.739  Up  0.980/ 0.990×4959  Down  0.010/ 0.020×88  [盘口=WS 簿龄=2.9s/10s WS事件=2108(簿1430/增量0) 距上次WS=2.9s] [TWAP#147 age=5s]
[01:12:51] t+  172s  TWAP=77176.605 range= 66.739  Up  0.960/ 0.970×408  Down  0.030/ 0.040×167  [盘口=WS 簿龄=0.2s/10s WS事件=2140(簿1452/增量0) 距上次WS=0.2s] [TWAP#147 age=7s]
[01:12:53] t+  174s  TWAP=77183.115 range= 73.250  Up  0.960/ 0.970×225  Down  0.030/ 0.040×267  [盘口=WS 簿龄=0.6s/10s WS事件=2149(簿1458/增量0) 距上次WS=0.6s] [TWAP#149 age=0s]
[01:12:55] t+  176s  TWAP=77183.735 range= 73.869  Up  0.920/ 0.930×365  Down  0.070/ 0.080×355  [盘口=WS 簿龄=0.0s/10s WS事件=2181(簿1480/增量0) 距上次WS=0.0s] [TWAP#150 age=1s]
[01:12:57] t+  178s  TWAP=77184.600 range= 74.735  Up  0.920/ 0.940×6  Down  0.060/ 0.080×208  [盘口=WS 簿龄=0.2s/10s WS事件=2265(簿1538/增量0) 距上次WS=0.2s] [TWAP#152 age=1s]
[01:12:59] t+  180s  TWAP=77185.801 range= 75.935  Up  0.930/ 0.940×515  Down  0.060/ 0.070×327  [盘口=WS 簿龄=0.7s/10s WS事件=2282(簿1548/增量0) 距上次WS=0.7s] [TWAP#155 age=0s]
[01:13:01] t+  182s  TWAP=77186.035 range= 76.170  Up  0.920/ 0.940×133  Down  0.060/ 0.080×688  [盘口=WS 簿龄=0.1s/10s WS事件=2347(簿1592/增量0) 距上次WS=0.1s] [TWAP#157 age=0s]
[01:13:03] t+  184s  TWAP=77186.127 range= 76.262  Up  0.780/ 0.790×156  Down  0.210/ 0.220×436  [盘口=WS 簿龄=0.0s/10s WS事件=2444(簿1659/增量0) 距上次WS=0.0s] [TWAP#159 age=0s]
[01:13:05] t+  186s  TWAP=77186.107 range= 76.275  Up  0.720/ 0.730×130  Down  0.270/ 0.280×352  [盘口=WS 簿龄=0.1s/10s WS事件=2551(簿1732/增量0) 距上次WS=0.1s] [TWAP#161 age=0s]
[01:13:07] t+  188s  TWAP=77185.700 range= 76.275  Up  0.790/ 0.800×74  Down  0.200/ 0.210×683  [盘口=WS 簿龄=0.2s/10s WS事件=2625(簿1782/增量0) 距上次WS=0.1s] [TWAP#163 age=0s]
[01:13:09] t+  190s  TWAP=77184.785 range= 76.275  Up  0.820/ 0.830×274  Down  0.170/ 0.180×262  [盘口=WS 簿龄=0.1s/10s WS事件=2685(簿1822/增量0) 距上次WS=0.1s] [TWAP#165 age=1s]
[01:13:11] t+  192s  TWAP=77183.516 range= 76.275  Up  0.820/ 0.830×312  Down  0.170/ 0.180×343  [盘口=WS 簿龄=0.8s/10s WS事件=2709(簿1838/增量0) 距上次WS=0.8s] [TWAP#167 age=0s]
[01:13:13] t+  194s  TWAP=77181.931 range= 76.275  Up  0.840/ 0.850×10  Down  0.150/ 0.160×541  [盘口=WS 簿龄=0.3s/10s WS事件=2745(簿1862/增量0) 距上次WS=0.3s] [TWAP#169 age=0s]
[01:13:15] t+  196s  TWAP=77180.256 range= 76.275  Up  0.840/ 0.850×29  Down  0.150/ 0.160×598  [盘口=WS 簿龄=0.2s/10s WS事件=2751(簿1866/增量0) 距上次WS=0.1s] [TWAP#171 age=0s]
[01:13:18] t+  198s  TWAP=77178.527 range= 76.275  Up  0.860/ 0.870×166  Down  0.130/ 0.140×546  [盘口=WS 簿龄=1.1s/10s WS事件=2775(簿1882/增量0) 距上次WS=1.1s] [TWAP#173 age=0s]
[01:13:20] t+  200s  TWAP=77176.808 range= 76.275  Up  0.890/ 0.910×706  Down  0.090/ 0.110×383  [盘口=WS 簿龄=0.3s/10s WS事件=2815(簿1910/增量0) 距上次WS=0.3s] [TWAP#175 age=0s]
[01:13:22] t+  202s  TWAP=77175.159 range= 76.275  Up  0.890/ 0.900×241  Down  0.100/ 0.110×125  [盘口=WS 簿龄=0.0s/10s WS事件=2874(簿1950/增量0) 距上次WS=0.0s] [TWAP#177 age=0s]
[01:13:24] t+  204s  TWAP=77173.570 range= 76.275  Up  0.860/ 0.870×128  Down  0.130/ 0.140×282  [盘口=WS 簿龄=0.2s/10s WS事件=2914(簿1976/增量0) 距上次WS=0.2s] [TWAP#179 age=0s]
[01:13:26] t+  206s  TWAP=77171.279 range= 76.275  Up  0.620/ 0.640×81  Down  0.360/ 0.380×50  [盘口=WS 簿龄=0.1s/10s WS事件=3002(簿2038/增量0) 距上次WS=0.1s] [TWAP#181 age=0s]
[01:13:28] t+  208s  TWAP=77170.504 range= 76.275  Up  0.730/ 0.740×463  Down  0.260/ 0.270×8  [盘口=WS 簿龄=0.2s/10s WS事件=3061(簿2078/增量0) 距上次WS=0.2s] [TWAP#183 age=0s]
[01:13:30] t+  210s  TWAP=77168.878 range= 76.275  Up  0.850/ 0.860×179  Down  0.140/ 0.150×679  [盘口=WS 簿龄=0.1s/10s WS事件=3114(簿2114/增量0) 距上次WS=0.1s] [TWAP#184 age=1s]
[01:13:32] t+  212s  TWAP=77166.887 range= 76.275  Up  0.840/ 0.850×55  Down  0.150/ 0.160×465  [盘口=WS 簿龄=0.4s/10s WS事件=3156(簿2142/增量0) 距上次WS=0.4s] [TWAP#187 age=0s]
[01:13:34] t+  214s  TWAP=77165.082 range= 76.275  Up  0.770/ 0.790×5  Down  0.200/ 0.210×613  [盘口=REST 簿龄=无/10s WS事件=3190(簿2166/增量0) 距上次WS=1.0s] [TWAP#189 age=2s]
[01:13:36] t+  217s  TWAP=77162.407 range= 76.275  Up  0.820/ 0.830×291  Down  0.170/ 0.180×315  [盘口=WS 簿龄=0.1s/10s WS事件=3204(簿2176/增量0) 距上次WS=0.0s] [TWAP#191 age=1s]
[01:13:38] t+  219s  TWAP=77160.577 range= 76.275  Up  0.830/ 0.840×444  Down  0.160/ 0.170×182  [盘口=WS 簿龄=0.0s/10s WS事件=3233(簿2196/增量0) 距上次WS=0.0s] [TWAP#194 age=0s]
[01:13:40] t+  221s  TWAP=77159.615 range= 76.275  Up  0.820/ 0.830×40  Down  0.170/ 0.180×24  [盘口=WS 簿龄=0.0s/10s WS事件=3269(簿2220/增量0) 距上次WS=0.0s] [TWAP#195 age=2s]
[01:13:42] t+  223s  TWAP=77156.693 range= 76.275  Up  0.750/ 0.760×459  Down  0.240/ 0.250×164  [盘口=WS 簿龄=0.0s/10s WS事件=3329(簿2260/增量0) 距上次WS=0.0s] [TWAP#198 age=0s]
[01:13:44] t+  225s  TWAP=77154.451 range= 76.275  Up  0.750/ 0.760×365  Down  0.240/ 0.250×147  [盘口=WS 簿龄=0.0s/10s WS事件=3379(簿2294/增量0) 距上次WS=0.0s] [TWAP#200 age=1s]
[01:13:47] t+  227s  TWAP=77150.967 range= 76.275  Up  0.760/ 0.770×30  Down  0.220/ 0.230×314  [盘口=REST 簿龄=无/10s WS事件=3394(簿2304/增量0) 距上次WS=2.6s] [TWAP#203 age=0s]
[01:13:50] t+  230s  TWAP=77148.659 range= 76.275  Up  0.790/ 0.810×21  Down  0.190/ 0.210×5  [盘口=WS 簿龄=0.2s/10s WS事件=3444(簿2338/增量0) 距上次WS=0.1s] [TWAP#205 age=0s]
[01:13:52] t+  232s  TWAP=77146.431 range= 76.275  Up  0.820/ 0.830×131  Down  0.170/ 0.180×72  [盘口=WS 簿龄=0.0s/10s WS事件=3585(簿2438/增量0) 距上次WS=0.0s] [TWAP#207 age=0s]
[01:13:54] t+  234s  TWAP=77145.391 range= 76.275  Up  0.810/ 0.830×334  Down  0.170/ 0.190×10  [盘口=WS 簿龄=0.1s/10s WS事件=3754(簿2552/增量0) 距上次WS=0.1s] [TWAP#208 age=1s]
[01:13:56] t+  236s  TWAP=77142.410 range= 76.275  Up  0.810/ 0.820×114  Down  0.180/ 0.190×46  [盘口=WS 簿龄=0.1s/10s WS事件=3816(簿2594/增量0) 距上次WS=0.0s] [TWAP#210 age=1s]
[01:13:58] t+  238s  TWAP=77140.605 range= 76.275  Up  0.870/ 0.910×85  Down  0.090/ 0.130×614  [盘口=WS 簿龄=0.2s/10s WS事件=3851(簿2618/增量0) 距上次WS=0.2s] [TWAP#213 age=0s]
[01:14:00] 本窗口未入场，进入下一个窗口（1/20）。
[01:14:59] [窗口 2] 起点 1789060500（本地 01:14:59），开始持续监测 …
[01:15:02] 市场: Bitcoin Up or Down - September 10, 1:15PM-1:20PM ET  (minSize=5)
[01:15:05] t+    2s  TWAP=      n/a range=    n/a  Up  0.410/ 0.420×217  Down  0.580/ 0.590×766  [盘口=REST 簿龄=0.3s/10s WS事件=0(簿0/增量0) 距上次WS=从未] [TWAP#0 age=无]
[01:15:07] t+    8s  TWAP=77135.052 range=  0.000  Up  0.410/ 0.420×56  Down  0.580/ 0.590×761  [盘口=WS 簿龄=0.3s/10s WS事件=5(簿4/增量0) 距上次WS=0.3s] [TWAP#1 age=0s]
[01:15:09] t+   10s  TWAP=77134.648 range=  0.404  Up  0.410/ 0.420×856  Down  0.580/ 0.590×5  [盘口=WS 簿龄=0.1s/10s WS事件=27(簿20/增量0) 距上次WS=0.1s] [TWAP#3 age=0s]
[01:15:11] t+   12s  TWAP=77134.490 range=  0.562  Up  0.400/ 0.410×105  Down  0.590/ 0.600×660  [盘口=WS 簿龄=0.7s/10s WS事件=55(簿38/增量0) 距上次WS=0.7s] [TWAP#4 age=1s]
[01:15:13] t+   14s  TWAP=77134.110 range=  0.942  Up  0.420/ 0.430×704  Down  0.570/ 0.580×98  [盘口=WS 簿龄=0.3s/10s WS事件=100(簿68/增量0) 距上次WS=0.2s] [TWAP#7 age=0s]
[01:15:15] t+   16s  TWAP=77133.847 range=  1.205  Up  0.420/ 0.430×410  Down  0.570/ 0.580×159  [盘口=WS 簿龄=1.1s/10s WS事件=106(簿72/增量0) 距上次WS=1.1s] [TWAP#9 age=0s]
[01:15:17] t+   18s  TWAP=77133.655 range=  1.397  Up  0.410/ 0.420×686  Down  0.580/ 0.590×88  [盘口=WS 簿龄=0.5s/10s WS事件=133(簿90/增量0) 距上次WS=0.4s] [TWAP#10 age=1s]
[01:15:19] t+   20s  TWAP=77133.224 range=  1.828  Up  0.410/ 0.420×752  Down  0.580/ 0.590×17  [盘口=WS 簿龄=0.2s/10s WS事件=151(簿102/增量0) 距上次WS=0.1s] [TWAP#12 age=1s]
[01:15:21] t+   22s  TWAP=77132.212 range=  2.840  Up  0.400/ 0.410×1323  Down  0.590/ 0.600×136  [盘口=WS 簿龄=0.6s/10s WS事件=174(簿118/增量0) 距上次WS=0.6s] [TWAP#15 age=0s]
[01:15:23] t+   24s  TWAP=77131.512 range=  3.540  Up  0.410/ 0.420×365  Down  0.580/ 0.590×494  [盘口=WS 簿龄=0.0s/10s WS事件=200(簿136/增量0) 距上次WS=0.0s] [TWAP#17 age=0s]
[01:15:25] t+   26s  TWAP=77130.873 range=  4.179  Up  0.390/ 0.400×785  Down  0.600/ 0.610×103  [盘口=WS 簿龄=0.2s/10s WS事件=243(簿164/增量0) 距上次WS=0.2s] [TWAP#19 age=0s]
[01:15:27] t+   28s  TWAP=77130.212 range=  4.840  Up  0.370/ 0.380×559  Down  0.620/ 0.630×160  [盘口=WS 簿龄=0.2s/10s WS事件=300(簿202/增量0) 距上次WS=0.2s] [TWAP#20 age=0s]
[01:15:29] t+   30s  TWAP=77129.864 range=  5.188  Up  0.360/ 0.370×521  Down  0.630/ 0.640×38  [盘口=WS 簿龄=0.1s/10s WS事件=366(簿246/增量0) 距上次WS=0.0s] [TWAP#22 age=1s]
[01:15:31] t+   32s  TWAP=77128.859 range=  6.192  Up  0.370/ 0.380×5  Down  0.620/ 0.630×500  [盘口=WS 簿龄=0.0s/10s WS事件=412(簿278/增量0) 距上次WS=0.0s] [TWAP#25 age=0s]
[01:15:33] t+   34s  TWAP=77128.121 range=  6.931  Up  0.420/ 0.430×987  Down  0.570/ 0.580×18  [盘口=WS 簿龄=0.1s/10s WS事件=452(簿304/增量0) 距上次WS=0.0s] [TWAP#27 age=0s]
[01:15:35] t+   36s  TWAP=77127.800 range=  7.252  Up  0.410/ 0.420×569  Down  0.580/ 0.590×35  [盘口=WS 簿龄=0.4s/10s WS事件=470(簿316/增量0) 距上次WS=0.3s] [TWAP#28 age=1s]
[01:15:40] t+   38s  TWAP=77126.110 range=  8.942  Up  0.400/ 0.410×709  Down  0.590/ 0.600×86  [盘口=REST 簿龄=无/10s WS事件=470(簿316/增量0) 距上次WS=4.8s] [TWAP#33 age=0s]
[01:15:42] t+   42s  TWAP=77125.897 range=  9.155  Up  0.380/ 0.390×653  Down  0.610/ 0.620×137  [盘口=WS 簿龄=0.2s/10s WS事件=514(簿348/增量0) 距上次WS=0.2s] [TWAP#35 age=1s]
[01:15:44] t+   44s  TWAP=77125.539 range=  9.513  Up  0.380/ 0.390×380  Down  0.610/ 0.620×211  [盘口=WS 簿龄=0.2s/10s WS事件=536(簿362/增量0) 距上次WS=0.2s] [TWAP#37 age=0s]
[01:15:46] t+   46s  TWAP=77125.143 range=  9.909  Up  0.410/ 0.420×175  Down  0.580/ 0.590×375  [盘口=WS 簿龄=0.1s/10s WS事件=595(簿402/增量0) 距上次WS=0.1s] [TWAP#39 age=0s]
[01:15:48] t+   48s  TWAP=77124.656 range= 10.396  Up  0.410/ 0.440×445  Down  0.560/ 0.590×576  [盘口=WS 簿龄=0.2s/10s WS事件=613(簿414/增量0) 距上次WS=0.2s] [TWAP#41 age=1s]
[01:15:50] t+   50s  TWAP=77124.214 range= 10.838  Up  0.430/ 0.440×399  Down  0.560/ 0.570×289  [盘口=WS 簿龄=0.9s/10s WS事件=637(簿430/增量0) 距上次WS=0.9s] [TWAP#43 age=1s]
[01:15:52] t+   52s  TWAP=77123.812 range= 11.240  Up  0.310/ 0.320×194  Down  0.680/ 0.690×509  [盘口=WS 簿龄=0.3s/10s WS事件=682(簿460/增量0) 距上次WS=0.3s] [TWAP#45 age=0s]
[01:15:54] t+   54s  TWAP=77123.456 range= 11.596  Up  0.320/ 0.330×90  Down  0.670/ 0.680×622  [盘口=WS 簿龄=0.1s/10s WS事件=700(簿472/增量0) 距上次WS=0.1s] [TWAP#47 age=0s]
[01:15:56] t+   56s  TWAP=77123.116 range= 11.936  Up  0.360/ 0.370×122  Down  0.630/ 0.640×540  [盘口=WS 簿龄=0.9s/10s WS事件=724(簿488/增量0) 距上次WS=0.9s] [TWAP#49 age=0s]
[01:15:58] t+   58s  TWAP=77122.843 range= 12.209  Up  0.380/ 0.390×1  Down  0.610/ 0.620×507  [盘口=WS 簿龄=0.9s/10s WS事件=760(簿514/增量0) 距上次WS=0.9s] [TWAP#50 age=2s]
[01:16:00] t+   60s  TWAP=77121.989 range= 13.063  Up  0.390/ 0.400×165  Down  0.600/ 0.610×482  [盘口=WS 簿龄=1.1s/10s WS事件=772(簿522/增量0) 距上次WS=1.1s] [TWAP#53 age=0s]
[01:16:02] t+   62s  TWAP=77121.516 range= 13.536  Up  0.520/ 0.550×45  Down  0.450/ 0.480×158  [盘口=WS 簿龄=0.0s/10s WS事件=855(簿580/增量0) 距上次WS=0.0s] [TWAP#55 age=0s]
[01:16:04] t+   64s  TWAP=77121.084 range= 13.968  Up  0.450/ 0.480×69  Down  0.520/ 0.550×75  [盘口=WS 簿龄=0.1s/10s WS事件=983(簿668/增量0) 距上次WS=0.1s] [TWAP#57 age=0s]
[01:16:06] t+   66s  TWAP=77120.870 range= 14.182  Up  0.440/ 0.450×85  Down  0.550/ 0.560×492  [盘口=WS 簿龄=0.3s/10s WS事件=1059(簿718/增量0) 距上次WS=0.3s] [TWAP#58 age=1s]
[01:16:08] t+   68s  TWAP=77121.018 range= 14.403  Up  0.460/ 0.470×263  Down  0.530/ 0.540×466  [盘口=WS 簿龄=0.0s/10s WS事件=1094(簿742/增量0) 距上次WS=0.0s] [TWAP#61 age=1s]
[01:16:10] t+   70s  TWAP=77121.302 range= 14.403  Up  0.490/ 0.500×75  Down  0.500/ 0.510×724  [盘口=WS 簿龄=0.2s/10s WS事件=1131(簿768/增量0) 距上次WS=0.1s] [TWAP#63 age=1s]
[01:16:12] t+   72s  TWAP=77121.570 range= 14.403  Up  0.430/ 0.440×538  Down  0.560/ 0.570×126  [盘口=WS 簿龄=0.3s/10s WS事件=1167(簿792/增量0) 距上次WS=0.3s] [TWAP#65 age=0s]
[01:16:14] t+   74s  TWAP=77121.844 range= 14.403  Up  0.430/ 0.440×25  Down  0.560/ 0.570×445  [盘口=WS 簿龄=1.1s/10s WS事件=1188(簿806/增量0) 距上次WS=1.0s] [TWAP#67 age=0s]
[01:16:16] t+   76s  TWAP=77122.318 range= 14.403  Up  0.470/ 0.480×113  Down  0.520/ 0.530×280  [盘口=WS 簿龄=0.2s/10s WS事件=1215(簿824/增量0) 距上次WS=0.2s] [TWAP#69 age=0s]
[01:16:16] [入场检查] … Up ask= 0.480 ≥ 0.30，观察
[01:16:18] t+   78s  TWAP=77122.463 range= 14.403  Up  0.470/ 0.480×246  Down  0.520/ 0.530×239  [盘口=WS 簿龄=0.1s/10s WS事件=1230(簿834/增量0) 距上次WS=0.1s] [TWAP#70 age=1s]
[01:16:20] t+   80s  TWAP=77122.746 range= 14.403  Up  0.370/ 0.380×70  Down  0.620/ 0.630×98  [盘口=WS 簿龄=0.4s/10s WS事件=1268(簿860/增量0) 距上次WS=0.4s] [TWAP#72 age=1s]
[01:16:20] [入场检查] … Up ask= 0.380 ≥ 0.30，观察
[01:16:22] t+   82s  TWAP=77123.082 range= 14.403  Up  0.360/ 0.370×22  Down  0.630/ 0.640×685  [盘口=WS 簿龄=0.1s/10s WS事件=1321(簿896/增量0) 距上次WS=0.0s] [TWAP#74 age=0s]
[01:16:22] [入场检查] … Up ask= 0.370 ≥ 0.30，观察
[01:16:24] t+   84s  TWAP=77123.244 range= 14.403  Up  0.420/ 0.430×15  Down  0.570/ 0.580×471  [盘口=WS 簿龄=0.1s/10s WS事件=1370(簿930/增量0) 距上次WS=0.1s] [TWAP#75 age=1s]
[01:16:24] [入场检查] … Up ask= 0.430 ≥ 0.30，观察
[01:16:26] t+   86s  TWAP=77123.389 range= 14.403  Up  0.460/ 0.470×531  Down  0.530/ 0.540×18  [盘口=WS 簿龄=0.4s/10s WS事件=1406(簿954/增量0) 距上次WS=0.4s] [TWAP#77 age=1s]
[01:16:26] [入场检查] … Up ask= 0.470 ≥ 0.30，观察
[01:16:28] t+   88s  TWAP=77123.420 range= 14.403  Up  0.430/ 0.440×345  Down  0.560/ 0.570×85  [盘口=WS 簿龄=0.5s/10s WS事件=1444(簿980/增量0) 距上次WS=0.3s] [TWAP#79 age=1s]
[01:16:28] [入场检查] … Up ask= 0.440 ≥ 0.30，观察
[01:16:30] t+   90s  TWAP=77123.488 range= 14.403  Up  0.440/ 0.450×51  Down  0.550/ 0.560×977  [盘口=WS 簿龄=0.2s/10s WS事件=1471(簿998/增量0) 距上次WS=0.2s] [TWAP#81 age=0s]
[01:16:30] [入场检查] … Up ask= 0.450 ≥ 0.30，观察
[01:16:32] t+   92s  TWAP=77123.728 range= 14.403  Up  0.430/ 0.440×229  Down  0.560/ 0.570×226  [盘口=WS 簿龄=0.5s/10s WS事件=1501(簿1018/增量0) 距上次WS=0.5s] [TWAP#83 age=0s]
[01:16:32] [入场检查] … Up ask= 0.440 ≥ 0.30，观察
[01:16:34] t+   94s  TWAP=77123.851 range= 14.403  Up  0.380/ 0.390×155  Down  0.610/ 0.620×474  [盘口=WS 簿龄=0.1s/10s WS事件=1533(簿1042/增量0) 距上次WS=0.1s] [TWAP#84 age=1s]
[01:16:34] [入场检查] … Up ask= 0.390 ≥ 0.30，观察
[01:16:36] t+   96s  TWAP=77124.201 range= 14.403  Up  0.390/ 0.400×80  Down  0.600/ 0.610×492  [盘口=WS 簿龄=0.1s/10s WS事件=1548(簿1052/增量0) 距上次WS=0.1s] [TWAP#86 age=1s]
[01:16:36] [入场检查] … Up ask= 0.400 ≥ 0.30，观察
[01:16:39] t+   98s  TWAP=77124.310 range= 14.403  Up  0.400/ 0.410×155  Down  0.590/ 0.600×361  [盘口=REST 簿龄=无/10s WS事件=1554(簿1056/增量0) 距上次WS=2.5s] [TWAP#89 age=0s]
[01:16:39] [入场检查] … Up ask= 0.410 ≥ 0.30，观察
[01:16:41] t+  101s  TWAP=77124.345 range= 14.403  Up  0.380/ 0.390×59  Down  0.610/ 0.620×344  [盘口=WS 簿龄=0.0s/10s WS事件=1579(簿1074/增量0) 距上次WS=0.0s] [TWAP#91 age=0s]
[01:16:41] [入场检查] … Up ask= 0.390 ≥ 0.30，观察
[01:16:43] t+  103s  TWAP=77124.293 range= 14.403  Up  0.300/ 0.330×80  Down  0.670/ 0.700×143  [盘口=WS 簿龄=0.0s/10s WS事件=1603(簿1092/增量0) 距上次WS=0.0s] [TWAP#92 age=1s]
[01:16:43] [入场检查] … Up ask= 0.330 ≥ 0.30，观察
[01:16:45] t+  105s  TWAP=77124.262 range= 14.403  Up  0.240/ 0.250×298  Down  0.750/ 0.760×340  [盘口=WS 簿龄=0.2s/10s WS事件=1684(簿1146/增量0) 距上次WS=0.2s] [TWAP#94 age=0s]
[01:16:45] [入场检查] ✅ Up ask= 0.250（档深298份） 波动$14.40 → 买 8 份 ≈ $2.00，止盈  0.650
[01:16:46] 买单: FAILED PolyApiException: PolyApiException[status_code=400, error_message={'error': "order couldn't be fully filled. FOK orders are fully filled or killed.", 'orderID': '0x4138f033089a848d4f842f666a85ce5eda61e4520460aaf9b88ba8df4c96e997'}]
[01:16:46] FOK 未成交，本窗口放弃。
[01:16:46] 本窗口未入场，进入下一个窗口（2/20）。
[01:19:59] [窗口 3] 起点 1789060800（本地 01:19:59），开始持续监测 …
[01:19:59] 市场: Bitcoin Up or Down - September 10, 1:20PM-1:25PM ET  (minSize=5)
[01:20:01] t+   -0s  TWAP=      n/a range=    n/a  Up  0.610/ 0.620×23  Down  0.380/ 0.390×118  [盘口=REST 簿龄=0.5s/10s WS事件=0(簿0/增量0) 距上次WS=从未] [TWAP#0 age=无]
[01:20:03] t+    3s  TWAP=77111.632 range=  0.348  Up  0.640/ 0.650×788  Down  0.350/ 0.360×45  [盘口=WS 簿龄=0.2s/10s WS事件=29(簿20/增量0) 距上次WS=0.2s] [TWAP#2 age=0s]
[01:20:05] t+    5s  TWAP=77112.344 range=  1.060  Up  0.640/ 0.650×785  Down  0.350/ 0.360×179  [盘口=WS 簿龄=1.1s/10s WS事件=41(簿28/增量0) 距上次WS=1.1s] [TWAP#4 age=1s]
[01:20:07] t+    7s  TWAP=77112.704 range=  1.420  Up  0.530/ 0.540×741  Down  0.460/ 0.470×65  [盘口=WS 簿龄=0.0s/10s WS事件=110(簿76/增量0) 距上次WS=0.0s] [TWAP#5 age=1s]
[01:20:09] t+    9s  TWAP=77113.398 range=  2.114  Up  0.480/ 0.500×150  Down  0.500/ 0.520×14  [盘口=WS 簿龄=0.0s/10s WS事件=171(簿118/增量0) 距上次WS=0.0s] [TWAP#7 age=1s]
[01:20:11] t+   11s  TWAP=77114.374 range=  3.090  Up  0.480/ 0.490×480  Down  0.510/ 0.520×73  [盘口=WS 簿龄=0.0s/10s WS事件=207(簿142/增量0) 距上次WS=0.0s] [TWAP#10 age=0s]
[01:20:13] t+   13s  TWAP=77114.554 range=  3.271  Up  0.410/ 0.420×225  Down  0.580/ 0.590×334  [盘口=WS 簿龄=0.4s/10s WS事件=279(簿190/增量0) 距上次WS=0.3s] [TWAP#11 age=1s]
[01:20:15] t+   15s  TWAP=77114.996 range=  3.712  Up  0.410/ 0.420×614  Down  0.580/ 0.590×78  [盘口=WS 簿龄=0.3s/10s WS事件=309(簿210/增量0) 距上次WS=0.3s] [TWAP#13 age=1s]
[01:20:17] t+   17s  TWAP=77115.065 range=  3.783  Up  0.380/ 0.390×537  Down  0.610/ 0.620×209  [盘口=WS 簿龄=0.2s/10s WS事件=336(簿228/增量0) 距上次WS=0.2s] [TWAP#15 age=1s]
[01:20:19] t+   19s  TWAP=77114.938 range=  3.783  Up  0.330/ 0.340×404  Down  0.660/ 0.670×242  [盘口=WS 簿龄=0.0s/10s WS事件=386(簿262/增量0) 距上次WS=0.0s] [TWAP#18 age=0s]
[01:20:21] t+   21s  TWAP=77114.813 range=  3.783  Up  0.570/ 0.580×127  Down  0.420/ 0.430×5  [盘口=WS 簿龄=0.1s/10s WS事件=534(簿366/增量0) 距上次WS=0.0s] [TWAP#19 age=1s]
[01:20:23] t+   23s  TWAP=77114.056 range=  3.783  Up  0.500/ 0.510×11  Down  0.490/ 0.500×1691  [盘口=WS 簿龄=0.1s/10s WS事件=633(簿432/增量0) 距上次WS=0.0s] [TWAP#22 age=0s]
[01:20:25] t+   25s  TWAP=77114.226 range=  3.783  Up  0.510/ 0.520×713  Down  0.480/ 0.490×176  [盘口=WS 簿龄=0.0s/10s WS事件=680(簿464/增量0) 距上次WS=0.0s] [TWAP#24 age=0s]
[01:20:27] t+   27s  TWAP=77114.320 range=  3.783  Up  0.460/ 0.470×103  Down  0.530/ 0.540×926  [盘口=WS 簿龄=0.0s/10s WS事件=722(簿492/增量0) 距上次WS=0.0s] [TWAP#25 age=2s]
[01:20:29] t+   29s  TWAP=77114.807 range=  3.783  Up  0.460/ 0.470×622  Down  0.530/ 0.540×11  [盘口=WS 簿龄=0.6s/10s WS事件=761(簿518/增量0) 距上次WS=0.5s] [TWAP#28 age=0s]
[01:20:31] t+   31s  TWAP=77115.013 range=  3.783  Up  0.490/ 0.500×33  Down  0.500/ 0.510×759  [盘口=WS 簿龄=0.3s/10s WS事件=806(簿548/增量0) 距上次WS=0.1s] [TWAP#30 age=0s]
[01:20:33] t+   33s  TWAP=77115.051 range=  3.783  Up  0.490/ 0.500×126  Down  0.500/ 0.510×426  [盘口=WS 簿龄=0.3s/10s WS事件=839(簿570/增量0) 距上次WS=0.2s] [TWAP#32 age=1s]
[01:20:35] t+   35s  TWAP=77115.061 range=  3.783  Up  0.470/ 0.480×665  Down  0.520/ 0.530×40  [盘口=WS 簿龄=0.0s/10s WS事件=870(簿592/增量0) 距上次WS=0.0s] [TWAP#34 age=1s]
[01:20:37] t+   37s  TWAP=77115.109 range=  3.825  Up  0.470/ 0.480×591  Down  0.520/ 0.530×109  [盘口=WS 簿龄=0.1s/10s WS事件=880(簿598/增量0) 距上次WS=0.1s] [TWAP#36 age=1s]
[01:20:39] t+   39s  TWAP=77115.153 range=  3.869  Up  0.460/ 0.470×530  Down  0.530/ 0.540×68  [盘口=WS 簿龄=0.2s/10s WS事件=916(簿624/增量0) 距上次WS=0.1s] [TWAP#38 age=1s]
[01:20:41] t+   41s  TWAP=77115.161 range=  3.877  Up  0.490/ 0.500×18  Down  0.500/ 0.510×645  [盘口=WS 簿龄=0.2s/10s WS事件=934(簿636/增量0) 距上次WS=0.2s] [TWAP#40 age=0s]
[01:20:43] t+   43s  TWAP=77115.168 range=  3.884  Up  0.730/ 0.740×71  Down  0.260/ 0.270×514  [盘口=WS 簿龄=0.1s/10s WS事件=1018(簿694/增量0) 距上次WS=0.1s] [TWAP#42 age=0s]
[01:20:45] t+   45s  TWAP=77115.089 range=  3.884  Up  0.760/ 0.770×85  Down  0.230/ 0.240×255  [盘口=WS 簿龄=0.1s/10s WS事件=1131(簿774/增量0) 距上次WS=0.0s] [TWAP#44 age=0s]
[01:20:47] t+   47s  TWAP=77115.076 range=  3.884  Up  0.760/ 0.770×127  Down  0.230/ 0.240×132  [盘口=WS 簿龄=0.1s/10s WS事件=1215(簿831/增量0) 距上次WS=0.0s] [TWAP#45 age=1s]
[01:20:49] t+   49s  TWAP=77116.451 range=  5.167  Up  0.760/ 0.770×43  Down  0.230/ 0.240×768  [盘口=WS 簿龄=0.0s/10s WS事件=1277(簿874/增量0) 距上次WS=0.0s] [TWAP#48 age=0s]
[01:20:51] t+   51s  TWAP=77117.903 range=  6.619  Up  0.810/ 0.820×206  Down  0.180/ 0.190×670  [盘口=WS 簿龄=0.0s/10s WS事件=1361(簿931/增量0) 距上次WS=0.0s] [TWAP#50 age=1s]
[01:20:53] t+   53s  TWAP=77119.046 range=  7.763  Up  0.810/ 0.820×15  Down  0.180/ 0.190×558  [盘口=WS 簿龄=0.0s/10s WS事件=1447(簿990/增量0) 距上次WS=0.0s] [TWAP#52 age=0s]
[01:20:55] t+   55s  TWAP=77120.379 range=  9.095  Up  0.830/ 0.840×254  Down  0.160/ 0.170×1219  [盘口=WS 簿龄=0.0s/10s WS事件=1531(簿1048/增量0) 距上次WS=0.0s] [TWAP#54 age=1s]
[01:20:57] t+   57s  TWAP=77122.665 range= 11.381  Up  0.830/ 0.840×578  Down  0.160/ 0.170×489  [盘口=WS 簿龄=0.0s/10s WS事件=1579(簿1080/增量0) 距上次WS=0.0s] [TWAP#56 age=1s]
[01:20:59] t+   59s  TWAP=77124.496 range= 13.212  Up  0.850/ 0.860×262  Down  0.140/ 0.150×157  [盘口=WS 簿龄=0.1s/10s WS事件=1635(簿1118/增量0) 距上次WS=0.0s] [TWAP#58 age=1s]
[01:21:01] t+   61s  TWAP=77125.423 range= 14.139  Up  0.850/ 0.860×387  Down  0.140/ 0.150×915  [盘口=WS 簿龄=0.9s/10s WS事件=1653(簿1130/增量0) 距上次WS=0.9s] [TWAP#60 age=0s]
[01:21:03] t+   63s  TWAP=77126.295 range= 15.012  Up  0.840/ 0.850×14  Down  0.150/ 0.160×1169  [盘口=WS 簿龄=1.2s/10s WS事件=1689(簿1154/增量0) 距上次WS=1.2s] [TWAP#61 age=2s]
[01:21:05] t+   65s  TWAP=77129.019 range= 17.735  Up  0.900/ 0.910×230  Down  0.090/ 0.100×575  [盘口=WS 簿龄=0.1s/10s WS事件=1760(簿1202/增量0) 距上次WS=0.1s] [TWAP#64 age=0s]
[01:21:07] t+   67s  TWAP=77130.816 range= 19.532  Up  0.900/ 0.910×56  Down  0.090/ 0.100×849  [盘口=WS 簿龄=0.1s/10s WS事件=1802(簿1230/增量0) 距上次WS=0.0s] [TWAP#66 age=1s]
[01:21:09] t+   69s  TWAP=77132.651 range= 21.367  Up  0.900/ 0.910×133  Down  0.090/ 0.100×647  [盘口=WS 簿龄=0.1s/10s WS事件=1833(簿1252/增量0) 距上次WS=0.0s] [TWAP#68 age=1s]
[01:21:11] t+   71s  TWAP=77135.088 range= 23.804  Up  0.900/ 0.920×1178  Down  0.080/ 0.100×153  [盘口=WS 簿龄=0.2s/10s WS事件=1868(簿1276/增量0) 距上次WS=0.2s] [TWAP#70 age=0s]
[01:21:13] t+   73s  TWAP=77137.967 range= 26.683  Up  0.910/ 0.920×721  Down  0.080/ 0.090×80  [盘口=WS 簿龄=0.0s/10s WS事件=1918(簿1308/增量0) 距上次WS=0.0s] [TWAP#72 age=1s]
[01:21:15] t+   75s  TWAP=77142.504 range= 31.221  Up  0.900/ 0.910×166  Down  0.090/ 0.100×325  [盘口=WS 簿龄=0.0s/10s WS事件=1941(簿1324/增量0) 距上次WS=0.0s] [TWAP#75 age=0s]
[01:21:15] [入场检查] ❌ 波动 $31.22 ≥ $30，放弃。
[01:21:17] t+   77s  TWAP=77144.097 range= 32.813  Up  0.890/ 0.900×72  Down  0.100/ 0.110×32  [盘口=WS 簿龄=0.2s/10s WS事件=1990(簿1356/增量0) 距上次WS=0.1s] [TWAP#76 age=1s]
[01:21:19] t+   79s  TWAP=77147.352 range= 36.069  Up  0.840/ 0.850×516  Down  0.150/ 0.160×29  [盘口=WS 簿龄=0.0s/10s WS事件=2045(簿1394/增量0) 距上次WS=0.0s] [TWAP#78 age=1s]
[01:21:21] t+   81s  TWAP=77148.973 range= 37.689  Up  0.890/ 0.910×136  Down  0.090/ 0.110×930  [盘口=WS 簿龄=0.0s/10s WS事件=2117(簿1442/增量0) 距上次WS=0.0s] [TWAP#79 age=2s]
[01:21:23] t+   83s  TWAP=77155.629 range= 44.346  Up  0.900/ 0.910×446  Down  0.090/ 0.100×185  [盘口=WS 簿龄=0.3s/10s WS事件=2136(簿1454/增量0) 距上次WS=0.3s] [TWAP#81 age=1s]
[01:21:25] t+   85s  TWAP=77155.629 range= 44.346  Up  0.910/ 0.920×220  Down  0.080/ 0.090×402  [盘口=WS 簿龄=0.2s/10s WS事件=2148(簿1462/增量0) 距上次WS=0.2s] [TWAP#82 age=2s]
[01:21:27] t+   87s  TWAP=77159.120 range= 47.836  Up  0.920/ 0.930×35  Down  0.070/ 0.080×885  [盘口=WS 簿龄=0.3s/10s WS事件=2182(簿1486/增量0) 距上次WS=0.3s] [TWAP#85 age=1s]
[01:21:29] t+   89s  TWAP=77161.706 range= 50.423  Up  0.920/ 0.930×28  Down  0.070/ 0.080×864  [盘口=WS 簿龄=0.3s/10s WS事件=2200(簿1498/增量0) 距上次WS=0.2s] [TWAP#87 age=0s]
[01:21:31] t+   91s  TWAP=77164.387 range= 53.103  Up  0.920/ 0.930×88  Down  0.070/ 0.080×593  [盘口=WS 簿龄=0.8s/10s WS事件=2215(簿1508/增量0) 距上次WS=0.8s] [TWAP#89 age=0s]
[01:21:33] t+   93s  TWAP=77167.376 range= 56.092  Up  0.920/ 0.930×140  Down  0.070/ 0.080×349  [盘口=WS 簿龄=0.4s/10s WS事件=2227(簿1516/增量0) 距上次WS=0.4s] [TWAP#91 age=1s]
[01:21:35] t+   95s  TWAP=77170.509 range= 59.226  Up  0.920/ 0.930×105  Down  0.070/ 0.080×624  [盘口=WS 簿龄=0.7s/10s WS事件=2239(簿1524/增量0) 距上次WS=0.6s] [TWAP#93 age=1s]
[01:21:37] t+   97s  TWAP=77174.967 range= 63.683  Up  0.920/ 0.930×203  Down  0.070/ 0.080×469  [盘口=WS 簿龄=1.1s/10s WS事件=2254(簿1534/增量0) 距上次WS=1.1s] [TWAP#95 age=0s]
[01:21:39] t+   99s  TWAP=77176.456 range= 65.172  Up  0.920/ 0.930×228  Down  0.070/ 0.080×593  [盘口=WS 簿龄=1.3s/10s WS事件=2257(簿1536/增量0) 距上次WS=1.3s] [TWAP#97 age=1s]
[01:21:41] t+  101s  TWAP=77176.456 range= 65.172  Up  0.930/ 0.940×356  Down  0.060/ 0.070×550  [盘口=WS 簿龄=1.1s/10s WS事件=2269(簿1544/增量0) 距上次WS=1.1s] [TWAP#97 age=3s]
[01:21:43] t+  103s  TWAP=77182.397 range= 71.113  Up  0.920/ 0.930×186  Down  0.070/ 0.080×816  [盘口=WS 簿龄=0.7s/10s WS事件=2275(簿1548/增量0) 距上次WS=0.5s] [TWAP#99 age=1s]
[01:21:45] t+  105s  TWAP=77185.392 range= 74.108  Up  0.940/ 0.950×410  Down  0.050/ 0.060×482  [盘口=WS 簿龄=0.0s/10s WS事件=2305(簿1568/增量0) 距上次WS=0.0s] [TWAP#101 age=1s]
[01:21:47] t+  107s  TWAP=77188.329 range= 77.045  Up  0.940/ 0.950×531  Down  0.050/ 0.060×426  [盘口=WS 簿龄=0.3s/10s WS事件=2322(簿1580/增量0) 距上次WS=0.3s] [TWAP#103 age=1s]
[01:21:49] t+  109s  TWAP=77189.906 range= 78.622  Up  0.940/ 0.950×360  Down  0.050/ 0.060×449  [盘口=WS 簿龄=0.1s/10s WS事件=2337(簿1590/增量0) 距上次WS=0.1s] [TWAP#105 age=1s]
[01:21:51] t+  111s  TWAP=77192.010 range= 80.726  Up  0.940/ 0.950×590  Down  0.050/ 0.060×60  [盘口=WS 簿龄=0.6s/10s WS事件=2347(簿1596/增量0) 距上次WS=0.5s] [TWAP#107 age=0s]
[01:21:53] t+  113s  TWAP=77192.708 range= 81.424  Up  0.940/ 0.950×642  Down  0.050/ 0.060×133  [盘口=WS 簿龄=0.4s/10s WS事件=2365(簿1608/增量0) 距上次WS=0.4s] [TWAP#109 age=0s]
[01:21:55] t+  115s  TWAP=77193.944 range= 82.660  Up  0.940/ 0.950×654  Down  0.050/ 0.060×116  [盘口=WS 簿龄=0.1s/10s WS事件=2377(簿1616/增量0) 距上次WS=0.1s] [TWAP#111 age=0s]
[01:21:57] t+  117s  TWAP=77194.995 range= 83.711  Up  0.940/ 0.950×259  Down  0.050/ 0.060×472  [盘口=WS 簿龄=0.3s/10s WS事件=2398(簿1630/增量0) 距上次WS=0.2s] [TWAP#113 age=1s]
[01:21:59] t+  119s  TWAP=77195.959 range= 84.675  Up  0.940/ 0.950×602  Down  0.050/ 0.060×161  [盘口=WS 簿龄=0.3s/10s WS事件=2410(簿1638/增量0) 距上次WS=0.2s] [TWAP#115 age=1s]
[01:22:01] t+  121s  TWAP=77196.531 range= 85.247  Up  0.930/ 0.940×12  Down  0.060/ 0.070×531  [盘口=WS 簿龄=0.0s/10s WS事件=2440(簿1658/增量0) 距上次WS=0.0s] [TWAP#116 age=0s]
[01:22:03] t+  124s  TWAP=77197.106 range= 85.823  Up  0.940/ 0.950×2  Down  0.050/ 0.060×500  [盘口=WS 簿龄=0.0s/10s WS事件=2455(簿1668/增量0) 距上次WS=0.0s] [TWAP#118 age=0s]
[01:22:06] t+  126s  TWAP=77197.638 range= 86.354  Up  0.950/ 0.960×270  Down  0.040/ 0.050×628  [盘口=REST 簿龄=无/10s WS事件=2455(簿1668/增量0) 距上次WS=2.9s] [TWAP#122 age=0s]
[01:22:08] t+  128s  TWAP=77197.976 range= 86.692  Up  0.960/ 0.970×748  Down  0.030/ 0.040×763  [盘口=WS 簿龄=0.7s/10s WS事件=2463(簿1674/增量0) 距上次WS=0.7s] [TWAP#123 age=1s]
[01:22:10] t+  130s  TWAP=77197.965 range= 86.692  Up  0.960/ 0.970×935  Down  0.030/ 0.040×357  [盘口=WS 簿龄=0.1s/10s WS事件=2472(簿1680/增量0) 距上次WS=0.1s] [TWAP#125 age=0s]
[01:22:12] t+  132s  TWAP=77197.863 range= 86.692  Up  0.960/ 0.970×1355  Down  0.030/ 0.040×53  [盘口=WS 簿龄=0.1s/10s WS事件=2485(簿1690/增量0) 距上次WS=0.0s] [TWAP#127 age=1s]
[01:22:14] t+  134s  TWAP=77197.768 range= 86.692  Up  0.960/ 0.970×909  Down  0.030/ 0.040×365  [盘口=WS 簿龄=0.1s/10s WS事件=2502(簿1700/增量0) 距上次WS=0.0s] [TWAP#129 age=0s]
[01:22:16] t+  136s  TWAP=77197.749 range= 86.692  Up  0.960/ 0.970×588  Down  0.030/ 0.040×538  [盘口=WS 簿龄=0.8s/10s WS事件=2513(簿1708/增量0) 距上次WS=0.7s] [TWAP#131 age=1s]
[01:22:18] t+  138s  TWAP=77197.751 range= 86.692  Up  0.960/ 0.970×272  Down  0.030/ 0.040×782  [盘口=WS 簿龄=0.3s/10s WS事件=2534(簿1722/增量0) 距上次WS=0.3s] [TWAP#133 age=0s]
[01:22:20] t+  140s  TWAP=77197.908 range= 86.692  Up  0.960/ 0.970×347  Down  0.030/ 0.040×650  [盘口=WS 簿龄=1.1s/10s WS事件=2546(簿1730/增量0) 距上次WS=1.1s] [TWAP#135 age=1s]
[01:22:22] t+  142s  TWAP=77198.283 range= 86.999  Up  0.960/ 0.970×654  Down  0.030/ 0.040×54  [盘口=WS 簿龄=1.2s/10s WS事件=2558(簿1738/增量0) 距上次WS=1.2s] [TWAP#137 age=0s]
[01:22:24] t+  144s  TWAP=77198.720 range= 87.436  Up  0.960/ 0.970×639  Down  0.030/ 0.040×58  [盘口=WS 簿龄=0.3s/10s WS事件=2564(簿1742/增量0) 距上次WS=0.2s] [TWAP#139 age=1s]
[01:22:26] t+  146s  TWAP=77199.452 range= 88.168  Up  0.960/ 0.970×468  Down  0.030/ 0.040×147  [盘口=WS 簿龄=0.2s/10s WS事件=2576(簿1750/增量0) 距上次WS=0.2s] [TWAP#141 age=1s]
[01:22:28] t+  148s  TWAP=77199.878 range= 88.595  Up  0.960/ 0.970×378  Down  0.030/ 0.040×236  [盘口=WS 簿龄=0.8s/10s WS事件=2582(簿1754/增量0) 距上次WS=0.8s] [TWAP#143 age=1s]
[01:22:30] t+  151s  TWAP=77200.250 range= 88.966  Up  0.960/ 0.970×352  Down  0.030/ 0.040×228  [盘口=WS 簿龄=0.1s/10s WS事件=2597(簿1764/增量0) 距上次WS=0.0s] [TWAP#145 age=1s]
[01:22:32] t+  153s  TWAP=77200.539 range= 89.255  Up  0.950/ 0.960×645  Down  0.040/ 0.050×147  [盘口=WS 簿龄=0.1s/10s WS事件=2620(簿1780/增量0) 距上次WS=0.0s] [TWAP#147 age=1s]
[01:22:34] t+  155s  TWAP=77200.512 range= 89.255  Up  0.950/ 0.960×555  Down  0.040/ 0.050×213  [盘口=WS 簿龄=1.8s/10s WS事件=2626(簿1784/增量0) 距上次WS=1.7s] [TWAP#149 age=1s]
[01:22:36] t+  157s  TWAP=77200.545 range= 89.261  Up  0.970/ 0.980×1440  Down  0.020/ 0.030×67  [盘口=WS 簿龄=1.2s/10s WS事件=2632(簿1788/增量0) 距上次WS=1.2s] [TWAP#151 age=1s]
[01:22:38] t+  159s  TWAP=77200.356 range= 89.261  Up  0.970/ 0.980×1021  Down  0.020/ 0.030×1189  [盘口=WS 簿龄=1.1s/10s WS事件=2641(簿1794/增量0) 距上次WS=1.1s] [TWAP#153 age=1s]
[01:22:40] t+  161s  TWAP=77200.090 range= 89.261  Up  0.970/ 0.980×889  Down  0.020/ 0.030×552  [盘口=WS 簿龄=0.4s/10s WS事件=2656(簿1804/增量0) 距上次WS=0.3s] [TWAP#154 age=0s]
[01:22:42] t+  163s  TWAP=77200.074 range= 89.261  Up  0.970/ 0.980×1055  Down  0.020/ 0.030×491  [盘口=WS 簿龄=0.3s/10s WS事件=2662(簿1808/增量0) 距上次WS=0.3s] [TWAP#155 age=0s]
[01:22:44] t+  165s  TWAP=77200.364 range= 89.261  Up  0.970/ 0.980×1169  Down  0.020/ 0.030×1074  [盘口=WS 簿龄=0.0s/10s WS事件=2664(簿1810/增量0) 距上次WS=0.0s] [TWAP#157 age=1s]
[01:22:46] t+  167s  TWAP=77200.862 range= 89.578  Up  0.970/ 0.980×1125  Down  0.020/ 0.030×1602  [盘口=WS 簿龄=0.4s/10s WS事件=2674(簿1816/增量0) 距上次WS=0.3s] [TWAP#159 age=0s]
[01:22:48] t+  169s  TWAP=77201.198 range= 89.914  Up  0.970/ 0.980×1051  Down  0.020/ 0.030×2186  [盘口=WS 簿龄=0.5s/10s WS事件=2686(簿1824/增量0) 距上次WS=0.5s] [TWAP#161 age=1s]
[01:22:50] t+  171s  TWAP=77201.347 range= 90.064  Up  0.970/ 0.980×550  Down  0.020/ 0.030×1760  [盘口=WS 簿龄=0.7s/10s WS事件=2704(簿1836/增量0) 距上次WS=0.7s] [TWAP#164 age=0s]
[01:22:52] t+  173s  TWAP=77201.491 range= 90.207  Up  0.970/ 0.980×1402  Down  0.020/ 0.030×261  [盘口=WS 簿龄=0.7s/10s WS事件=2727(簿1852/增量0) 距上次WS=0.7s] [TWAP#165 age=0s]
[01:22:54] t+  175s  TWAP=77201.613 range= 90.329  Up  0.970/ 0.980×1274  Down  0.020/ 0.030×199  [盘口=WS 簿龄=0.3s/10s WS事件=2736(簿1858/增量0) 距上次WS=0.3s] [TWAP#168 age=0s]
[01:22:56] t+  177s  TWAP=77201.631 range= 90.347  Up  0.970/ 0.980×1039  Down  0.020/ 0.030×183  [盘口=WS 簿龄=0.1s/10s WS事件=2751(簿1868/增量0) 距上次WS=0.0s] [TWAP#169 age=1s]
[01:22:58] t+  179s  TWAP=77201.325 range= 90.347  Up  0.970/ 0.980×908  Down  0.020/ 0.030×166  [盘口=WS 簿龄=0.1s/10s WS事件=2769(簿1880/增量0) 距上次WS=0.1s] [TWAP#172 age=0s]
[01:23:00] t+  181s  TWAP=77200.940 range= 90.347  Up  0.970/ 0.980×630  Down  0.020/ 0.030×57  [盘口=WS 簿龄=0.2s/10s WS事件=2784(簿1890/增量0) 距上次WS=0.2s] [TWAP#173 age=0s]
[01:23:02] t+  183s  TWAP=77200.765 range= 90.347  Up  0.970/ 0.980×156  Down  0.020/ 0.030×900  [盘口=WS 簿龄=0.5s/10s WS事件=2811(簿1908/增量0) 距上次WS=0.5s] [TWAP#174 age=1s]
[01:23:04] t+  185s  TWAP=77200.444 range= 90.347  Up  0.970/ 0.980×108  Down  0.020/ 0.030×882  [盘口=WS 簿龄=0.0s/10s WS事件=2832(簿1922/增量0) 距上次WS=0.0s] [TWAP#176 age=0s]
[01:23:06] t+  187s  TWAP=77200.472 range= 90.347  Up  0.970/ 0.980×108  Down  0.020/ 0.030×999  [盘口=WS 簿龄=0.5s/10s WS事件=2835(簿1924/增量0) 距上次WS=0.5s] [TWAP#178 age=1s]
[01:23:08] t+  189s  TWAP=77200.502 range= 90.347  Up  0.970/ 0.980×104  Down  0.020/ 0.030×984  [盘口=WS 簿龄=1.5s/10s WS事件=2838(簿1926/增量0) 距上次WS=1.5s] [TWAP#180 age=1s]
[01:23:10] t+  191s  TWAP=77200.386 range= 90.347  Up  0.970/ 0.980×88  Down  0.020/ 0.030×1189  [盘口=WS 簿龄=0.6s/10s WS事件=2850(簿1934/增量0) 距上次WS=0.6s] [TWAP#182 age=1s]
[01:23:12] t+  193s  TWAP=77200.147 range= 90.347  Up  0.970/ 0.980×95  Down  0.020/ 0.030×1203  [盘口=WS 簿龄=2.0s/10s WS事件=2853(簿1936/增量0) 距上次WS=1.9s] [TWAP#184 age=1s]
[01:23:14] t+  195s  TWAP=77199.647 range= 90.347  Up  0.970/ 0.980×81  Down  0.020/ 0.030×1408  [盘口=WS 簿龄=1.8s/10s WS事件=2856(簿1938/增量0) 距上次WS=1.8s] [TWAP#187 age=0s]
[01:23:16] t+  197s  TWAP=77199.457 range= 90.347  Up  0.980/ 0.990×4366  Down  0.010/ 0.020×354  [盘口=WS 簿龄=0.1s/10s WS事件=2904(簿1970/增量0) 距上次WS=0.0s] [TWAP#188 age=1s]
[01:23:18] t+  199s  TWAP=77198.966 range= 90.347  Up  0.980/ 0.990×4359  Down  0.010/ 0.020×307  [盘口=WS 簿龄=0.5s/10s WS事件=2907(簿1972/增量0) 距上次WS=0.5s] [TWAP#190 age=1s]
[01:23:20] t+  201s  TWAP=77198.767 range= 90.347  Up  0.990/   n/a  Down    n/a/ 0.010×62  [盘口=WS 簿龄=0.1s/10s WS事件=2945(簿1998/增量0) 距上次WS=0.1s] [TWAP#192 age=1s]
[01:23:22] t+  203s  TWAP=77198.341 range= 90.347  Up  0.990/   n/a  Down    n/a/ 0.010×3059  [盘口=WS 簿龄=1.1s/10s WS事件=2954(簿2004/增量0) 距上次WS=1.1s] [TWAP#193 age=1s]
[01:23:24] t+  205s  TWAP=77197.726 range= 90.347  Up  0.990/   n/a  Down    n/a/ 0.010×2738  [盘口=WS 簿龄=0.9s/10s WS事件=2963(簿2010/增量0) 距上次WS=0.8s] [TWAP#195 age=0s]
[01:23:26] t+  207s  TWAP=77197.849 range= 90.347  Up  0.990/   n/a  Down    n/a/ 0.010×2738  [盘口=WS 簿龄=2.9s/10s WS事件=2963(簿2010/增量0) 距上次WS=2.8s] [TWAP#196 age=1s]
[01:23:28] t+  209s  TWAP=77197.928 range= 90.347  Up  0.990/   n/a  Down    n/a/ 0.010×2738  [盘口=WS 簿龄=4.9s/10s WS事件=2963(簿2010/增量0) 距上次WS=4.8s] [TWAP#199 age=0s]
[01:23:30] t+  211s  TWAP=77197.931 range= 90.347  Up  0.990/   n/a  Down    n/a/ 0.010×1907  [盘口=WS 簿龄=1.5s/10s WS事件=2966(簿2012/增量0) 距上次WS=1.5s] [TWAP#201 age=0s]
[01:23:32] t+  213s  TWAP=77198.005 range= 90.347  Up  0.990/   n/a  Down    n/a/ 0.010×1907  [盘口=WS 簿龄=3.5s/10s WS事件=2966(簿2012/增量0) 距上次WS=3.5s] [TWAP#202 age=1s]
[01:23:34] t+  215s  TWAP=77198.151 range= 90.347  Up  0.990/   n/a  Down    n/a/ 0.010×1907  [盘口=WS 簿龄=5.5s/10s WS事件=2966(簿2012/增量0) 距上次WS=5.5s] [TWAP#204 age=1s]
[01:23:36] t+  217s  TWAP=77198.400 range= 90.347  Up  0.990/   n/a  Down    n/a/ 0.010×1907  [盘口=WS 簿龄=7.5s/10s WS事件=2966(簿2012/增量0) 距上次WS=7.5s] [TWAP#207 age=1s]
[01:23:38] t+  219s  TWAP=77198.924 range= 90.347  Up  0.990/   n/a  Down    n/a/ 0.010×8765  [盘口=WS 簿龄=0.7s/10s WS事件=2969(簿2014/增量0) 距上次WS=0.7s] [TWAP#209 age=0s]
[01:23:40] t+  221s  TWAP=77199.526 range= 90.347  Up  0.990/   n/a  Down    n/a/ 0.010×8765  [盘口=WS 簿龄=2.7s/10s WS事件=2969(簿2014/增量0) 距上次WS=2.7s] [TWAP#210 age=0s]
[01:23:42] t+  223s  TWAP=77199.679 range= 90.347  Up  0.990/   n/a  Down    n/a/ 0.010×8765  [盘口=WS 簿龄=4.7s/10s WS事件=2969(簿2014/增量0) 距上次WS=4.7s] [TWAP#212 age=0s]
[01:23:44] t+  225s  TWAP=77199.787 range= 90.347  Up  0.990/   n/a  Down    n/a/ 0.010×8765  [盘口=WS 簿龄=6.8s/10s WS事件=2969(簿2014/增量0) 距上次WS=6.7s] [TWAP#214 age=0s]
[01:23:46] t+  227s  TWAP=77199.936 range= 90.347  Up  0.990/   n/a  Down    n/a/ 0.010×13258  [盘口=WS 簿龄=0.4s/10s WS事件=2972(簿2016/增量0) 距上次WS=0.3s] [TWAP#216 age=0s]
[01:23:48] t+  229s  TWAP=77200.008 range= 90.347  Up  0.990/   n/a  Down    n/a/ 0.010×13258  [盘口=WS 簿龄=2.4s/10s WS事件=2972(簿2016/增量0) 距上次WS=2.3s] [TWAP#217 age=1s]
[01:23:50] t+  231s  TWAP=77200.243 range= 90.347  Up  0.990/   n/a  Down    n/a/ 0.010×13258  [盘口=WS 簿龄=4.4s/10s WS事件=2972(簿2016/增量0) 距上次WS=4.3s] [TWAP#219 age=1s]
[01:23:52] t+  233s  TWAP=77200.710 range= 90.347  Up  0.990/   n/a  Down    n/a/ 0.010×13341  [盘口=WS 簿龄=0.3s/10s WS事件=2975(簿2018/增量0) 距上次WS=0.2s] [TWAP#222 age=1s]
[01:23:54] t+  235s  TWAP=77201.057 range= 90.347  Up  0.990/   n/a  Down    n/a/ 0.010×13341  [盘口=WS 簿龄=2.3s/10s WS事件=2975(簿2018/增量0) 距上次WS=2.2s] [TWAP#224 age=0s]
[01:23:56] t+  237s  TWAP=77201.588 range= 90.347  Up  0.990/   n/a  Down    n/a/ 0.010×13341  [盘口=WS 簿龄=4.3s/10s WS事件=2975(簿2018/增量0) 距上次WS=4.2s] [TWAP#226 age=0s]
[01:23:58] t+  239s  TWAP=77202.458 range= 91.174  Up  0.990/   n/a  Down    n/a/ 0.010×13341  [盘口=WS 簿龄=6.3s/10s WS事件=2975(簿2018/增量0) 距上次WS=6.2s] [TWAP#228 age=0s]
[01:24:01] 本窗口未入场，进入下一个窗口（3/20）。
[01:24:59] [窗口 4] 起点 1789061100（本地 01:24:59），开始持续监测 …
[01:25:04] [引导] 第 1 次取市场失败：
[01:25:33] [引导] 第 2 次取市场失败：
[01:25:44] 市场: Bitcoin Up or Down - September 10, 1:25PM-1:30PM ET  (minSize=5)
[01:25:45] t+   45s  TWAP=      n/a range=    n/a  Up  0.310/ 0.320×91  Down  0.680/ 0.690×180  [盘口=REST 簿龄=0.3s/10s WS事件=0(簿0/增量0) 距上次WS=从未] [TWAP#0 age=无]
[01:25:47] t+   48s  TWAP=77251.880 range=  0.000  Up  0.310/ 0.320×124  Down  0.680/ 0.690×157  [盘口=WS 簿龄=0.0s/10s WS事件=15(簿10/增量0) 距上次WS=0.0s] [TWAP#1 age=1s]
[01:25:49] t+   50s  TWAP=77250.284 range=  1.596  Up  0.330/ 0.340×229  Down  0.660/ 0.670×524  [盘口=WS 簿龄=0.1s/10s WS事件=85(簿58/增量0) 距上次WS=0.0s] [TWAP#4 age=0s]
[01:25:51] t+   52s  TWAP=77248.630 range=  3.250  Up  0.330/ 0.340×498  Down  0.660/ 0.670×396  [盘口=WS 簿龄=0.8s/10s WS事件=97(簿66/增量0) 距上次WS=0.8s] [TWAP#6 age=0s]
[01:25:53] t+   54s  TWAP=77247.812 range=  4.067  Up  0.330/ 0.340×208  Down  0.660/ 0.670×517  [盘口=WS 簿龄=0.0s/10s WS事件=118(簿80/增量0) 距上次WS=0.0s] [TWAP#7 age=1s]
[01:25:55] t+   56s  TWAP=77245.354 range=  6.526  Up  0.320/ 0.330×653  Down  0.670/ 0.680×509  [盘口=WS 簿龄=0.5s/10s WS事件=142(簿96/增量0) 距上次WS=0.5s] [TWAP#9 age=1s]
[01:25:57] t+   58s  TWAP=77243.906 range=  7.973  Up  0.320/ 0.330×349  Down  0.670/ 0.680×917  [盘口=WS 簿龄=0.3s/10s WS事件=154(簿104/增量0) 距上次WS=0.2s] [TWAP#11 age=0s]
[01:25:59] t+   60s  TWAP=77242.508 range=  9.372  Up  0.290/ 0.300×266  Down  0.700/ 0.710×851  [盘口=WS 簿龄=0.1s/10s WS事件=199(簿136/增量0) 距上次WS=0.1s] [TWAP#13 age=0s]
[01:26:01] t+   62s  TWAP=77240.122 range= 11.758  Up  0.280/ 0.290×877  Down  0.710/ 0.720×319  [盘口=WS 簿龄=0.0s/10s WS事件=237(簿162/增量0) 距上次WS=0.0s] [TWAP#15 age=0s]
[01:26:03] t+   64s  TWAP=77239.265 range= 12.615  Up  0.260/ 0.270×563  Down  0.730/ 0.740×339  [盘口=WS 簿龄=0.2s/10s WS事件=262(簿178/增量0) 距上次WS=0.2s] [TWAP#17 age=1s]
[01:26:05] t+   66s  TWAP=77238.417 range= 13.463  Up  0.260/ 0.270×593  Down  0.730/ 0.740×16  [盘口=WS 簿龄=1.1s/10s WS事件=283(簿192/增量0) 距上次WS=1.0s] [TWAP#18 age=1s]
[01:26:07] t+   68s  TWAP=77235.398 range= 16.482  Up  0.250/ 0.260×272  Down  0.740/ 0.750×409  [盘口=WS 簿龄=0.4s/10s WS事件=301(簿204/增量0) 距上次WS=0.3s] [TWAP#20 age=1s]
[01:26:09] t+   70s  TWAP=77233.287 range= 18.593  Up  0.260/ 0.270×24  Down  0.730/ 0.740×666  [盘口=WS 簿龄=0.0s/10s WS事件=343(簿232/增量0) 距上次WS=0.0s] [TWAP#23 age=0s]
[01:26:11] t+   72s  TWAP=77231.183 range= 20.697  Up  0.270/ 0.280×41  Down  0.720/ 0.730×493  [盘口=WS 簿龄=0.0s/10s WS事件=373(簿252/增量0) 距上次WS=0.0s] [TWAP#24 age=1s]
[01:26:13] t+   74s  TWAP=77229.041 range= 22.839  Up  0.230/ 0.240×653  Down  0.760/ 0.770×155  [盘口=WS 簿龄=0.0s/10s WS事件=397(簿268/增量0) 距上次WS=0.0s] [TWAP#26 age=1s]
[01:26:15] t+   76s  TWAP=77227.903 range= 23.977  Up  0.230/ 0.240×159  Down  0.760/ 0.770×135  [盘口=WS 簿龄=1.0s/10s WS事件=412(簿278/增量0) 距上次WS=0.9s] [TWAP#28 age=1s]
[01:26:15] [入场检查] ✅ Up ask= 0.240（档深159份） 波动$23.98 → 买 9 份 ≈ $2.16，止盈  0.650
[01:26:16] 买单: SUBMITTED 
[01:26:16] FOK 未成交，本窗口放弃。
[01:26:17] 本窗口未入场，进入下一个窗口（4/20）。
[01:29:59] [窗口 5] 起点 1789061400（本地 01:29:59），开始持续监测 …
[01:30:00] 市场: Bitcoin Up or Down - September 10, 1:30PM-1:35PM ET  (minSize=5)
[01:30:01] t+    0s  TWAP=      n/a range=    n/a  Up  0.460/ 0.470×200  Down  0.530/ 0.540×42  [盘口=REST 簿龄=0.4s/10s WS事件=0(簿0/增量0) 距上次WS=从未] [TWAP#0 age=无]
[01:30:03] t+    3s  TWAP=77288.958 range=  0.000  Up  0.450/ 0.460×698  Down  0.540/ 0.550×135  [盘口=WS 簿龄=0.2s/10s WS事件=22(簿16/增量0) 距上次WS=0.1s] [TWAP#1 age=0s]
[01:30:05] t+    5s  TWAP=77288.849 range=  0.108  Up  0.450/ 0.460×862  Down  0.540/ 0.550×125  [盘口=WS 簿龄=1.0s/10s WS事件=37(簿26/增量0) 距上次WS=0.8s] [TWAP#2 age=1s]
[01:30:07] t+    7s  TWAP=77288.392 range=  0.566  Up  0.440/ 0.450×442  Down  0.550/ 0.560×195  [盘口=WS 簿龄=0.0s/10s WS事件=68(簿48/增量0) 距上次WS=0.0s] [TWAP#4 age=0s]
[01:30:09] t+    9s  TWAP=77288.009 range=  0.949  Up  0.440/ 0.450×242  Down  0.550/ 0.560×236  [盘口=WS 簿龄=0.4s/10s WS事件=100(簿68/增量0) 距上次WS=0.3s] [TWAP#6 age=0s]
[01:30:11] t+   11s  TWAP=77287.635 range=  1.323  Up  0.460/ 0.470×204  Down  0.530/ 0.540×715  [盘口=WS 簿龄=0.1s/10s WS事件=139(簿94/增量0) 距上次WS=0.1s] [TWAP#8 age=0s]
[01:30:13] t+   13s  TWAP=77287.218 range=  1.740  Up  0.460/ 0.470×238  Down  0.530/ 0.540×457  [盘口=WS 簿龄=0.0s/10s WS事件=174(簿118/增量0) 距上次WS=0.0s] [TWAP#10 age=0s]
[01:30:15] t+   15s  TWAP=77286.815 range=  2.143  Up  0.450/ 0.460×1018  Down  0.540/ 0.550×709  [盘口=WS 簿龄=0.5s/10s WS事件=184(簿124/增量0) 距上次WS=0.4s] [TWAP#12 age=0s]
[01:30:17] t+   17s  TWAP=77286.446 range=  2.511  Up  0.450/ 0.460×527  Down  0.540/ 0.550×564  [盘口=WS 簿龄=1.3s/10s WS事件=193(簿130/增量0) 距上次WS=1.2s] [TWAP#14 age=0s]
[01:30:19] t+   19s  TWAP=77286.166 range=  2.792  Up  0.450/ 0.460×469  Down  0.540/ 0.550×216  [盘口=WS 簿龄=0.4s/10s WS事件=217(簿146/增量0) 距上次WS=0.3s] [TWAP#16 age=0s]
[01:30:21] t+   21s  TWAP=77285.874 range=  3.084  Up  0.420/ 0.430×95  Down  0.570/ 0.580×426  [盘口=WS 簿龄=1.0s/10s WS事件=249(簿168/增量0) 距上次WS=1.0s] [TWAP#17 age=1s]
[01:30:23] t+   23s  TWAP=77285.409 range=  3.549  Up  0.430/ 0.440×104  Down  0.560/ 0.570×371  [盘口=WS 簿龄=0.0s/10s WS事件=275(簿186/增量0) 距上次WS=0.0s] [TWAP#19 age=0s]
[01:30:25] t+   25s  TWAP=77285.108 range=  3.849  Up  0.490/ 0.520×647  Down  0.480/ 0.510×56  [盘口=WS 簿龄=0.1s/10s WS事件=342(簿237/增量0) 距上次WS=0.1s] [TWAP#21 age=1s]
[01:30:27] t+   27s  TWAP=77284.605 range=  4.352  Up  0.690/ 0.710×28  Down  0.290/ 0.310×682  [盘口=WS 簿龄=0.1s/10s WS事件=583(簿406/增量0) 距上次WS=0.1s] [TWAP#23 age=0s]
[01:30:29] t+   29s  TWAP=77284.131 range=  4.827  Up  0.670/ 0.680×527  Down  0.320/ 0.330×366  [盘口=WS 簿龄=0.0s/10s WS事件=657(簿456/增量0) 距上次WS=0.0s] [TWAP#25 age=1s]
[01:30:31] t+   31s  TWAP=77284.568 range=  4.827  Up  0.660/ 0.670×573  Down  0.330/ 0.340×265  [盘口=WS 簿龄=0.0s/10s WS事件=709(簿492/增量0) 距上次WS=0.0s] [TWAP#27 age=0s]
[01:30:33] t+   33s  TWAP=77285.148 range=  4.827  Up  0.660/ 0.670×22  Down  0.330/ 0.340×735  [盘口=WS 簿龄=0.0s/10s WS事件=753(簿520/增量0) 距上次WS=0.0s] [TWAP#28 age=0s]
[01:30:35] t+   35s  TWAP=77287.971 range=  4.827  Up  0.680/ 0.690×0  Down  0.310/ 0.320×433  [盘口=WS 簿龄=0.1s/10s WS事件=827(簿572/增量0) 距上次WS=0.1s] [TWAP#31 age=0s]
[01:30:37] t+   37s  TWAP=77288.733 range=  4.827  Up  0.740/ 0.750×351  Down  0.250/ 0.260×379  [盘口=WS 簿龄=0.1s/10s WS事件=920(簿636/增量0) 距上次WS=0.0s] [TWAP#33 age=1s]
[01:30:39] t+   39s  TWAP=77291.029 range=  6.898  Up  0.720/ 0.730×34  Down  0.270/ 0.280×5  [盘口=WS 簿龄=0.0s/10s WS事件=970(簿670/增量0) 距上次WS=0.0s] [TWAP#35 age=0s]
[01:30:41] t+   41s  TWAP=77291.955 range=  7.824  Up  0.720/ 0.730×12  Down  0.270/ 0.280×839  [盘口=WS 簿龄=0.1s/10s WS事件=1070(簿738/增量0) 距上次WS=0.1s] [TWAP#37 age=1s]
[01:30:43] t+   43s  TWAP=77293.905 range=  9.774  Up  0.720/ 0.730×80  Down  0.270/ 0.280×195  [盘口=WS 簿龄=0.2s/10s WS事件=1131(簿780/增量0) 距上次WS=0.2s] [TWAP#39 age=1s]
[01:30:45] t+   45s  TWAP=77295.865 range= 11.734  Up  0.710/ 0.720×72  Down  0.280/ 0.290×223  [盘口=WS 簿龄=0.4s/10s WS事件=1164(簿802/增量0) 距上次WS=0.3s] [TWAP#41 age=0s]
[01:30:47] t+   47s  TWAP=77298.851 range= 14.719  Up  0.650/ 0.670×93  Down  0.330/ 0.350×411  [盘口=WS 簿龄=0.1s/10s WS事件=1223(簿842/增量0) 距上次WS=0.1s] [TWAP#43 age=0s]
[01:30:49] t+   49s  TWAP=77300.747 range= 16.615  Up  0.660/ 0.670×669  Down  0.330/ 0.340×19  [盘口=WS 簿龄=0.0s/10s WS事件=1253(簿862/增量0) 距上次WS=0.0s] [TWAP#46 age=0s]
[01:30:51] t+   51s  TWAP=77301.605 range= 17.474  Up  0.620/ 0.630×81  Down  0.370/ 0.380×222  [盘口=WS 簿龄=0.1s/10s WS事件=1304(簿896/增量0) 距上次WS=0.1s] [TWAP#47 age=0s]
[01:30:53] t+   53s  TWAP=77303.097 range= 18.966  Up  0.630/ 0.640×836  Down  0.360/ 0.370×22  [盘口=WS 簿龄=0.4s/10s WS事件=1322(簿908/增量0) 距上次WS=0.4s] [TWAP#49 age=1s]
[01:30:55] t+   55s  TWAP=77304.541 range= 20.410  Up  0.550/ 0.560×587  Down  0.440/ 0.450×79  [盘口=WS 簿龄=0.3s/10s WS事件=1420(簿974/增量0) 距上次WS=0.2s] [TWAP#51 age=0s]
[01:30:57] t+   57s  TWAP=77305.926 range= 21.795  Up  0.600/ 0.610×10  Down  0.390/ 0.400×536  [盘口=WS 簿龄=0.2s/10s WS事件=1498(簿1028/增量0) 距上次WS=0.2s] [TWAP#53 age=1s]
[01:30:59] t+   59s  TWAP=77307.079 range= 22.948  Up  0.660/ 0.670×238  Down  0.330/ 0.340×280  [盘口=WS 簿龄=0.1s/10s WS事件=1521(簿1044/增量0) 距上次WS=0.0s] [TWAP#54 age=0s]
[01:31:01] t+   61s  TWAP=77307.948 range= 23.816  Up  0.690/ 0.710×109  Down  0.290/ 0.310×10  [盘口=WS 簿龄=0.2s/10s WS事件=1551(簿1064/增量0) 距上次WS=0.1s] [TWAP#56 age=1s]
[01:31:03] t+   63s  TWAP=77309.273 range= 25.142  Up  0.700/ 0.720×121  Down  0.280/ 0.300×410  [盘口=WS 簿龄=0.1s/10s WS事件=1574(簿1080/增量0) 距上次WS=0.1s] [TWAP#58 age=1s]
[01:31:05] t+   65s  TWAP=77310.585 range= 26.454  Up  0.720/ 0.730×825  Down  0.270/ 0.280×61  [盘口=WS 簿龄=0.2s/10s WS事件=1611(簿1104/增量0) 距上次WS=0.2s] [TWAP#60 age=0s]
[01:31:07] t+   67s  TWAP=77312.077 range= 27.946  Up  0.680/ 0.690×180  Down  0.310/ 0.320×57  [盘口=WS 簿龄=0.0s/10s WS事件=1675(簿1148/增量0) 距上次WS=0.0s] [TWAP#62 age=0s]
[01:31:09] t+   69s  TWAP=77313.764 range= 29.633  Up  0.720/ 0.730×646  Down  0.270/ 0.280×0  [盘口=WS 簿龄=0.2s/10s WS事件=1713(簿1172/增量0) 距上次WS=0.1s] [TWAP#64 age=1s]
[01:31:11] t+   71s  TWAP=77315.428 range= 31.297  Up  0.680/ 0.690×430  Down  0.310/ 0.320×137  [盘口=WS 簿龄=0.1s/10s WS事件=1782(簿1218/增量0) 距上次WS=0.1s] [TWAP#66 age=1s]
[01:31:13] t+   73s  TWAP=77317.053 range= 32.922  Up  0.740/ 0.750×649  Down  0.250/ 0.260×188  [盘口=WS 簿龄=0.0s/10s WS事件=1799(簿1230/增量0) 距上次WS=0.0s] [TWAP#68 age=0s]
[01:31:15] t+   75s  TWAP=77318.659 range= 34.528  Up  0.740/ 0.750×749  Down  0.250/ 0.260×217  [盘口=WS 簿龄=0.5s/10s WS事件=1814(簿1240/增量0) 距上次WS=0.5s] [TWAP#70 age=0s]
[01:31:15] [入场检查] ❌ 波动 $34.53 ≥ $30，放弃。
[01:31:17] t+   77s  TWAP=77319.435 range= 35.304  Up  0.710/ 0.720×10  Down  0.280/ 0.290×673  [盘口=WS 簿龄=0.1s/10s WS事件=1865(簿1274/增量0) 距上次WS=0.0s] [TWAP#71 age=2s]
[01:31:19] t+   79s  TWAP=77321.895 range= 37.764  Up  0.700/ 0.710×53  Down  0.290/ 0.300×478  [盘口=WS 簿龄=0.0s/10s WS事件=1910(簿1304/增量0) 距上次WS=0.0s] [TWAP#73 age=0s]
[01:31:21] t+   81s  TWAP=77324.374 range= 40.243  Up  0.730/ 0.740×407  Down  0.260/ 0.270×253  [盘口=WS 簿龄=0.0s/10s WS事件=1931(簿1318/增量0) 距上次WS=0.0s] [TWAP#75 age=0s]
[01:31:23] t+   83s  TWAP=77325.162 range= 41.031  Up  0.730/ 0.740×284  Down  0.260/ 0.270×253  [盘口=WS 簿龄=0.0s/10s WS事件=1946(簿1328/增量0) 距上次WS=0.0s] [TWAP#77 age=0s]
[01:31:25] t+   85s  TWAP=77326.948 range= 42.817  Up  0.730/ 0.740×186  Down  0.260/ 0.270×353  [盘口=WS 簿龄=0.1s/10s WS事件=1953(簿1332/增量0) 距上次WS=0.1s] [TWAP#79 age=1s]
[01:31:27] t+   87s  TWAP=77328.713 range= 44.582  Up  0.730/ 0.740×12  Down  0.260/ 0.270×616  [盘口=WS 簿龄=0.3s/10s WS事件=1977(簿1348/增量0) 距上次WS=0.3s] [TWAP#81 age=1s]
[01:31:29] t+   89s  TWAP=77330.458 range= 46.327  Up  0.740/ 0.750×561  Down  0.250/ 0.260×418  [盘口=WS 簿龄=0.3s/10s WS事件=1992(簿1358/增量0) 距上次WS=0.3s] [TWAP#83 age=1s]
[01:31:31] t+   91s  TWAP=77331.642 range= 47.511  Up  0.740/ 0.760×197  Down  0.240/ 0.260×1007  [盘口=WS 簿龄=0.2s/10s WS事件=2077(簿1418/增量0) 距上次WS=0.1s] [TWAP#85 age=0s]
[01:31:33] t+   93s  TWAP=77331.817 range= 47.686  Up  0.750/ 0.760×600  Down  0.240/ 0.250×105  [盘口=WS 簿龄=0.1s/10s WS事件=2095(簿1430/增量0) 距上次WS=0.1s] [TWAP#87 age=1s]
[01:31:35] t+   95s  TWAP=77332.170 range= 48.039  Up  0.750/ 0.760×175  Down  0.240/ 0.250×364  [盘口=WS 簿龄=1.2s/10s WS事件=2118(簿1446/增量0) 距上次WS=1.2s] [TWAP#89 age=1s]
[01:31:37] t+   97s  TWAP=77332.725 range= 48.594  Up  0.750/ 0.760×230  Down  0.240/ 0.250×776  [盘口=WS 簿龄=0.1s/10s WS事件=2139(簿1460/增量0) 距上次WS=0.0s] [TWAP#91 age=1s]
[01:31:39] t+  100s  TWAP=77333.196 range= 49.065  Up  0.760/ 0.770×19  Down  0.230/ 0.240×686  [盘口=WS 簿龄=0.2s/10s WS事件=2160(簿1474/增量0) 距上次WS=0.2s] [TWAP#94 age=0s]
[01:31:41] t+  102s  TWAP=77333.281 range= 49.150  Up  0.770/ 0.780×23  Down  0.220/ 0.230×38  [盘口=WS 簿龄=0.1s/10s WS事件=2174(簿1484/增量0) 距上次WS=0.1s] [TWAP#95 age=1s]
[01:31:43] t+  104s  TWAP=77333.295 range= 49.164  Up  0.800/ 0.810×191  Down  0.190/ 0.200×24  [盘口=WS 簿龄=0.0s/10s WS事件=2213(簿1510/增量0) 距上次WS=0.0s] [TWAP#97 age=1s]
[01:31:45] t+  106s  TWAP=77333.298 range= 49.167  Up  0.800/ 0.810×18  Down  0.190/ 0.200×286  [盘口=WS 簿龄=0.1s/10s WS事件=2245(簿1532/增量0) 距上次WS=0.0s] [TWAP#99 age=1s]
[01:31:47] t+  108s  TWAP=77333.341 range= 49.210  Up  0.790/ 0.800×301  Down  0.200/ 0.210×133  [盘口=WS 簿龄=0.0s/10s WS事件=2292(簿1564/增量0) 距上次WS=0.0s] [TWAP#101 age=1s]
[01:31:49] t+  110s  TWAP=77333.604 range= 49.473  Up  0.790/ 0.800×495  Down  0.200/ 0.210×74  [盘口=WS 簿龄=0.1s/10s WS事件=2314(簿1578/增量0) 距上次WS=0.0s] [TWAP#103 age=0s]
[01:31:51] t+  112s  TWAP=77333.967 range= 49.835  Up  0.790/ 0.800×14  Down  0.200/ 0.210×402  [盘口=WS 簿龄=0.2s/10s WS事件=2343(簿1598/增量0) 距上次WS=0.2s] [TWAP#105 age=1s]
[01:31:53] t+  114s  TWAP=77334.579 range= 50.448  Up  0.790/ 0.800×106  Down  0.200/ 0.210×416  [盘口=WS 簿龄=0.0s/10s WS事件=2382(簿1624/增量0) 距上次WS=0.0s] [TWAP#107 age=0s]
[01:31:55] t+  116s  TWAP=77334.918 range= 50.787  Up  0.790/ 0.800×87  Down  0.200/ 0.210×389  [盘口=WS 簿龄=0.1s/10s WS事件=2406(簿1640/增量0) 距上次WS=0.1s] [TWAP#108 age=1s]
[01:31:57] t+  118s  TWAP=77336.014 range= 51.883  Up  0.820/ 0.830×431  Down  0.170/ 0.180×42  [盘口=WS 簿龄=0.0s/10s WS事件=2446(簿1668/增量0) 距上次WS=0.0s] [TWAP#110 age=0s]
[01:31:59] t+  120s  TWAP=77337.656 range= 53.525  Up  0.820/ 0.840×22  Down  0.160/ 0.180×325  [盘口=WS 簿龄=0.2s/10s WS事件=2485(簿1694/增量0) 距上次WS=0.1s] [TWAP#112 age=1s]
[01:32:01] t+  122s  TWAP=77338.053 range= 53.922  Up  0.840/ 0.850×180  Down  0.150/ 0.160×643  [盘口=WS 簿龄=0.2s/10s WS事件=2554(簿1740/增量0) 距上次WS=0.2s] [TWAP#114 age=1s]
[01:32:03] t+  124s  TWAP=77339.142 range= 55.011  Up  0.840/ 0.850×188  Down  0.150/ 0.160×372  [盘口=WS 簿龄=0.2s/10s WS事件=2581(簿1758/增量0) 距上次WS=0.2s] [TWAP#117 age=0s]
[01:32:05] t+  126s  TWAP=77339.626 range= 55.495  Up  0.850/ 0.860×454  Down  0.140/ 0.150×240  [盘口=WS 簿龄=0.1s/10s WS事件=2614(簿1780/增量0) 距上次WS=0.0s] [TWAP#119 age=0s]
[01:32:07] t+  128s  TWAP=77340.104 range= 55.972  Up  0.850/ 0.860×141  Down  0.140/ 0.150×420  [盘口=WS 簿龄=0.8s/10s WS事件=2628(簿1790/增量0) 距上次WS=0.8s] [TWAP#121 age=0s]
[01:32:09] t+  130s  TWAP=77340.538 range= 56.407  Up  0.860/ 0.870×248  Down  0.130/ 0.140×380  [盘口=WS 簿龄=0.1s/10s WS事件=2640(簿1798/增量0) 距上次WS=0.0s] [TWAP#122 age=1s]
[01:32:11] t+  132s  TWAP=77340.788 range= 56.657  Up  0.850/ 0.860×29  Down  0.140/ 0.150×685  [盘口=WS 簿龄=0.2s/10s WS事件=2704(簿1842/增量0) 距上次WS=0.2s] [TWAP#124 age=1s]
[01:32:13] t+  134s  TWAP=77341.333 range= 57.202  Up  0.860/ 0.870×214  Down  0.130/ 0.140×476  [盘口=WS 簿龄=0.2s/10s WS事件=2728(簿1858/增量0) 距上次WS=0.2s] [TWAP#126 age=1s]
[01:32:15] t+  136s  TWAP=77342.102 range= 57.970  Up  0.860/ 0.870×341  Down  0.130/ 0.140×259  [盘口=WS 簿龄=0.2s/10s WS事件=2737(簿1864/增量0) 距上次WS=0.1s] [TWAP#128 age=0s]
[01:32:17] t+  138s  TWAP=77342.816 range= 58.685  Up  0.870/ 0.880×274  Down  0.120/ 0.130×424  [盘口=WS 簿龄=0.2s/10s WS事件=2771(簿1888/增量0) 距上次WS=0.1s] [TWAP#130 age=0s]
[01:32:19] t+  140s  TWAP=77343.009 range= 58.878  Up  0.920/ 0.930×206  Down  0.070/ 0.080×397  [盘口=WS 簿龄=0.2s/10s WS事件=2829(簿1928/增量0) 距上次WS=0.1s] [TWAP#132 age=0s]
[01:32:21] t+  142s  TWAP=77343.493 range= 59.362  Up  0.920/ 0.930×222  Down  0.070/ 0.080×423  [盘口=WS 簿龄=0.7s/10s WS事件=2855(簿1946/增量0) 距上次WS=0.7s] [TWAP#134 age=0s]
[01:32:23] t+  144s  TWAP=77344.052 range= 59.921  Up  0.940/ 0.950×202  Down  0.050/ 0.060×795  [盘口=WS 簿龄=0.1s/10s WS事件=2909(簿1982/增量0) 距上次WS=0.1s] [TWAP#136 age=0s]
[01:32:25] t+  146s  TWAP=77345.100 range= 60.969  Up  0.980/ 0.990×3711  Down  0.010/ 0.020×329  [盘口=WS 簿龄=0.2s/10s WS事件=3023(簿2064/增量0) 距上次WS=0.2s] [TWAP#138 age=0s]
[01:32:27] t+  148s  TWAP=77346.405 range= 62.273  Up  0.960/ 0.970×1170  Down  0.030/ 0.040×208  [盘口=WS 簿龄=0.1s/10s WS事件=3090(簿2110/增量0) 距上次WS=0.0s] [TWAP#140 age=0s]
[01:32:29] t+  150s  TWAP=77347.241 range= 63.110  Up  0.910/ 0.940×891  Down  0.060/ 0.090×377  [盘口=WS 簿龄=0.1s/10s WS事件=3155(簿2156/增量0) 距上次WS=0.0s] [TWAP#141 age=1s]
[01:32:31] t+  152s  TWAP=77350.351 range= 66.219  Up  0.880/ 0.890×5  Down  0.110/ 0.120×528  [盘口=WS 簿龄=0.0s/10s WS事件=3247(簿2218/增量0) 距上次WS=0.0s] [TWAP#143 age=1s]
[01:32:33] t+  154s  TWAP=77353.199 range= 69.068  Up  0.920/ 0.930×304  Down  0.070/ 0.080×145  [盘口=WS 簿龄=0.0s/10s WS事件=3320(簿2266/增量0) 距上次WS=0.0s] [TWAP#145 age=1s]
[01:32:35] t+  156s  TWAP=77355.208 range= 71.077  Up  0.930/ 0.940×223  Down  0.060/ 0.070×276  [盘口=WS 簿龄=0.0s/10s WS事件=3375(簿2304/增量0) 距上次WS=0.0s] [TWAP#147 age=1s]
[01:32:37] t+  158s  TWAP=77356.996 range= 72.865  Up  0.930/ 0.940×173  Down  0.060/ 0.070×256  [盘口=WS 簿龄=0.2s/10s WS事件=3428(簿2340/增量0) 距上次WS=0.2s] [TWAP#150 age=0s]
[01:32:39] t+  160s  TWAP=77357.675 range= 73.544  Up  0.930/ 0.940×1518  Down  0.060/ 0.070×6  [盘口=WS 簿龄=0.1s/10s WS事件=3449(簿2354/增量0) 距上次WS=0.0s] [TWAP#151 age=1s]
[01:32:41] t+  162s  TWAP=77359.314 range= 75.183  Up  0.910/ 0.920×858  Down  0.080/ 0.090×256  [盘口=WS 簿龄=0.1s/10s WS事件=3473(簿2370/增量0) 距上次WS=0.1s] [TWAP#153 age=1s]
[01:32:43] t+  164s  TWAP=77361.404 range= 77.273  Up  0.920/ 0.930×137  Down  0.070/ 0.080×532  [盘口=WS 簿龄=0.1s/10s WS事件=3478(簿2374/增量0) 距上次WS=0.1s] [TWAP#156 age=1s]
[01:32:45] t+  166s  TWAP=77362.694 range= 78.562  Up  0.910/ 0.920×48  Down  0.080/ 0.090×593  [盘口=WS 簿龄=0.6s/10s WS事件=3495(簿2386/增量0) 距上次WS=0.6s] [TWAP#157 age=0s]
[01:32:47] t+  168s  TWAP=77363.657 range= 79.526  Up  0.940/ 0.950×111  Down  0.050/ 0.060×469  [盘口=WS 簿龄=0.8s/10s WS事件=3519(簿2402/增量0) 距上次WS=0.8s] [TWAP#160 age=0s]
[01:32:49] t+  170s  TWAP=77364.536 range= 80.404  Up  0.940/ 0.950×108  Down  0.050/ 0.060×484  [盘口=WS 簿龄=1.2s/10s WS事件=3525(簿2406/增量0) 距上次WS=1.2s] [TWAP#161 age=1s]
[01:32:51] t+  172s  TWAP=77365.718 range= 81.587  Up  0.920/ 0.930×125  Down  0.070/ 0.080×259  [盘口=WS 簿龄=0.2s/10s WS事件=3554(簿2426/增量0) 距上次WS=0.2s] [TWAP#164 age=0s]
[01:32:53] t+  174s  TWAP=77366.386 range= 82.255  Up  0.940/ 0.950×247  Down  0.050/ 0.060×55  [盘口=WS 簿龄=0.7s/10s WS事件=3566(簿2434/增量0) 距上次WS=0.6s] [TWAP#165 age=1s]
[01:32:55] t+  176s  TWAP=77367.706 range= 83.575  Up  0.950/ 0.960×291  Down  0.040/ 0.050×588  [盘口=WS 簿龄=0.1s/10s WS事件=3593(簿2452/增量0) 距上次WS=0.1s] [TWAP#167 age=1s]
[01:32:57] t+  178s  TWAP=77368.871 range= 84.740  Up  0.950/ 0.960×198  Down  0.040/ 0.050×549  [盘口=WS 簿龄=0.7s/10s WS事件=3602(簿2458/增量0) 距上次WS=0.7s] [TWAP#169 age=1s]
[01:32:59] t+  180s  TWAP=77370.016 range= 85.884  Up  0.960/ 0.970×1976  Down  0.030/ 0.040×404  [盘口=WS 簿龄=0.3s/10s WS事件=3632(簿2478/增量0) 距上次WS=0.3s] [TWAP#171 age=1s]
[01:33:01] t+  182s  TWAP=77371.390 range= 87.259  Up  0.970/ 0.980×452  Down  0.020/ 0.030×490  [盘口=WS 簿龄=0.3s/10s WS事件=3665(簿2500/增量0) 距上次WS=0.2s] [TWAP#173 age=1s]
[01:33:03] t+  184s  TWAP=77372.763 range= 88.632  Up  0.960/ 0.970×854  Down  0.030/ 0.040×285  [盘口=WS 簿龄=0.0s/10s WS事件=3717(簿2536/增量0) 距上次WS=0.0s] [TWAP#175 age=1s]
[01:33:05] t+  186s  TWAP=77374.250 range= 90.119  Up  0.970/ 0.980×171  Down  0.020/ 0.030×770  [盘口=WS 簿龄=0.1s/10s WS事件=3753(簿2560/增量0) 距上次WS=0.1s] [TWAP#177 age=1s]
[01:33:07] t+  188s  TWAP=77375.938 range= 91.807  Up  0.970/ 0.980×306  Down  0.020/ 0.030×608  [盘口=WS 簿龄=0.2s/10s WS事件=3776(簿2576/增量0) 距上次WS=0.2s] [TWAP#179 age=1s]
[01:33:09] t+  190s  TWAP=77378.020 range= 93.889  Up  0.970/ 0.980×520  Down  0.020/ 0.030×495  [盘口=WS 簿龄=0.8s/10s WS事件=3782(簿2580/增量0) 距上次WS=0.7s] [TWAP#182 age=0s]
[01:33:11] t+  192s  TWAP=77378.020 range= 93.889  Up  0.970/ 0.980×458  Down  0.020/ 0.030×397  [盘口=WS 簿龄=0.6s/10s WS事件=3803(簿2594/增量0) 距上次WS=0.3s] [TWAP#182 age=2s]
[01:33:13] t+  194s  TWAP=77378.020 range= 93.889  Up  0.960/ 0.970×483  Down  0.030/ 0.040×533  [盘口=WS 簿龄=0.6s/10s WS事件=3818(簿2604/增量0) 距上次WS=0.6s] [TWAP#182 age=4s]
[01:33:15] t+  196s  TWAP=77378.020 range= 93.889  Up  0.970/ 0.980×371  Down  0.020/ 0.030×429  [盘口=WS 簿龄=0.5s/10s WS事件=3826(簿2610/增量0) 距上次WS=0.4s] [TWAP#182 age=6s]
[01:33:17] t+  198s  TWAP=77378.020 range= 93.889  Up  0.970/ 0.980×371  Down  0.020/ 0.030×429  [盘口=WS 簿龄=2.5s/10s WS事件=3826(簿2610/增量0) 距上次WS=2.4s] [TWAP#182 age=8s]
[01:33:19] t+  200s  TWAP=77384.657 range=100.526  Up  0.970/ 0.980×1337  Down  0.020/ 0.030×87  [盘口=WS 簿龄=0.2s/10s WS事件=3844(簿2622/增量0) 距上次WS=0.2s] [TWAP#184 age=0s]
[01:33:21] t+  202s  TWAP=77385.329 range=101.198  Up  0.960/ 0.970×601  Down  0.030/ 0.040×503  [盘口=WS 簿龄=0.0s/10s WS事件=3874(簿2642/增量0) 距上次WS=0.0s] [TWAP#185 age=1s]
[01:33:23] t+  204s  TWAP=77386.925 range=102.794  Up  0.960/ 0.980×217  Down  0.020/ 0.040×744  [盘口=WS 簿龄=0.5s/10s WS事件=3889(簿2652/增量0) 距上次WS=0.4s] [TWAP#188 age=0s]
[01:33:25] t+  206s  TWAP=77387.186 range=103.054  Up  0.960/ 0.970×241  Down  0.030/ 0.040×205  [盘口=WS 簿龄=0.4s/10s WS事件=3910(簿2666/增量0) 距上次WS=0.4s] [TWAP#190 age=0s]
[01:33:27] t+  208s  TWAP=77387.136 range=103.054  Up  0.950/ 0.960×55  Down  0.040/ 0.050×376  [盘口=WS 簿龄=0.5s/10s WS事件=3937(簿2684/增量0) 距上次WS=0.4s] [TWAP#191 age=1s]
[01:33:29] t+  210s  TWAP=77385.843 range=103.054  Up  0.970/ 0.990×6204  Down  0.010/ 0.030×334  [盘口=WS 簿龄=0.0s/10s WS事件=3951(簿2694/增量0) 距上次WS=0.0s] [TWAP#194 age=0s]
[01:33:31] t+  212s  TWAP=77383.386 range=103.054  Up  0.960/ 0.970×431  Down  0.030/ 0.040×177  [盘口=WS 簿龄=0.6s/10s WS事件=3984(簿2716/增量0) 距上次WS=0.6s] [TWAP#195 age=1s]
[01:33:33] t+  214s  TWAP=77382.591 range=103.054  Up  0.960/ 0.970×640  Down  0.030/ 0.040×95  [盘口=WS 簿龄=0.2s/10s WS事件=3996(簿2724/增量0) 距上次WS=0.1s] [TWAP#197 age=1s]
[01:33:35] t+  216s  TWAP=77381.446 range=103.054  Up  0.950/ 0.960×731  Down  0.040/ 0.050×15  [盘口=WS 簿龄=0.5s/10s WS事件=4013(簿2736/增量0) 距上次WS=0.5s] [TWAP#199 age=1s]
[01:33:37] t+  218s  TWAP=77380.962 range=103.054  Up  0.960/ 0.980×917  Down  0.020/ 0.040×175  [盘口=WS 簿龄=0.2s/10s WS事件=4026(簿2744/增量0) 距上次WS=0.2s] [TWAP#201 age=0s]
[01:33:39] t+  220s  TWAP=77380.110 range=103.054  Up  0.970/ 0.980×296  Down  0.020/ 0.030×893  [盘口=WS 簿龄=0.2s/10s WS事件=4038(簿2752/增量0) 距上次WS=0.1s] [TWAP#203 age=0s]
[01:33:41] t+  222s  TWAP=77379.080 range=103.054  Up  0.980/ 0.990×355  Down  0.010/ 0.020×161  [盘口=WS 簿龄=0.3s/10s WS事件=4061(簿2768/增量0) 距上次WS=0.2s] [TWAP#205 age=0s]
[01:33:43] t+  224s  TWAP=77378.625 range=103.054  Up  0.990/   n/a  Down    n/a/ 0.010×2931  [盘口=WS 簿龄=0.3s/10s WS事件=4094(簿2790/增量0) 距上次WS=0.3s] [TWAP#206 age=1s]
[01:33:45] t+  226s  TWAP=77377.806 range=103.054  Up  0.990/   n/a  Down    n/a/ 0.010×3935  [盘口=WS 簿龄=0.1s/10s WS事件=4127(簿2812/增量0) 距上次WS=0.0s] [TWAP#208 age=1s]
[01:33:47] t+  228s  TWAP=77377.229 range=103.054  Up  0.990/   n/a  Down    n/a/ 0.010×3216  [盘口=WS 簿龄=0.1s/10s WS事件=4138(簿2820/增量0) 距上次WS=0.1s] [TWAP#210 age=0s]
[01:33:52] t+  230s  TWAP=77376.986 range=103.054  Up  0.990/   n/a  Down    n/a/ 0.010×7393  [盘口=REST 簿龄=0.1s/10s WS事件=4150(簿2828/增量0) 距上次WS=0.1s] [TWAP#213 age=1s]
[01:33:54] t+  234s  TWAP=77377.489 range=103.054  Up  0.990/   n/a  Down    n/a/ 0.010×7396  [盘口=WS 簿龄=2.0s/10s WS事件=4153(簿2830/增量0) 距上次WS=1.8s] [TWAP#215 age=1s]
[01:33:56] t+  236s  TWAP=77377.769 range=103.054  Up  0.990/   n/a  Down    n/a/ 0.010×7092  [盘口=WS 簿龄=0.2s/10s WS事件=4156(簿2832/增量0) 距上次WS=0.1s] [TWAP#217 age=1s]
[01:33:58] t+  238s  TWAP=77378.310 range=103.054  Up  0.990/   n/a  Down    n/a/ 0.010×7092  [盘口=WS 簿龄=2.2s/10s WS事件=4156(簿2832/增量0) 距上次WS=2.1s] [TWAP#219 age=1s]
[01:34:00] 本窗口未入场，进入下一个窗口（5/20）。
[01:34:59] [窗口 6] 起点 1789061700（本地 01:34:59），开始持续监测 …
[01:35:00] 市场: Bitcoin Up or Down - September 10, 1:35PM-1:40PM ET  (minSize=5)
[01:35:00] t+    0s  TWAP=      n/a range=    n/a  Up  0.680/ 0.690×47  Down  0.330/ 0.340×417  [盘口=REST 簿龄=0.3s/10s WS事件=0(簿0/增量0) 距上次WS=从未] [TWAP#0 age=无]
[01:35:02] t+    3s  TWAP=77417.841 range=  0.000  Up  0.600/ 0.610×153  Down  0.390/ 0.400×580  [盘口=WS 簿龄=0.1s/10s WS事件=74(簿50/增量0) 距上次WS=0.1s] [TWAP#1 age=1s]
[01:35:04] t+    5s  TWAP=77422.599 range=  4.757  Up  0.630/ 0.640×102  Down  0.360/ 0.370×552  [盘口=WS 簿龄=0.7s/10s WS事件=191(簿128/增量0) 距上次WS=0.6s] [TWAP#3 age=0s]
[01:35:07] t+    7s  TWAP=77425.691 range=  7.850  Up  0.700/ 0.710×303  Down  0.370/ 0.390×33  [盘口=REST 簿龄=0.1s/10s WS事件=216(簿148/增量0) 距上次WS=0.1s] [TWAP#5 age=1s]
[01:35:09] t+   10s  TWAP=77427.854 range= 10.013  Up  0.620/ 0.630×60  Down  0.360/ 0.380×39  [盘口=WS 簿龄=0.1s/10s WS事件=242(簿167/增量0) 距上次WS=0.1s] [TWAP#7 age=1s]
[01:35:11] t+   12s  TWAP=77430.539 range= 12.698  Up  0.560/ 0.580×14  Down  0.420/ 0.440×2  [盘口=WS 簿龄=0.2s/10s WS事件=324(簿224/增量0) 距上次WS=0.2s] [TWAP#9 age=1s]
[01:35:14] t+   14s  TWAP=77434.723 range= 16.882  Up  0.550/ 0.560×389  Down  0.440/ 0.450×224  [盘口=REST 簿龄=0.1s/10s WS事件=336(簿232/增量0) 距上次WS=0.1s] [TWAP#11 age=1s]
[01:35:16] t+   17s  TWAP=77436.309 range= 18.468  Up  0.540/ 0.550×1348  Down  0.450/ 0.460×79  [盘口=WS 簿龄=0.0s/10s WS事件=383(簿264/增量0) 距上次WS=0.0s] [TWAP#13 age=1s]
[01:35:18] t+   19s  TWAP=77437.062 range= 19.220  Up  0.480/ 0.490×245  Down  0.510/ 0.520×56  [盘口=WS 簿龄=0.2s/10s WS事件=466(簿320/增量0) 距上次WS=0.1s] [TWAP#15 age=1s]
[01:35:20] t+   21s  TWAP=77438.593 range= 20.751  Up  0.500/ 0.510×116  Down  0.490/ 0.500×741  [盘口=WS 簿龄=1.1s/10s WS事件=498(簿342/增量0) 距上次WS=0.7s] [TWAP#17 age=1s]
[01:35:25] t+   23s  TWAP=77441.507 range= 23.665  Up  0.530/ 0.540×105  Down  0.460/ 0.470×858  [盘口=REST 簿龄=无/10s WS事件=498(簿342/增量0) 距上次WS=5.3s] [TWAP#22 age=1s]
[01:35:27] t+   27s  TWAP=77442.445 range= 24.603  Up  0.590/ 0.600×246  Down  0.400/ 0.410×518  [盘口=WS 簿龄=0.0s/10s WS事件=576(簿396/增量0) 距上次WS=0.0s] [TWAP#24 age=0s]
[01:35:29] t+   29s  TWAP=77443.270 range= 25.428  Up  0.590/ 0.600×404  Down  0.400/ 0.410×349  [盘口=WS 簿龄=0.1s/10s WS事件=600(簿412/增量0) 距上次WS=0.0s] [TWAP#26 age=0s]
[01:35:31] t+   31s  TWAP=77443.448 range= 25.607  Up  0.570/ 0.580×284  Down  0.420/ 0.430×255  [盘口=WS 簿龄=0.3s/10s WS事件=636(簿436/增量0) 距上次WS=0.2s] [TWAP#28 age=1s]
[01:35:33] t+   33s  TWAP=77444.074 range= 26.233  Up  0.550/ 0.560×125  Down  0.440/ 0.450×963  [盘口=WS 簿龄=0.3s/10s WS事件=680(簿466/增量0) 距上次WS=0.2s] [TWAP#30 age=1s]
[01:35:35] t+   35s  TWAP=77444.922 range= 27.081  Up  0.560/ 0.570×282  Down  0.430/ 0.440×385  [盘口=WS 簿龄=0.6s/10s WS事件=704(簿482/增量0) 距上次WS=0.6s] [TWAP#32 age=0s]
[01:35:37] t+   37s  TWAP=77445.625 range= 27.784  Up  0.560/ 0.570×368  Down  0.430/ 0.440×101  [盘口=WS 簿龄=0.5s/10s WS事件=731(簿500/增量0) 距上次WS=0.5s] [TWAP#34 age=0s]
[01:35:39] t+   39s  TWAP=77446.377 range= 28.536  Up  0.600/ 0.610×72  Down  0.390/ 0.400×666  [盘口=WS 簿龄=0.1s/10s WS事件=760(簿520/增量0) 距上次WS=0.1s] [TWAP#36 age=1s]
[01:35:41] t+   41s  TWAP=77447.035 range= 29.194  Up  0.590/ 0.600×766  Down  0.400/ 0.410×94  [盘口=WS 簿龄=0.0s/10s WS事件=777(簿532/增量0) 距上次WS=0.0s] [TWAP#38 age=1s]
[01:35:43] t+   43s  TWAP=77447.424 range= 29.582  Up  0.570/ 0.580×77  Down  0.420/ 0.430×471  [盘口=WS 簿龄=0.3s/10s WS事件=803(簿550/增量0) 距上次WS=0.2s] [TWAP#39 age=1s]
[01:35:45] t+   45s  TWAP=77447.732 range= 29.891  Up  0.740/ 0.750×642  Down  0.250/ 0.260×149  [盘口=WS 簿龄=0.0s/10s WS事件=953(簿654/增量0) 距上次WS=0.0s] [TWAP#41 age=1s]
[01:35:47] t+   47s  TWAP=77447.961 range= 30.120  Up  0.750/ 0.760×637  Down  0.240/ 0.250×316  [盘口=WS 簿龄=0.6s/10s WS事件=987(簿676/增量0) 距上次WS=0.6s] [TWAP#43 age=0s]
[01:35:49] t+   49s  TWAP=77447.918 range= 30.120  Up  0.750/ 0.760×353  Down  0.240/ 0.250×291  [盘口=WS 簿龄=0.2s/10s WS事件=1031(簿706/增量0) 距上次WS=0.1s] [TWAP#44 age=1s]
[01:35:51] t+   51s  TWAP=77449.401 range= 31.559  Up  0.770/ 0.790×51  Down  0.210/ 0.230×1289  [盘口=WS 簿龄=0.1s/10s WS事件=1080(簿740/增量0) 距上次WS=0.0s] [TWAP#46 age=1s]
[01:35:53] t+   53s  TWAP=77449.911 range= 32.070  Up  0.810/ 0.820×315  Down  0.180/ 0.190×229  [盘口=WS 簿龄=0.0s/10s WS事件=1230(簿844/增量0) 距上次WS=0.0s] [TWAP#48 age=0s]
[01:35:55] t+   55s  TWAP=77449.886 range= 32.070  Up  0.770/ 0.780×4  Down  0.210/ 0.230×138  [盘口=WS 簿龄=0.0s/10s WS事件=1287(簿881/增量0) 距上次WS=0.0s] [TWAP#50 age=0s]
[01:35:57] t+   57s  TWAP=77450.560 range= 32.718  Up  0.790/ 0.800×79  Down  0.200/ 0.210×390  [盘口=WS 簿龄=0.1s/10s WS事件=1349(簿922/增量0) 距上次WS=0.0s] [TWAP#52 age=0s]
[01:35:59] t+   59s  TWAP=77451.028 range= 33.187  Up  0.810/ 0.820×28  Down  0.180/ 0.190×44  [盘口=WS 簿龄=0.0s/10s WS事件=1369(簿936/增量0) 距上次WS=0.0s] [TWAP#54 age=1s]
[01:36:01] t+   61s  TWAP=77452.543 range= 34.702  Up  0.810/ 0.820×27  Down  0.180/ 0.190×12  [盘口=WS 簿龄=0.0s/10s WS事件=1403(簿958/增量0) 距上次WS=0.0s] [TWAP#56 age=0s]
