[23:33:21] === 5min BTC 单笔交易  [DRY-RUN] ===
[23:33:21] 入场过滤: 窗口TWAP波动<$25 且 冷门方ask<0.30（开窗后105-135s）｜止盈 +100%｜未止盈拿到结算
[23:33:21] 喂价: Polymarket RTDS Chainlink TWAP-60s（结算同源）｜日志: data\logs\trade5m_20260910_233321.log
[23:33:21] [窗口 1] 起点 1789054200（本地 23:33:21），开始持续监测 …
[23:33:23] 市场: Bitcoin Up or Down - September 10, 11:30AM-11:35AM ET  (minSize=5)
[23:33:24] t+  203s  TWAP=      n/a range=    n/a  Up  0.890/ 0.900  Down  0.100/ 0.110  [盘口=REST 簿龄=0.1s/10s WS事件=0(簿0/增量0) 距上次WS=从未] [TWAP#0 age=无]
[23:33:26] t+  206s  TWAP=77090.454 range=  0.000  Up  0.890/ 0.900  Down  0.090/ 0.100  [盘口=WS 簿龄=2.0s/10s WS事件=0(簿0/增量0) 距上次WS=从未] [TWAP#1 age=0s]
[23:33:28] t+  208s  TWAP=77092.147 range=  1.693  Up  0.910/ 0.920  Down  0.080/ 0.090  [盘口=WS 簿龄=0.1s/10s WS事件=43(簿30/增量0) 距上次WS=0.1s] [TWAP#3 age=1s]
[23:33:30] t+  210s  TWAP=77093.894 range=  3.440  Up  0.950/ 0.960  Down  0.040/ 0.050  [盘口=WS 簿龄=0.1s/10s WS事件=105(簿72/增量0) 距上次WS=0.0s] [TWAP#4 age=1s]
[23:33:32] t+  212s  TWAP=77095.709 range=  5.255  Up  0.950/ 0.960  Down  0.040/ 0.050  [盘口=WS 簿龄=0.1s/10s WS事件=171(簿118/增量0) 距上次WS=0.1s] [TWAP#7 age=0s]
[23:33:34] t+  214s  TWAP=77097.721 range=  7.267  Up  0.960/ 0.970  Down  0.030/ 0.040  [盘口=WS 簿龄=0.0s/10s WS事件=248(簿172/增量0) 距上次WS=0.0s] [TWAP#8 age=1s]
[23:33:36] t+  216s  TWAP=77100.095 range=  9.641  Up  0.970/ 0.980  Down  0.020/ 0.030  [盘口=WS 簿龄=0.0s/10s WS事件=335(簿230/增量0) 距上次WS=0.0s] [TWAP#11 age=0s]
[23:33:38] t+  218s  TWAP=77102.633 range= 12.179  Up  0.960/ 0.970  Down  0.030/ 0.040  [盘口=WS 簿龄=0.2s/10s WS事件=374(簿256/增量0) 距上次WS=0.1s] [TWAP#12 age=1s]
[23:33:40] t+  220s  TWAP=77105.437 range= 14.982  Up  0.980/ 0.990  Down  0.010/ 0.020  [盘口=WS 簿龄=0.0s/10s WS事件=468(簿324/增量0) 距上次WS=0.0s] [TWAP#15 age=0s]
[23:33:42] t+  222s  TWAP=77108.472 range= 18.018  Up  0.980/ 0.990  Down  0.010/ 0.020  [盘口=WS 簿龄=0.3s/10s WS事件=493(簿340/增量0) 距上次WS=0.3s] [TWAP#16 age=1s]
[23:33:44] t+  224s  TWAP=77115.053 range= 24.599  Up  0.990/   n/a  Down    n/a/ 0.010  [盘口=REST 簿龄=无/10s WS事件=526(簿362/增量0) 距上次WS=1.5s] [TWAP#19 age=0s]
[23:33:47] t+  227s  TWAP=77118.416 range= 27.961  Up  0.990/   n/a  Down    n/a/ 0.010  [盘口=REST 簿龄=无/10s WS事件=526(簿362/增量0) 距上次WS=4.1s] [TWAP#22 age=0s]
[23:33:49] t+  230s  TWAP=77120.131 range= 29.677  Up  0.990/   n/a  Down    n/a/ 0.010  [盘口=WS 簿龄=1.6s/10s WS事件=534(簿368/增量0) 距上次WS=1.6s] [TWAP#23 age=1s]
[23:33:51] t+  232s  TWAP=77123.558 range= 33.104  Up  0.990/   n/a  Down    n/a/ 0.010  [盘口=WS 簿龄=0.9s/10s WS事件=540(簿372/增量0) 距上次WS=0.9s] [TWAP#25 age=1s]
[23:33:53] t+  234s  TWAP=77126.620 range= 36.166  Up  0.990/   n/a  Down    n/a/ 0.010  [盘口=WS 簿龄=1.5s/10s WS事件=543(簿374/增量0) 距上次WS=1.5s] [TWAP#27 age=1s]
[23:33:55] t+  236s  TWAP=77129.599 range= 39.144  Up  0.990/   n/a  Down    n/a/ 0.010  [盘口=WS 簿龄=0.3s/10s WS事件=545(簿376/增量0) 距上次WS=0.3s] [TWAP#29 age=1s]
[23:33:57] t+  238s  TWAP=77132.358 range= 41.904  Up  0.990/   n/a  Down    n/a/ 0.010  [盘口=WS 簿龄=0.7s/10s WS事件=561(簿386/增量0) 距上次WS=0.7s] [TWAP#31 age=1s]
[23:33:59] t+  240s  TWAP=77136.273 range= 45.818  Up  0.990/   n/a  Down    n/a/ 0.010  [盘口=WS 簿龄=2.7s/10s WS事件=561(簿386/增量0) 距上次WS=2.7s] [TWAP#33 age=0s]
[23:34:01] t+  242s  TWAP=77137.565 range= 47.111  Up  0.990/   n/a  Down    n/a/ 0.010  [盘口=WS 簿龄=0.1s/10s WS事件=563(簿388/增量0) 距上次WS=0.1s] [TWAP#35 age=1s]
[23:34:03] t+  244s  TWAP=77140.769 range= 50.315  Up  0.990/   n/a  Down    n/a/ 0.010  [盘口=WS 簿龄=2.1s/10s WS事件=564(簿388/增量0) 距上次WS=1.9s] [TWAP#38 age=0s]
[23:34:05] t+  246s  TWAP=77142.608 range= 52.154  Up  0.990/   n/a  Down    n/a/ 0.010  [盘口=WS 簿龄=4.1s/10s WS事件=564(簿388/增量0) 距上次WS=3.9s] [TWAP#40 age=0s]
[23:34:07] t+  248s  TWAP=77144.434 range= 53.979  Up  0.990/   n/a  Down    n/a/ 0.010  [盘口=WS 簿龄=6.1s/10s WS事件=564(簿388/增量0) 距上次WS=5.9s] [TWAP#42 age=0s]
[23:34:09] t+  250s  TWAP=77145.325 range= 54.870  Up  0.990/   n/a  Down    n/a/ 0.010  [盘口=WS 簿龄=1.3s/10s WS事件=573(簿394/增量0) 距上次WS=1.3s] [TWAP#43 age=1s]
[23:34:11] t+  252s  TWAP=77147.215 range= 56.761  Up  0.990/   n/a  Down    n/a/ 0.010  [盘口=WS 簿龄=3.3s/10s WS事件=573(簿394/增量0) 距上次WS=3.3s] [TWAP#45 age=1s]
[23:34:13] t+  254s  TWAP=77149.071 range= 58.616  Up  0.990/   n/a  Down    n/a/ 0.010  [盘口=WS 簿龄=5.3s/10s WS事件=573(簿394/增量0) 距上次WS=5.3s] [TWAP#47 age=1s]
[23:34:15] t+  256s  TWAP=77150.933 range= 60.479  Up  0.990/   n/a  Down    n/a/ 0.010  [盘口=WS 簿龄=7.3s/10s WS事件=573(簿394/增量0) 距上次WS=7.3s] [TWAP#49 age=1s]
[23:34:17] t+  258s  TWAP=77152.735 range= 62.281  Up  0.990/   n/a  Down    n/a/ 0.010  [盘口=WS 簿龄=9.3s/10s WS事件=573(簿394/增量0) 距上次WS=9.3s] [TWAP#51 age=1s]
[23:34:19] t+  260s  TWAP=77154.409 range= 63.955  Up  0.990/   n/a  Down    n/a/ 0.010  [盘口=WS 簿龄=1.1s/10s WS事件=576(簿396/增量0) 距上次WS=1.0s] [TWAP#53 age=1s]
[23:34:21] t+  262s  TWAP=77155.988 range= 65.534  Up  0.990/   n/a  Down    n/a/ 0.010  [盘口=WS 簿龄=3.1s/10s WS事件=576(簿396/增量0) 距上次WS=3.0s] [TWAP#55 age=1s]
[23:34:23] t+  264s  TWAP=77158.332 range= 67.878  Up  0.990/   n/a  Down    n/a/ 0.010  [盘口=WS 簿龄=1.5s/10s WS事件=579(簿398/增量0) 距上次WS=0.5s] [TWAP#57 age=0s]
[23:34:25] t+  266s  TWAP=77159.184 range= 68.730  Up  0.990/   n/a  Down    n/a/ 0.010  [盘口=WS 簿龄=3.5s/10s WS事件=579(簿398/增量0) 距上次WS=2.5s] [TWAP#59 age=1s]
[23:34:27] t+  268s  TWAP=77160.900 range= 70.446  Up  0.990/   n/a  Down    n/a/ 0.010  [盘口=WS 簿龄=5.5s/10s WS事件=579(簿398/增量0) 距上次WS=4.5s] [TWAP#61 age=1s]
[23:34:29] t+  270s  TWAP=77163.143 range= 72.689  Up  0.990/   n/a  Down    n/a/ 0.010  [盘口=WS 簿龄=7.5s/10s WS事件=579(簿398/增量0) 距上次WS=6.5s] [TWAP#64 age=0s]
[23:34:31] t+  272s  TWAP=77163.865 range= 73.411  Up  0.990/   n/a  Down    n/a/ 0.010  [盘口=WS 簿龄=0.2s/10s WS事件=582(簿400/增量0) 距上次WS=0.2s] [TWAP#65 age=1s]
[23:34:33] t+  274s  TWAP=77165.827 range= 75.373  Up  0.990/   n/a  Down    n/a/ 0.010  [盘口=WS 簿龄=2.2s/10s WS事件=582(簿400/增量0) 距上次WS=2.2s] [TWAP#68 age=0s]
[23:34:35] t+  276s  TWAP=77166.803 range= 76.349  Up  0.990/   n/a  Down    n/a/ 0.010  [盘口=WS 簿龄=4.2s/10s WS事件=582(簿400/增量0) 距上次WS=4.2s] [TWAP#70 age=0s]
[23:34:37] t+  278s  TWAP=77167.690 range= 77.236  Up  0.990/   n/a  Down    n/a/ 0.010  [盘口=WS 簿龄=6.2s/10s WS事件=582(簿400/增量0) 距上次WS=6.2s] [TWAP#72 age=0s]
[23:34:39] t+  280s  TWAP=77168.395 range= 77.941  Up  0.990/   n/a  Down    n/a/ 0.010  [盘口=WS 簿龄=8.2s/10s WS事件=582(簿400/增量0) 距上次WS=8.2s] [TWAP#74 age=0s]
[23:34:42] 本窗口未入场，进入下一个窗口（1/1）。
[23:34:42] 1 个窗口均未满足入场条件，未交易。
