[23:53:49] === 5min BTC 单笔交易  [DRY-RUN] ===
[23:53:49] 入场过滤: 窗口TWAP波动<$25 且 冷门方ask<0.30（开窗后105-135s）｜止盈 +100%｜未止盈拿到结算
[23:53:49] 喂价: Polymarket RTDS Chainlink TWAP-60s（结算同源）｜日志: data\logs\trade5m_20260910_235349.log
[23:54:59] [窗口 1] 起点 1789055700（本地 23:54:59），开始持续监测 …
[23:55:02] 市场: Bitcoin Up or Down - September 10, 11:55AM-12:00PM ET  (minSize=5)
[23:55:06] t+    3s  TWAP=      n/a range=    n/a  Up  0.520/ 0.530  Down  0.470/ 0.480  [盘口=REST 簿龄=0.3s/10s WS事件=0(簿0/增量0) 距上次WS=从未] [TWAP#0 age=无]
[23:55:08] t+    8s  TWAP=      n/a range=    n/a  Up  0.520/ 0.530  Down  0.470/ 0.480  [盘口=WS 簿龄=0.3s/10s WS事件=11(簿8/增量0) 距上次WS=0.2s] [TWAP#0 age=无]
[23:55:10] t+   10s  TWAP=77120.215 range=  0.258  Up  0.500/ 0.510  Down  0.490/ 0.500  [盘口=WS 簿龄=0.5s/10s WS事件=23(簿16/增量0) 距上次WS=0.4s] [TWAP#2 age=1s]
[23:55:12] t+   12s  TWAP=77119.804 range=  0.669  Up  0.490/ 0.500  Down  0.500/ 0.510  [盘口=WS 簿龄=1.0s/10s WS事件=34(簿24/增量0) 距上次WS=1.0s] [TWAP#4 age=1s]
[23:55:14] t+   14s  TWAP=77119.427 range=  1.046  Up  0.490/ 0.500  Down  0.500/ 0.510  [盘口=WS 簿龄=3.0s/10s WS事件=34(簿24/增量0) 距上次WS=3.0s] [TWAP#5 age=1s]
[23:55:16] t+   17s  TWAP=77119.060 range=  1.413  Up  0.490/ 0.500  Down  0.500/ 0.510  [盘口=WS 簿龄=0.1s/10s WS事件=36(簿26/增量0) 距上次WS=0.1s] [TWAP#7 age=1s]
[23:55:18] t+   19s  TWAP=77119.030 range=  1.443  Up  0.480/ 0.500  Down  0.500/ 0.520  [盘口=WS 簿龄=0.2s/10s WS事件=39(簿28/增量0) 距上次WS=0.2s] [TWAP#8 age=1s]
[23:55:20] t+   21s  TWAP=77118.959 range=  1.514  Up  0.440/ 0.450  Down  0.550/ 0.560  [盘口=WS 簿龄=0.8s/10s WS事件=56(簿40/增量0) 距上次WS=0.4s] [TWAP#11 age=0s]
[23:55:22] t+   23s  TWAP=77118.938 range=  1.535  Up  0.440/ 0.450  Down  0.550/ 0.560  [盘口=WS 簿龄=0.7s/10s WS事件=68(簿48/增量0) 距上次WS=0.6s] [TWAP#12 age=1s]
[23:55:26] t+   25s  TWAP=77118.491 range=  1.982  Up  0.350/ 0.360  Down  0.640/ 0.650  [盘口=REST 簿龄=无/10s WS事件=68(簿48/增量0) 距上次WS=5.0s] [TWAP#17 age=0s]
[23:55:28] t+   29s  TWAP=77117.893 range=  2.580  Up  0.300/ 0.310  Down  0.690/ 0.700  [盘口=WS 簿龄=0.0s/10s WS事件=99(簿70/增量0) 距上次WS=0.0s] [TWAP#19 age=0s]
[23:55:30] t+   31s  TWAP=77117.596 range=  2.877  Up  0.310/ 0.320  Down  0.680/ 0.690  [盘口=WS 簿龄=0.1s/10s WS事件=163(簿112/增量0) 距上次WS=0.0s] [TWAP#20 age=1s]
[23:55:32] t+   33s  TWAP=77116.917 range=  3.556  Up  0.310/ 0.320  Down  0.680/ 0.690  [盘口=WS 簿龄=0.1s/10s WS事件=177(簿122/增量0) 距上次WS=0.1s] [TWAP#23 age=0s]
[23:55:34] t+   35s  TWAP=77116.267 range=  4.206  Up  0.340/ 0.350  Down  0.650/ 0.660  [盘口=WS 簿龄=1.1s/10s WS事件=198(簿136/增量0) 距上次WS=0.8s] [TWAP#25 age=0s]
[23:55:36] t+   37s  TWAP=77115.557 range=  4.916  Up  0.380/ 0.390  Down  0.610/ 0.620  [盘口=WS 簿龄=0.2s/10s WS事件=224(簿154/增量0) 距上次WS=0.2s] [TWAP#26 age=1s]
[23:55:38] t+   39s  TWAP=77115.076 range=  5.397  Up  0.370/ 0.390  Down  0.610/ 0.630  [盘口=WS 簿龄=0.3s/10s WS事件=254(簿174/增量0) 距上次WS=0.2s] [TWAP#28 age=1s]
[23:55:40] t+   41s  TWAP=77114.641 range=  5.832  Up  0.390/ 0.400  Down  0.600/ 0.610  [盘口=WS 簿龄=0.0s/10s WS事件=301(簿206/增量0) 距上次WS=0.0s] [TWAP#30 age=0s]
[23:55:42] t+   43s  TWAP=77114.219 range=  6.254  Up  0.440/ 0.500  Down  0.500/ 0.560  [盘口=WS 簿龄=0.0s/10s WS事件=358(簿246/增量0) 距上次WS=0.0s] [TWAP#31 age=0s]
[23:55:44] t+   45s  TWAP=77114.005 range=  6.468  Up  0.540/ 0.550  Down  0.450/ 0.460  [盘口=WS 簿龄=0.0s/10s WS事件=452(簿310/增量0) 距上次WS=0.0s] [TWAP#32 age=1s]
[23:55:46] t+   47s  TWAP=77113.495 range=  6.978  Up  0.530/ 0.560  Down  0.440/ 0.470  [盘口=WS 簿龄=0.3s/10s WS事件=480(簿328/增量0) 距上次WS=0.3s] [TWAP#34 age=1s]
[23:55:48] t+   49s  TWAP=77113.333 range=  7.140  Up  0.530/ 0.540  Down  0.460/ 0.470  [盘口=WS 簿龄=0.2s/10s WS事件=507(簿346/增量0) 距上次WS=0.2s] [TWAP#36 age=1s]
[23:55:50] t+   51s  TWAP=77113.590 range=  7.140  Up  0.500/ 0.510  Down  0.490/ 0.500  [盘口=WS 簿龄=0.4s/10s WS事件=542(簿370/增量0) 距上次WS=0.4s] [TWAP#38 age=1s]
[23:55:52] t+   53s  TWAP=77113.560 range=  7.140  Up  0.500/ 0.510  Down  0.490/ 0.500  [盘口=WS 簿龄=1.0s/10s WS事件=557(簿380/增量0) 距上次WS=0.9s] [TWAP#40 age=0s]
[23:55:54] t+   55s  TWAP=77113.551 range=  7.140  Up  0.480/ 0.500  Down  0.500/ 0.520  [盘口=WS 簿龄=0.2s/10s WS事件=570(簿390/增量0) 距上次WS=0.2s] [TWAP#42 age=0s]
[23:55:56] t+   57s  TWAP=77113.511 range=  7.140  Up  0.450/ 0.460  Down  0.540/ 0.550  [盘口=WS 簿龄=0.5s/10s WS事件=603(簿412/增量0) 距上次WS=0.5s] [TWAP#44 age=0s]
[23:55:58] t+   59s  TWAP=77113.621 range=  7.140  Up  0.430/ 0.440  Down  0.560/ 0.570  [盘口=WS 簿龄=0.1s/10s WS事件=621(簿424/增量0) 距上次WS=0.1s] [TWAP#46 age=0s]
[23:56:01] t+   61s  TWAP=77113.818 range=  7.140  Up  0.440/ 0.450  Down  0.550/ 0.560  [盘口=WS 簿龄=0.3s/10s WS事件=641(簿438/增量0) 距上次WS=0.2s] [TWAP#48 age=0s]
[23:56:03] t+   63s  TWAP=77113.929 range=  7.140  Up  0.440/ 0.450  Down  0.550/ 0.560  [盘口=WS 簿龄=0.8s/10s WS事件=650(簿444/增量0) 距上次WS=0.7s] [TWAP#49 age=1s]
[23:56:05] t+   65s  TWAP=77113.960 range=  7.140  Up  0.440/ 0.450  Down  0.550/ 0.560  [盘口=WS 簿龄=2.8s/10s WS事件=650(簿444/增量0) 距上次WS=2.8s] [TWAP#51 age=1s]
[23:56:07] t+   67s  TWAP=77113.960 range=  7.140  Up  0.480/ 0.490  Down  0.510/ 0.520  [盘口=WS 簿龄=0.1s/10s WS事件=688(簿473/增量0) 距上次WS=0.1s] [TWAP#54 age=0s]
[23:56:09] t+   69s  TWAP=77113.923 range=  7.140  Up  0.480/ 0.490  Down  0.510/ 0.520  [盘口=WS 簿龄=0.7s/10s WS事件=703(簿482/增量0) 距上次WS=0.1s] [TWAP#56 age=0s]
[23:56:11] t+   71s  TWAP=77113.880 range=  7.140  Up  0.540/ 0.550  Down  0.450/ 0.460  [盘口=WS 簿龄=0.0s/10s WS事件=721(簿495/增量0) 距上次WS=0.0s] [TWAP#58 age=0s]
[23:56:13] t+   73s  TWAP=77113.829 range=  7.140  Up  0.640/ 0.650  Down  0.350/ 0.360  [盘口=WS 簿龄=0.0s/10s WS事件=784(簿538/增量0) 距上次WS=0.0s] [TWAP#59 age=1s]
[23:56:15] t+   75s  TWAP=77114.105 range=  7.140  Up  0.600/ 0.610  Down  0.390/ 0.400  [盘口=WS 簿龄=0.1s/10s WS事件=832(簿572/增量0) 距上次WS=0.0s] [TWAP#62 age=0s]
[23:56:17] t+   77s  TWAP=77114.358 range=  7.140  Up  0.570/ 0.580  Down  0.420/ 0.430  [盘口=WS 簿龄=0.4s/10s WS事件=891(簿612/增量0) 距上次WS=0.4s] [TWAP#64 age=0s]
[23:56:19] t+   79s  TWAP=77114.811 range=  7.140  Up  0.560/ 0.570  Down  0.430/ 0.440  [盘口=WS 簿龄=0.2s/10s WS事件=905(簿622/增量0) 距上次WS=0.2s] [TWAP#65 age=1s]
[23:56:21] t+   81s  TWAP=77115.263 range=  7.140  Up  0.570/ 0.580  Down  0.420/ 0.430  [盘口=WS 簿龄=0.5s/10s WS事件=932(簿640/增量0) 距上次WS=0.5s] [TWAP#68 age=0s]
[23:56:23] t+   83s  TWAP=77115.488 range=  7.140  Up  0.580/ 0.590  Down  0.410/ 0.420  [盘口=WS 簿龄=0.1s/10s WS事件=944(簿648/增量0) 距上次WS=0.0s] [TWAP#69 age=2s]
[23:56:27] t+   85s  TWAP=77117.456 range=  7.140  Up  0.590/ 0.600  Down  0.400/ 0.410  [盘口=REST 簿龄=无/10s WS事件=953(簿654/增量0) 距上次WS=3.9s] [TWAP#75 age=0s]
[23:56:29] t+   90s  TWAP=77117.963 range=  7.140  Up  0.560/ 0.570  Down  0.430/ 0.440  [盘口=WS 簿龄=0.3s/10s WS事件=975(簿670/增量0) 距上次WS=0.3s] [TWAP#76 age=1s]
[23:56:31] t+   92s  TWAP=77119.057 range=  7.140  Up  0.600/ 0.610  Down  0.390/ 0.400  [盘口=WS 簿龄=0.5s/10s WS事件=995(簿684/增量0) 距上次WS=0.5s] [TWAP#78 age=1s]
[23:56:33] t+   94s  TWAP=77120.155 range=  7.140  Up  0.590/ 0.600  Down  0.400/ 0.410  [盘口=WS 簿龄=0.1s/10s WS事件=1027(簿706/增量0) 距上次WS=0.1s] [TWAP#80 age=0s]
[23:56:35] t+   96s  TWAP=77121.472 range=  8.140  Up  0.590/ 0.600  Down  0.400/ 0.410  [盘口=WS 簿龄=0.2s/10s WS事件=1040(簿714/增量0) 距上次WS=0.2s] [TWAP#82 age=1s]
[23:56:37] t+   98s  TWAP=77122.834 range=  9.501  Up  0.590/ 0.600  Down  0.400/ 0.410  [盘口=WS 簿龄=2.2s/10s WS事件=1040(簿714/增量0) 距上次WS=2.2s] [TWAP#84 age=1s]
[23:56:39] t+  100s  TWAP=77123.965 range= 10.632  Up  0.590/ 0.600  Down  0.400/ 0.410  [盘口=WS 簿龄=4.2s/10s WS事件=1040(簿714/增量0) 距上次WS=4.2s] [TWAP#86 age=1s]
[23:56:41] t+  102s  TWAP=77124.523 range= 11.190  Up  0.530/ 0.540  Down  0.460/ 0.470  [盘口=WS 簿龄=0.1s/10s WS事件=1048(簿720/增量0) 距上次WS=0.1s] [TWAP#87 age=1s]
[23:56:43] t+  104s  TWAP=77125.704 range= 12.372  Up  0.500/ 0.510  Down  0.490/ 0.500  [盘口=WS 簿龄=0.5s/10s WS事件=1068(簿734/增量0) 距上次WS=0.4s] [TWAP#89 age=1s]
[23:56:45] t+  106s  TWAP=77126.784 range= 13.451  Up  0.470/ 0.480  Down  0.520/ 0.530  [盘口=WS 簿龄=0.0s/10s WS事件=1092(簿750/增量0) 距上次WS=0.0s] [TWAP#91 age=0s]
[23:56:45] [入场检查] … Up ask= 0.480 ≥ 0.30，观察
[23:56:47] t+  108s  TWAP=77127.070 range= 13.737  Up  0.480/ 0.490  Down  0.510/ 0.520  [盘口=WS 簿龄=0.1s/10s WS事件=1116(簿766/增量0) 距上次WS=0.1s] [TWAP#93 age=1s]
[23:56:47] [入场检查] … Up ask= 0.490 ≥ 0.30，观察
[23:56:49] t+  110s  TWAP=77127.468 range= 14.135  Up  0.560/ 0.580  Down  0.420/ 0.440  [盘口=WS 簿龄=0.0s/10s WS事件=1157(簿794/增量0) 距上次WS=0.0s] [TWAP#95 age=0s]
[23:56:49] [入场检查] … Down ask= 0.440 ≥ 0.30，观察
[23:56:51] t+  112s  TWAP=77127.560 range= 14.227  Up  0.590/ 0.600  Down  0.400/ 0.410  [盘口=WS 簿龄=0.1s/10s WS事件=1220(簿836/增量0) 距上次WS=0.1s] [TWAP#97 age=1s]
[23:56:51] [入场检查] … Down ask= 0.410 ≥ 0.30，观察
[23:56:53] t+  114s  TWAP=77127.797 range= 14.465  Up  0.560/ 0.580  Down  0.420/ 0.440  [盘口=WS 簿龄=0.6s/10s WS事件=1301(簿890/增量0) 距上次WS=0.5s] [TWAP#99 age=1s]
[23:56:53] [入场检查] … Down ask= 0.440 ≥ 0.30，观察
[23:56:55] t+  116s  TWAP=77128.043 range= 14.711  Up  0.790/ 0.850  Down  0.150/ 0.210  [盘口=WS 簿龄=0.0s/10s WS事件=1384(簿946/增量0) 距上次WS=0.0s] [TWAP#101 age=0s]
[23:56:55] [入场检查] ✅ Down ask= 0.210 波动$14.71 → 买 10 份 ≈ $2.10，止盈  0.420
[23:56:57] t+  118s  TWAP=77128.321 range= 14.988  Up  0.800/ 0.810  Down  0.190/ 0.200  [盘口=WS 簿龄=0.0s/10s WS事件=1495(簿1024/增量0) 距上次WS=0.0s] [TWAP#103 age=1s]  [持仓 Down @0.21 浮动 -0.020]
[23:56:59] t+  120s  TWAP=77128.571 range= 15.238  Up  0.760/ 0.770  Down  0.230/ 0.240  [盘口=WS 簿龄=0.1s/10s WS事件=1596(簿1092/增量0) 距上次WS=0.1s] [TWAP#105 age=0s]  [持仓 Down @0.21 浮动 +0.020]
[23:57:01] t+  122s  TWAP=77130.010 range= 16.678  Up  0.800/ 0.810  Down  0.190/ 0.200  [盘口=WS 簿龄=0.2s/10s WS事件=1624(簿1112/增量0) 距上次WS=0.2s] [TWAP#107 age=1s]  [持仓 Down @0.21 浮动 -0.020]
[23:57:03] t+  124s  TWAP=77132.470 range= 19.137  Up  0.840/ 0.850  Down  0.150/ 0.160  [盘口=WS 簿龄=0.3s/10s WS事件=1661(簿1136/增量0) 距上次WS=0.3s] [TWAP#110 age=0s]  [持仓 Down @0.21 浮动 -0.060]
[23:57:05] t+  126s  TWAP=77134.112 range= 20.779  Up  0.840/ 0.850  Down  0.150/ 0.160  [盘口=WS 簿龄=0.2s/10s WS事件=1709(簿1168/增量0) 距上次WS=0.2s] [TWAP#111 age=1s]  [持仓 Down @0.21 浮动 -0.060]
[23:57:07] t+  128s  TWAP=77135.065 range= 21.733  Up  0.850/ 0.860  Down  0.140/ 0.150  [盘口=WS 簿龄=0.2s/10s WS事件=1736(簿1186/增量0) 距上次WS=0.2s] [TWAP#113 age=1s]  [持仓 Down @0.21 浮动 -0.070]
[23:57:09] t+  130s  TWAP=77137.937 range= 24.604  Up  0.850/ 0.860  Down  0.140/ 0.150  [盘口=WS 簿龄=0.2s/10s WS事件=1754(簿1198/增量0) 距上次WS=0.2s] [TWAP#116 age=0s]  [持仓 Down @0.21 浮动 -0.070]
[23:57:11] t+  132s  TWAP=77139.782 range= 26.449  Up  0.840/ 0.860  Down  0.140/ 0.160  [盘口=WS 簿龄=0.1s/10s WS事件=1773(簿1210/增量0) 距上次WS=0.1s] [TWAP#118 age=0s]  [持仓 Down @0.21 浮动 -0.070]
[23:57:13] t+  134s  TWAP=77141.710 range= 28.378  Up  0.850/ 0.860  Down  0.140/ 0.150  [盘口=WS 簿龄=0.0s/10s WS事件=1813(簿1238/增量0) 距上次WS=0.0s] [TWAP#120 age=0s]  [持仓 Down @0.21 浮动 -0.070]
[23:57:15] t+  136s  TWAP=77143.216 range= 29.883  Up  0.850/ 0.860  Down  0.140/ 0.150  [盘口=WS 簿龄=0.3s/10s WS事件=1835(簿1252/增量0) 距上次WS=0.2s] [TWAP#122 age=0s]  [持仓 Down @0.21 浮动 -0.070]
[23:57:17] t+  138s  TWAP=77144.681 range= 31.348  Up  0.840/ 0.850  Down  0.150/ 0.160  [盘口=WS 簿龄=0.0s/10s WS事件=1870(簿1276/增量0) 距上次WS=0.0s] [TWAP#123 age=0s]  [持仓 Down @0.21 浮动 -0.060]
[23:57:19] t+  140s  TWAP=77145.417 range= 32.084  Up  0.820/ 0.850  Down  0.150/ 0.180  [盘口=WS 簿龄=0.1s/10s WS事件=1903(簿1298/增量0) 距上次WS=0.0s] [TWAP#125 age=1s]  [持仓 Down @0.21 浮动 -0.060]
[23:57:21] t+  142s  TWAP=77146.955 range= 33.622  Up  0.800/ 0.810  Down  0.190/ 0.200  [盘口=WS 簿龄=0.0s/10s WS事件=1992(簿1358/增量0) 距上次WS=0.0s] [TWAP#127 age=1s]  [持仓 Down @0.21 浮动 -0.020]
[23:57:23] t+  144s  TWAP=77148.457 range= 35.125  Up  0.840/ 0.850  Down  0.150/ 0.160  [盘口=WS 簿龄=0.3s/10s WS事件=2020(簿1376/增量0) 距上次WS=0.3s] [TWAP#129 age=1s]  [持仓 Down @0.21 浮动 -0.060]
[23:57:26] t+  146s  TWAP=77150.938 range= 37.606  Up  0.840/ 0.850  Down  0.150/ 0.160  [盘口=REST 簿龄=无/10s WS事件=2035(簿1386/增量0) 距上次WS=2.5s] [TWAP#133 age=0s]  [持仓 Down @0.21 浮动 -0.060]
[23:57:29] t+  149s  TWAP=77152.814 range= 39.481  Up  0.840/ 0.850  Down  0.160/ 0.170  [盘口=REST 簿龄=0.2s/10s WS事件=2051(簿1398/增量0) 距上次WS=0.1s] [TWAP#136 age=0s]  [持仓 Down @0.21 浮动 -0.050]
[23:57:31] t+  152s  TWAP=77153.411 range= 40.079  Up  0.810/ 0.820  Down  0.180/ 0.190  [盘口=WS 簿龄=0.5s/10s WS事件=2093(簿1426/增量0) 距上次WS=0.4s] [TWAP#137 age=1s]  [持仓 Down @0.21 浮动 -0.030]
[23:57:33] t+  154s  TWAP=77154.654 range= 41.321  Up  0.830/ 0.840  Down  0.160/ 0.170  [盘口=WS 簿龄=0.1s/10s WS事件=2098(簿1430/增量0) 距上次WS=0.1s] [TWAP#139 age=1s]  [持仓 Down @0.21 浮动 -0.050]
[23:57:35] t+  156s  TWAP=77155.920 range= 42.588  Up  0.840/ 0.850  Down  0.150/ 0.160  [盘口=WS 簿龄=0.9s/10s WS事件=2117(簿1442/增量0) 距上次WS=0.8s] [TWAP#141 age=1s]  [持仓 Down @0.21 浮动 -0.060]
[23:57:37] t+  158s  TWAP=77157.662 range= 44.329  Up  0.850/ 0.860  Down  0.140/ 0.150  [盘口=WS 簿龄=0.0s/10s WS事件=2140(簿1458/增量0) 距上次WS=0.0s] [TWAP#144 age=0s]  [持仓 Down @0.21 浮动 -0.070]
[23:57:39] t+  160s  TWAP=77158.240 range= 44.907  Up  0.850/ 0.860  Down  0.140/ 0.150  [盘口=WS 簿龄=0.1s/10s WS事件=2155(簿1468/增量0) 距上次WS=0.1s] [TWAP#145 age=1s]  [持仓 Down @0.21 浮动 -0.070]
[23:57:41] t+  162s  TWAP=77160.229 range= 46.896  Up  0.860/ 0.870  Down  0.130/ 0.140  [盘口=WS 簿龄=0.1s/10s WS事件=2173(簿1480/增量0) 距上次WS=0.1s] [TWAP#148 age=0s]  [持仓 Down @0.21 浮动 -0.080]
[23:57:43] t+  164s  TWAP=77161.726 range= 48.393  Up  0.850/ 0.860  Down  0.140/ 0.150  [盘口=WS 簿龄=0.3s/10s WS事件=2194(簿1494/增量0) 距上次WS=0.2s] [TWAP#150 age=0s]  [持仓 Down @0.21 浮动 -0.070]
[23:57:45] t+  166s  TWAP=77163.241 range= 49.909  Up  0.870/ 0.880  Down  0.120/ 0.130  [盘口=WS 簿龄=0.0s/10s WS事件=2228(簿1518/增量0) 距上次WS=0.0s] [TWAP#152 age=0s]  [持仓 Down @0.21 浮动 -0.090]
[23:57:47] t+  168s  TWAP=77163.917 range= 50.584  Up  0.890/ 0.900  Down  0.100/ 0.110  [盘口=WS 簿龄=0.3s/10s WS事件=2268(簿1544/增量0) 距上次WS=0.2s] [TWAP#153 age=2s]  [持仓 Down @0.21 浮动 -0.110]
[23:57:49] t+  170s  TWAP=77165.232 range= 51.900  Up  0.910/ 0.920  Down  0.080/ 0.090  [盘口=WS 簿龄=0.1s/10s WS事件=2294(簿1564/增量0) 距上次WS=0.1s] [TWAP#155 age=1s]  [持仓 Down @0.21 浮动 -0.130]
[23:57:51] t+  172s  TWAP=77167.251 range= 53.919  Up  0.930/ 0.940  Down  0.060/ 0.070  [盘口=WS 簿龄=0.0s/10s WS事件=2349(簿1600/增量0) 距上次WS=0.0s] [TWAP#158 age=0s]  [持仓 Down @0.21 浮动 -0.150]
[23:57:53] t+  174s  TWAP=77168.885 range= 55.552  Up  0.890/ 0.900  Down  0.100/ 0.110  [盘口=WS 簿龄=0.1s/10s WS事件=2427(簿1656/增量0) 距上次WS=0.1s] [TWAP#160 age=0s]  [持仓 Down @0.21 浮动 -0.110]
[23:57:55] t+  176s  TWAP=77170.681 range= 57.349  Up  0.910/ 0.930  Down  0.070/ 0.090  [盘口=WS 簿龄=0.4s/10s WS事件=2445(簿1668/增量0) 距上次WS=0.4s] [TWAP#162 age=0s]  [持仓 Down @0.21 浮动 -0.140]
[23:57:57] t+  178s  TWAP=77172.385 range= 59.052  Up  0.920/ 0.930  Down  0.070/ 0.080  [盘口=WS 簿龄=1.1s/10s WS事件=2449(簿1670/增量0) 距上次WS=0.8s] [TWAP#163 age=0s]  [持仓 Down @0.21 浮动 -0.140]
[23:57:59] t+  180s  TWAP=77173.393 range= 60.060  Up  0.910/ 0.930  Down  0.070/ 0.090  [盘口=WS 簿龄=1.0s/10s WS事件=2452(簿1672/增量0) 距上次WS=1.0s] [TWAP#164 age=1s]  [持仓 Down @0.21 浮动 -0.140]
[23:58:01] t+  182s  TWAP=77173.752 range= 60.420  Up  0.910/ 0.920  Down  0.080/ 0.090  [盘口=WS 簿龄=0.0s/10s WS事件=2496(簿1702/增量0) 距上次WS=0.0s] [TWAP#167 age=0s]  [持仓 Down @0.21 浮动 -0.130]
[23:58:03] t+  184s  TWAP=77174.071 range= 60.738  Up  0.920/ 0.930  Down  0.070/ 0.080  [盘口=WS 簿龄=0.6s/10s WS事件=2547(簿1737/增量0) 距上次WS=0.2s] [TWAP#169 age=0s]  [持仓 Down @0.21 浮动 -0.140]
[23:58:05] t+  186s  TWAP=77174.461 range= 61.129  Up  0.940/ 0.950  Down  0.050/ 0.060  [盘口=WS 簿龄=0.0s/10s WS事件=2655(簿1810/增量0) 距上次WS=0.0s] [TWAP#170 age=0s]  [持仓 Down @0.21 浮动 -0.160]
[23:58:08] t+  188s  TWAP=77174.794 range= 61.461  Up  0.940/ 0.950  Down  0.050/ 0.060  [盘口=REST 簿龄=无/10s WS事件=2657(簿1812/增量0) 距上次WS=2.9s] [TWAP#172 age=1s]  [持仓 Down @0.21 浮动 -0.160]
[23:58:11] t+  191s  TWAP=77175.496 range= 62.164  Up  0.950/ 0.960  Down  0.040/ 0.050  [盘口=REST 簿龄=无/10s WS事件=2657(簿1812/增量0) 距上次WS=6.0s] [TWAP#175 age=1s]  [持仓 Down @0.21 浮动 -0.170]
[23:58:14] t+  194s  TWAP=77176.011 range= 62.679  Up  0.950/ 0.960  Down  0.040/ 0.050  [盘口=REST 簿龄=0.0s/10s WS事件=2683(簿1830/增量0) 距上次WS=0.0s] [TWAP#178 age=0s]  [持仓 Down @0.21 浮动 -0.170]
[23:58:16] t+  197s  TWAP=77176.453 range= 63.120  Up  0.960/ 0.970  Down  0.030/ 0.040  [盘口=WS 簿龄=0.1s/10s WS事件=2700(簿1842/增量0) 距上次WS=0.1s] [TWAP#181 age=0s]  [持仓 Down @0.21 浮动 -0.180]
[23:58:18] t+  199s  TWAP=77176.729 range= 63.397  Up  0.970/ 0.980  Down  0.020/ 0.030  [盘口=WS 簿龄=0.3s/10s WS事件=2724(簿1858/增量0) 距上次WS=0.3s] [TWAP#182 age=0s]  [持仓 Down @0.21 浮动 -0.190]
[23:58:20] t+  201s  TWAP=77176.976 range= 63.644  Up  0.970/ 0.980  Down  0.020/ 0.030  [盘口=WS 簿龄=0.1s/10s WS事件=2750(簿1876/增量0) 距上次WS=0.1s] [TWAP#184 age=0s]  [持仓 Down @0.21 浮动 -0.190]
[23:58:22] t+  203s  TWAP=77177.288 range= 63.955  Up  0.970/ 0.980  Down  0.020/ 0.030  [盘口=WS 簿龄=0.2s/10s WS事件=2795(簿1906/增量0) 距上次WS=0.2s] [TWAP#185 age=1s]  [持仓 Down @0.21 浮动 -0.190]
[23:58:24] t+  205s  TWAP=77177.492 range= 64.160  Up  0.980/ 0.990  Down  0.010/ 0.020  [盘口=WS 簿龄=0.3s/10s WS事件=2828(簿1928/增量0) 距上次WS=0.3s] [TWAP#186 age=1s]  [持仓 Down @0.21 浮动 -0.200]
[23:58:26] t+  207s  TWAP=77178.237 range= 64.905  Up  0.980/ 0.990  Down  0.010/ 0.020  [盘口=WS 簿龄=0.3s/10s WS事件=2849(簿1942/增量0) 距上次WS=0.3s] [TWAP#188 age=1s]  [持仓 Down @0.21 浮动 -0.200]
[23:58:28] t+  209s  TWAP=77178.928 range= 65.595  Up  0.980/ 0.990  Down  0.010/ 0.020  [盘口=WS 簿龄=0.9s/10s WS事件=2861(簿1950/增量0) 距上次WS=0.9s] [TWAP#190 age=0s]  [持仓 Down @0.21 浮动 -0.200]
[23:58:30] t+  211s  TWAP=77179.884 range= 66.552  Up  0.980/ 0.990  Down  0.010/ 0.020  [盘口=WS 簿龄=0.1s/10s WS事件=2897(簿1974/增量0) 距上次WS=0.1s] [TWAP#193 age=0s]  [持仓 Down @0.21 浮动 -0.200]
[23:58:32] t+  213s  TWAP=77180.524 range= 67.191  Up  0.980/ 0.990  Down  0.010/ 0.020  [盘口=WS 簿龄=0.9s/10s WS事件=2921(簿1990/增量0) 距上次WS=0.8s] [TWAP#195 age=0s]  [持仓 Down @0.21 浮动 -0.200]
[23:58:34] t+  215s  TWAP=77180.837 range= 67.504  Up  0.990/   n/a  Down    n/a/ 0.010  [盘口=WS 簿龄=0.8s/10s WS事件=2953(簿2012/增量0) 距上次WS=0.8s] [TWAP#196 age=1s]  [持仓 Down @0.21 浮动 +0.000]
[23:58:36] t+  217s  TWAP=77181.502 range= 68.169  Up  0.990/   n/a  Down    n/a/ 0.010  [盘口=WS 簿龄=0.1s/10s WS事件=2968(簿2022/增量0) 距上次WS=0.1s] [TWAP#198 age=1s]  [持仓 Down @0.21 浮动 +0.000]
[23:58:38] t+  219s  TWAP=77182.663 range= 69.330  Up  0.990/   n/a  Down    n/a/ 0.010  [盘口=WS 簿龄=0.5s/10s WS事件=2974(簿2026/增量0) 距上次WS=0.4s] [TWAP#199 age=1s]  [持仓 Down @0.21 浮动 +0.000]
[23:58:40] t+  221s  TWAP=77183.114 range= 69.781  Up  0.990/   n/a  Down    n/a/ 0.010  [盘口=WS 簿龄=0.5s/10s WS事件=2983(簿2032/增量0) 距上次WS=0.5s] [TWAP#201 age=1s]  [持仓 Down @0.21 浮动 +0.000]
[23:58:42] t+  223s  TWAP=77184.082 range= 70.749  Up  0.990/   n/a  Down    n/a/ 0.010  [盘口=WS 簿龄=0.3s/10s WS事件=2989(簿2036/增量0) 距上次WS=0.3s] [TWAP#203 age=1s]  [持仓 Down @0.21 浮动 +0.000]
[23:58:44] t+  225s  TWAP=77185.298 range= 71.965  Up  0.990/   n/a  Down    n/a/ 0.010  [盘口=WS 簿龄=0.2s/10s WS事件=2995(簿2040/增量0) 距上次WS=0.2s] [TWAP#205 age=0s]  [持仓 Down @0.21 浮动 +0.000]
[23:58:46] t+  227s  TWAP=77187.437 range= 74.105  Up  0.990/   n/a  Down    n/a/ 0.010  [盘口=WS 簿龄=2.2s/10s WS事件=2995(簿2040/增量0) 距上次WS=2.2s] [TWAP#208 age=1s]  [持仓 Down @0.21 浮动 +0.000]
[23:58:48] t+  229s  TWAP=77188.849 range= 75.517  Up  0.990/   n/a  Down    n/a/ 0.010  [盘口=WS 簿龄=4.2s/10s WS事件=2995(簿2040/增量0) 距上次WS=4.2s] [TWAP#210 age=0s]  [持仓 Down @0.21 浮动 +0.000]
[23:58:50] t+  231s  TWAP=77189.410 range= 76.077  Up  0.990/   n/a  Down    n/a/ 0.010  [盘口=WS 簿龄=6.2s/10s WS事件=2995(簿2040/增量0) 距上次WS=6.2s] [TWAP#211 age=1s]  [持仓 Down @0.21 浮动 +0.000]
[23:58:52] t+  233s  TWAP=77190.663 range= 77.331  Up  0.990/   n/a  Down    n/a/ 0.010  [盘口=WS 簿龄=1.4s/10s WS事件=2998(簿2042/增量0) 距上次WS=1.4s] [TWAP#214 age=0s]  [持仓 Down @0.21 浮动 +0.000]
[23:58:54] t+  235s  TWAP=77191.109 range= 77.777  Up  0.990/   n/a  Down    n/a/ 0.010  [盘口=WS 簿龄=3.4s/10s WS事件=2998(簿2042/增量0) 距上次WS=3.4s] [TWAP#216 age=0s]  [持仓 Down @0.21 浮动 +0.000]
[23:58:56] t+  237s  TWAP=77191.437 range= 78.104  Up  0.990/   n/a  Down    n/a/ 0.010  [盘口=WS 簿龄=1.8s/10s WS事件=3001(簿2044/增量0) 距上次WS=1.7s] [TWAP#218 age=0s]  [持仓 Down @0.21 浮动 +0.000]
[23:58:58] t+  239s  TWAP=77191.946 range= 78.614  Up  0.990/   n/a  Down    n/a/ 0.010  [盘口=WS 簿龄=3.8s/10s WS事件=3001(簿2044/增量0) 距上次WS=3.7s] [TWAP#220 age=0s]  [持仓 Down @0.21 浮动 +0.000]
[23:59:00] t+  241s  TWAP=77192.479 range= 79.146  Up  0.990/   n/a  Down    n/a/ 0.010  [盘口=WS 簿龄=1.7s/10s WS事件=3004(簿2046/增量0) 距上次WS=1.7s] [TWAP#222 age=0s]  [持仓 Down @0.21 浮动 +0.000]
[23:59:02] t+  243s  TWAP=77193.048 range= 79.716  Up  0.990/   n/a  Down    n/a/ 0.010  [盘口=WS 簿龄=0.7s/10s WS事件=3007(簿2048/增量0) 距上次WS=0.7s] [TWAP#224 age=0s]  [持仓 Down @0.21 浮动 +0.000]
[23:59:04] t+  245s  TWAP=77193.702 range= 80.369  Up  0.990/   n/a  Down    n/a/ 0.010  [盘口=WS 簿龄=2.7s/10s WS事件=3007(簿2048/增量0) 距上次WS=2.7s] [TWAP#226 age=0s]  [持仓 Down @0.21 浮动 +0.000]
[23:59:06] t+  247s  TWAP=77194.382 range= 81.050  Up  0.990/   n/a  Down    n/a/ 0.010  [盘口=WS 簿龄=4.7s/10s WS事件=3007(簿2048/增量0) 距上次WS=4.7s] [TWAP#228 age=0s]  [持仓 Down @0.21 浮动 +0.000]
[23:59:10] t+  249s  TWAP=77195.091 range= 81.758  Up  0.990/   n/a  Down    n/a/ 0.010  [盘口=REST 簿龄=无/10s WS事件=3010(簿2050/增量0) 距上次WS=3.1s] [TWAP#232 age=0s]  [持仓 Down @0.21 浮动 +0.000]
[23:59:12] t+  253s  TWAP=77195.405 range= 82.073  Up  0.990/   n/a  Down    n/a/ 0.010  [盘口=WS 簿龄=0.7s/10s WS事件=3015(簿2054/增量0) 距上次WS=0.7s] [TWAP#234 age=0s]  [持仓 Down @0.21 浮动 +0.000]
[23:59:14] t+  255s  TWAP=77195.530 range= 82.198  Up  0.990/   n/a  Down    n/a/ 0.010  [盘口=WS 簿龄=0.3s/10s WS事件=3018(簿2056/增量0) 距上次WS=0.3s] [TWAP#235 age=1s]  [持仓 Down @0.21 浮动 +0.000]
[23:59:16] t+  257s  TWAP=77195.802 range= 82.470  Up  0.990/   n/a  Down    n/a/ 0.010  [盘口=WS 簿龄=2.3s/10s WS事件=3018(簿2056/增量0) 距上次WS=2.3s] [TWAP#238 age=0s]  [持仓 Down @0.21 浮动 +0.000]
[23:59:18] t+  259s  TWAP=77196.036 range= 82.703  Up  0.990/   n/a  Down    n/a/ 0.010  [盘口=WS 簿龄=4.3s/10s WS事件=3018(簿2056/增量0) 距上次WS=4.3s] [TWAP#240 age=0s]  [持仓 Down @0.21 浮动 +0.000]
[23:59:20] t+  261s  TWAP=77196.188 range= 82.855  Up  0.990/   n/a  Down    n/a/ 0.010  [盘口=WS 簿龄=6.3s/10s WS事件=3018(簿2056/增量0) 距上次WS=6.3s] [TWAP#241 age=1s]  [持仓 Down @0.21 浮动 +0.000]
[23:59:22] t+  263s  TWAP=77196.782 range= 83.450  Up  0.990/   n/a  Down    n/a/ 0.010  [盘口=WS 簿龄=8.4s/10s WS事件=3018(簿2056/增量0) 距上次WS=8.3s] [TWAP#243 age=1s]  [持仓 Down @0.21 浮动 +0.000]
[23:59:27] t+  265s  TWAP=77199.305 range= 85.972  Up  0.990/   n/a  Down    n/a/ 0.010  [盘口=REST 簿龄=12.6s/10s WS事件=3018(簿2056/增量0) 距上次WS=12.6s] [TWAP#248 age=0s]  [持仓 Down @0.21 浮动 +0.000]
[23:59:29] t+  269s  TWAP=77199.722 range= 86.389  Up  0.990/   n/a  Down    n/a/ 0.010  [盘口=WS 簿龄=0.5s/10s WS事件=3021(簿2058/增量0) 距上次WS=0.5s] [TWAP#250 age=0s]  [持仓 Down @0.21 浮动 +0.000]
[23:59:31] t+  271s  TWAP=77200.544 range= 87.211  Up  0.990/   n/a  Down    n/a/ 0.010  [盘口=WS 簿龄=2.5s/10s WS事件=3021(簿2058/增量0) 距上次WS=2.5s] [TWAP#252 age=1s]  [持仓 Down @0.21 浮动 +0.000]
[23:59:33] t+  273s  TWAP=77201.327 range= 87.994  Up  0.990/   n/a  Down    n/a/ 0.010  [盘口=WS 簿龄=4.5s/10s WS事件=3021(簿2058/增量0) 距上次WS=4.5s] [TWAP#254 age=1s]  [持仓 Down @0.21 浮动 +0.000]
[23:59:35] t+  275s  TWAP=77202.099 range= 88.766  Up  0.990/   n/a  Down    n/a/ 0.010  [盘口=WS 簿龄=6.5s/10s WS事件=3021(簿2058/增量0) 距上次WS=6.5s] [TWAP#256 age=0s]  [持仓 Down @0.21 浮动 +0.000]
[23:59:37] t+  277s  TWAP=77202.936 range= 89.604  Up  0.990/   n/a  Down    n/a/ 0.010  [盘口=WS 簿龄=8.5s/10s WS事件=3021(簿2058/增量0) 距上次WS=8.5s] [TWAP#258 age=0s]  [持仓 Down @0.21 浮动 +0.000]
[23:59:44] t+  279s  TWAP=77204.785 range= 91.452  Up  0.990/   n/a  Down    n/a/ 0.010  [盘口=REST 簿龄=15.7s/10s WS事件=3021(簿2058/增量0) 距上次WS=15.7s] [TWAP#265 age=0s]  [持仓 Down @0.21 浮动 +0.000]
[23:59:46] 到点未止盈（TWAP=77204.792 range= 91.507）。[DRY] 持有到结算：对赎 $1/份，错归 $0。
